Archive member included to satisfy reference by file (symbol)

c:/nxp/mcuxpressoide_10.2.0_759/ide/tools/bin/../lib/gcc/arm-none-eabi/7.2.1/../../../../arm-none-eabi/lib/thumb/v7e-m/fpv4-sp/hard\libcr_semihost_nf.a(_cr__main.o)
                              ./startup/startup_mk64f12.o (__main)
c:/nxp/mcuxpressoide_10.2.0_759/ide/tools/bin/../lib/gcc/arm-none-eabi/7.2.1/../../../../arm-none-eabi/lib/thumb/v7e-m/fpv4-sp/hard\libcr_semihost_nf.a(_cr_assert.o)
                              ./utilities/fsl_debug_console.o (__assertion_failed)
c:/nxp/mcuxpressoide_10.2.0_759/ide/tools/bin/../lib/gcc/arm-none-eabi/7.2.1/../../../../arm-none-eabi/lib/thumb/v7e-m/fpv4-sp/hard\libcr_semihost_nf.a(__ciob.o)
                              c:/nxp/mcuxpressoide_10.2.0_759/ide/tools/bin/../lib/gcc/arm-none-eabi/7.2.1/../../../../arm-none-eabi/lib/thumb/v7e-m/fpv4-sp/hard\libcr_semihost_nf.a(_cr_assert.o) (__Ciob)
c:/nxp/mcuxpressoide_10.2.0_759/ide/tools/bin/../lib/gcc/arm-none-eabi/7.2.1/../../../../arm-none-eabi/lib/thumb/v7e-m/fpv4-sp/hard\libcr_semihost_nf.a(__sys_appexit.o)
                              c:/nxp/mcuxpressoide_10.2.0_759/ide/tools/bin/../lib/gcc/arm-none-eabi/7.2.1/../../../../arm-none-eabi/lib/thumb/v7e-m/fpv4-sp/hard\libcr_semihost_nf.a(_cr_assert.o) (__sys_appexit)
c:/nxp/mcuxpressoide_10.2.0_759/ide/tools/bin/../lib/gcc/arm-none-eabi/7.2.1/../../../../arm-none-eabi/lib/thumb/v7e-m/fpv4-sp/hard\libcr_c.a(memcpy.o)
                              ./lwip/src/netif/ethernet.o (memcpy)
c:/nxp/mcuxpressoide_10.2.0_759/ide/tools/bin/../lib/gcc/arm-none-eabi/7.2.1/../../../../arm-none-eabi/lib/thumb/v7e-m/fpv4-sp/hard\libcr_c.a(memset.o)
                              ./lwip/src/core/ipv4/dhcp.o (memset)
c:/nxp/mcuxpressoide_10.2.0_759/ide/tools/bin/../lib/gcc/arm-none-eabi/7.2.1/../../../../arm-none-eabi/lib/thumb/v7e-m/fpv4-sp/hard\libcr_c.a(_deferredlazyseek.o)
                              c:/nxp/mcuxpressoide_10.2.0_759/ide/tools/bin/../lib/gcc/arm-none-eabi/7.2.1/../../../../arm-none-eabi/lib/thumb/v7e-m/fpv4-sp/hard\libcr_semihost_nf.a(_cr_assert.o) (__flsbuf)
c:/nxp/mcuxpressoide_10.2.0_759/ide/tools/bin/../lib/gcc/arm-none-eabi/7.2.1/../../../../arm-none-eabi/lib/thumb/v7e-m/fpv4-sp/hard\libcr_c.a(_fflush.o)
                              c:/nxp/mcuxpressoide_10.2.0_759/ide/tools/bin/../lib/gcc/arm-none-eabi/7.2.1/../../../../arm-none-eabi/lib/thumb/v7e-m/fpv4-sp/hard\libcr_c.a(_deferredlazyseek.o) (_fflush)
c:/nxp/mcuxpressoide_10.2.0_759/ide/tools/bin/../lib/gcc/arm-none-eabi/7.2.1/../../../../arm-none-eabi/lib/thumb/v7e-m/fpv4-sp/hard\libcr_c.a(_writebuf.o)
                              c:/nxp/mcuxpressoide_10.2.0_759/ide/tools/bin/../lib/gcc/arm-none-eabi/7.2.1/../../../../arm-none-eabi/lib/thumb/v7e-m/fpv4-sp/hard\libcr_c.a(_deferredlazyseek.o) (_Cwritebuf)
c:/nxp/mcuxpressoide_10.2.0_759/ide/tools/bin/../lib/gcc/arm-none-eabi/7.2.1/../../../../arm-none-eabi/lib/thumb/v7e-m/fpv4-sp/hard\libcr_c.a(alloc.o)
                              ./drivers/fsl_common.o (malloc)
c:/nxp/mcuxpressoide_10.2.0_759/ide/tools/bin/../lib/gcc/arm-none-eabi/7.2.1/../../../../arm-none-eabi/lib/thumb/v7e-m/fpv4-sp/hard\libcr_c.a(fputs.o)
                              c:/nxp/mcuxpressoide_10.2.0_759/ide/tools/bin/../lib/gcc/arm-none-eabi/7.2.1/../../../../arm-none-eabi/lib/thumb/v7e-m/fpv4-sp/hard\libcr_semihost_nf.a(_cr_assert.o) (fputs)
c:/nxp/mcuxpressoide_10.2.0_759/ide/tools/bin/../lib/gcc/arm-none-eabi/7.2.1/../../../../arm-none-eabi/lib/thumb/v7e-m/fpv4-sp/hard\libcr_c.a(fseek.o)
                              c:/nxp/mcuxpressoide_10.2.0_759/ide/tools/bin/../lib/gcc/arm-none-eabi/7.2.1/../../../../arm-none-eabi/lib/thumb/v7e-m/fpv4-sp/hard\libcr_c.a(_deferredlazyseek.o) (fseek)
c:/nxp/mcuxpressoide_10.2.0_759/ide/tools/bin/../lib/gcc/arm-none-eabi/7.2.1/../../../../arm-none-eabi/lib/thumb/v7e-m/fpv4-sp/hard\libcr_c.a(ftell.o)
                              c:/nxp/mcuxpressoide_10.2.0_759/ide/tools/bin/../lib/gcc/arm-none-eabi/7.2.1/../../../../arm-none-eabi/lib/thumb/v7e-m/fpv4-sp/hard\libcr_c.a(fseek.o) (ftell)
c:/nxp/mcuxpressoide_10.2.0_759/ide/tools/bin/../lib/gcc/arm-none-eabi/7.2.1/../../../../arm-none-eabi/lib/thumb/v7e-m/fpv4-sp/hard\libcr_c.a(initio.o)
                              c:/nxp/mcuxpressoide_10.2.0_759/ide/tools/bin/../lib/gcc/arm-none-eabi/7.2.1/../../../../arm-none-eabi/lib/thumb/v7e-m/fpv4-sp/hard\libcr_semihost_nf.a(_cr__main.o) (_initio)
c:/nxp/mcuxpressoide_10.2.0_759/ide/tools/bin/../lib/gcc/arm-none-eabi/7.2.1/../../../../arm-none-eabi/lib/thumb/v7e-m/fpv4-sp/hard\libcr_c.a(memcmp.o)
                              ./lwip/src/netif/ethernet.o (memcmp)
c:/nxp/mcuxpressoide_10.2.0_759/ide/tools/bin/../lib/gcc/arm-none-eabi/7.2.1/../../../../arm-none-eabi/lib/thumb/v7e-m/fpv4-sp/hard\libcr_c.a(printf.o)
                              ./amazon-freertos/FreeRTOS/tasks.o (_sprintf)
[...]
Memory Configuration

Name             Origin             Length             Attributes
PROGRAM_FLASH    0x00000000         0x00100000         xr
SRAM_UPPER       0x20000000         0x00030000         xrw
SRAM_LOWER       0x1fff0000         0x00010000         xrw
FLEX_RAM         0x14000000         0x00001000         xrw
*default*        0x00000000         0xffffffff

Linker script and memory map

LOAD ./utilities/fsl_assert.o
LOAD ./utilities/fsl_debug_console.o
LOAD ./utilities/fsl_io.o
LOAD ./utilities/fsl_log.o
LOAD ./utilities/fsl_str.o
LOAD ./startup/startup_mk64f12.o
LOAD ./source/SOUND_PLAYER.o
LOAD ./source/lwip_udpecho_freertos.o
LOAD ./source/semihost_hardfault.o
LOAD ./lwip/src/netif/ppp/auth.o
LOAD ./lwip/src/netif/ppp/ccp.o
LOAD ./lwip/src/netif/ppp/chap-md5.o
LOAD ./lwip/src/netif/ppp/chap-new.o
LOAD ./lwip/src/netif/ppp/chap_ms.o
LOAD ./lwip/src/netif/ppp/demand.o
LOAD ./lwip/src/netif/ppp/eap.o
LOAD ./lwip/src/netif/ppp/eui64.o
LOAD ./lwip/src/netif/ppp/fsm.o
LOAD ./lwip/src/netif/ppp/ipcp.o
LOAD ./lwip/src/netif/ppp/ipv6cp.o
LOAD ./lwip/src/netif/ppp/lcp.o
LOAD ./lwip/src/netif/ppp/lwip_ecp.o
LOAD ./lwip/src/netif/ppp/magic.o
LOAD ./lwip/src/netif/ppp/mppe.o
LOAD ./lwip/src/netif/ppp/multilink.o
LOAD ./lwip/src/netif/ppp/ppp.o
LOAD ./lwip/src/netif/ppp/pppapi.o
LOAD ./lwip/src/netif/ppp/pppcrypt.o
LOAD ./lwip/src/netif/ppp/pppoe.o
LOAD ./lwip/src/netif/ppp/pppol2tp.o
LOAD ./lwip/src/netif/ppp/pppos.o
LOAD ./lwip/src/netif/ppp/upap.o
LOAD ./lwip/src/netif/ppp/utils.o
LOAD ./lwip/src/netif/ppp/vj.o
LOAD ./lwip/src/netif/ethernet.o
LOAD ./lwip/src/netif/lowpan6.o
LOAD ./lwip/src/netif/slipif.o
LOAD ./lwip/src/core/ipv6/dhcp6.o
LOAD ./lwip/src/core/ipv6/ethip6.o
LOAD ./lwip/src/core/ipv6/icmp6.o
LOAD ./lwip/src/core/ipv6/inet6.o
LOAD ./lwip/src/core/ipv6/ip6.o
LOAD ./lwip/src/core/ipv6/ip6_addr.o
LOAD ./lwip/src/core/ipv6/ip6_frag.o
LOAD ./lwip/src/core/ipv6/mld6.o
LOAD ./lwip/src/core/ipv6/nd6.o
LOAD ./lwip/src/core/ipv4/autoip.o
LOAD ./lwip/src/core/ipv4/dhcp.o
LOAD ./lwip/src/core/ipv4/etharp.o
LOAD ./lwip/src/core/ipv4/icmp.o
LOAD ./lwip/src/core/ipv4/igmp.o
LOAD ./lwip/src/core/ipv4/ip4.o
LOAD ./lwip/src/core/ipv4/ip4_addr.o
LOAD ./lwip/src/core/ipv4/ip4_frag.o
LOAD ./lwip/src/core/def.o
LOAD ./lwip/src/core/dns.o
LOAD ./lwip/src/core/inet_chksum.o
LOAD ./lwip/src/core/init.o
LOAD ./lwip/src/core/ip.o
LOAD ./lwip/src/core/mem.o
LOAD ./lwip/src/core/memp.o
LOAD ./lwip/src/core/netif.o
LOAD ./lwip/src/core/pbuf.o
LOAD ./lwip/src/core/raw.o
LOAD ./lwip/src/core/stats.o
LOAD ./lwip/src/core/sys.o
LOAD ./lwip/src/core/tcp.o
LOAD ./lwip/src/core/tcp_in.o
LOAD ./lwip/src/core/tcp_out.o
LOAD ./lwip/src/core/timeouts.o
LOAD ./lwip/src/core/udp.o
LOAD ./lwip/src/api/api_lib.o
LOAD ./lwip/src/api/api_msg.o
LOAD ./lwip/src/api/err.o
LOAD ./lwip/src/api/netbuf.o
LOAD ./lwip/src/api/netdb.o
LOAD ./lwip/src/api/netifapi.o
LOAD ./lwip/src/api/sockets.o
LOAD ./lwip/src/api/tcpip.o
LOAD ./lwip/port/ethernetif.o
LOAD ./lwip/port/sys_arch.o
LOAD ./lwip/contrib/apps/udpecho/udpecho.o
LOAD ./drivers/fsl_clock.o
LOAD ./drivers/fsl_common.o
LOAD ./drivers/fsl_dac.o
LOAD ./drivers/fsl_enet.o
LOAD ./drivers/fsl_ftfx_cache.o
LOAD ./drivers/fsl_ftfx_controller.o
LOAD ./drivers/fsl_ftfx_flash.o
LOAD ./drivers/fsl_ftfx_flexnvm.o
LOAD ./drivers/fsl_gpio.o
LOAD ./drivers/fsl_pit.o
LOAD ./drivers/fsl_sim.o
LOAD ./drivers/fsl_smc.o
LOAD ./drivers/fsl_uart.o
LOAD ./board/src/board.o
LOAD ./board/src/clock_config.o
LOAD ./board/fsl_phy.o
LOAD ./board/peripherals.o
LOAD ./board/pin_mux.o
LOAD ./amazon-freertos/portable/fsl_tickless_systick.o
LOAD ./amazon-freertos/FreeRTOS/portable/heap_3.o
LOAD ./amazon-freertos/FreeRTOS/portable/port.o
LOAD ./amazon-freertos/FreeRTOS/event_groups.o
LOAD ./amazon-freertos/FreeRTOS/list.o
LOAD ./amazon-freertos/FreeRTOS/queue.o
LOAD ./amazon-freertos/FreeRTOS/stream_buffer.o
LOAD ./amazon-freertos/FreeRTOS/tasks.o
LOAD ./amazon-freertos/FreeRTOS/timers.o
LOAD ./CMSIS/system_MK64F12.o
START GROUP
LOAD c:/nxp/mcuxpressoide_10.2.0_759/ide/tools/bin/../lib/gcc/arm-none-eabi/7.2.1/../../../../arm-none-eabi/lib/thumb/v7e-m/fpv4-sp/hard\libcr_semihost_nf.a
LOAD c:/nxp/mcuxpressoide_10.2.0_759/ide/tools/bin/../lib/gcc/arm-none-eabi/7.2.1/../../../../arm-none-eabi/lib/thumb/v7e-m/fpv4-sp/hard\libcr_c.a
LOAD c:/nxp/mcuxpressoide_10.2.0_759/ide/tools/bin/../lib/gcc/arm-none-eabi/7.2.1/thumb/v7e-m/fpv4-sp/hard\libcr_eabihelpers.a
END GROUP
                0x00000000                __base_PROGRAM_FLASH = 0x0
                0x00000000                __base_Flash = 0x0
                0x00100000                __top_PROGRAM_FLASH = 0x100000
                0x00100000                __top_Flash = 0x100000
                0x20000000                __base_SRAM_UPPER = 0x20000000
                0x20000000                __base_RAM = 0x20000000
                0x20030000                __top_SRAM_UPPER = 0x20030000
                0x20030000                __top_RAM = 0x20030000
                0x1fff0000                __base_SRAM_LOWER = 0x1fff0000
                0x1fff0000                __base_RAM2 = 0x1fff0000
                0x20000000                __top_SRAM_LOWER = 0x20000000
                0x20000000                __top_RAM2 = 0x20000000
                0x14000000                __base_FLEX_RAM = 0x14000000
                0x14000000                __base_RAM3 = 0x14000000
                0x14001000                __top_FLEX_RAM = 0x14001000
                0x14001000                __top_RAM3 = 0x14001000

.text           0x00000000    0x17b28
 FILL mask 0xff
                0x00000000                __vectors_start__ = ABSOLUTE (.)
 *(SORT_BY_ALIGNMENT(.isr_vector))
 .isr_vector    0x00000000      0x198 ./startup/startup_mk64f12.o
                0x00000000                g_pfnVectors
                0x00000000                __Vectors
                0x00000198                . = ALIGN (0x4)
                0x00000198                __section_table_start = .
                0x00000198                __data_section_table = .
                0x00000198        0x4 LONG 0x17b28 LOADADDR (.data)
                0x0000019c        0x4 LONG 0x20000000 ADDR (.data)
                0x000001a0        0x4 LONG 0x20 SIZEOF (.data)
                0x000001a4        0x4 LONG 0x17b28 LOADADDR (.data_RAM2)
                0x000001a8        0x4 LONG 0x1fff0000 ADDR (.data_RAM2)
                0x000001ac        0x4 LONG 0x0 SIZEOF (.data_RAM2)
                0x000001b0        0x4 LONG 0x17b28 LOADADDR (.data_RAM3)
                0x000001b4        0x4 LONG 0x14000000 ADDR (.data_RAM3)
                0x000001b8        0x4 LONG 0x0 SIZEOF (.data_RAM3)
                0x000001bc                __data_section_table_end = .
                0x000001bc                __bss_section_table = .
                0x000001bc        0x4 LONG 0x20000020 ADDR (.bss)
                0x000001c0        0x4 LONG 0xdd68 SIZEOF (.bss)
                0x000001c4        0x4 LONG 0x1fff0000 ADDR (.bss_RAM2)
                0x000001c8        0x4 LONG 0x0 SIZEOF (.bss_RAM2)
                0x000001cc        0x4 LONG 0x14000000 ADDR (.bss_RAM3)
                0x000001d0        0x4 LONG 0x0 SIZEOF (.bss_RAM3)
                0x000001d4                __bss_section_table_end = .
                0x000001d4                __section_table_end = .
 *(SORT_BY_ALIGNMENT(.after_vectors*))
 .after_vectors.reset
                0x000001d4       0x4c ./startup/startup_mk64f12.o
                0x000001d4                ResetISR
 .after_vectors.init_data
                0x00000220       0x1e ./startup/startup_mk64f12.o
                0x00000220                data_init
 .after_vectors.init_bss
                0x0000023e       0x12 ./startup/startup_mk64f12.o
                0x0000023e                bss_init
 .after_vectors
                0x00000250       0x14 ./startup/startup_mk64f12.o
                0x00000250                NMI_Handler
                0x00000254                MemManage_Handler
                0x00000256                BusFault_Handler
                0x00000258                UsageFault_Handler
                0x0000025c                DebugMon_Handler
                0x00000262                LPTMR0_DriverIRQHandler
                0x00000262                DMA_Error_DriverIRQHandler
                0x00000262                SPI1_DriverIRQHandler
                0x00000262                FTM1_DriverIRQHandler
                0x00000262                FTM2_DriverIRQHandler
                0x00000262                PIT2_DriverIRQHandler
                0x00000262                SDHC_DriverIRQHandler
                0x00000262                I2S0_Tx_DriverIRQHandler
                0x00000262                RTC_Seconds_DriverIRQHandler
                0x00000262                DMA6_DriverIRQHandler
                0x00000262                LLWU_DriverIRQHandler
                0x00000262                MCM_DriverIRQHandler
                0x00000262                MCG_DriverIRQHandler
                0x00000262                ENET_1588_Timer_DriverIRQHandler
                0x00000262                I2C2_DriverIRQHandler
                0x00000262                DAC1_DriverIRQHandler
                0x00000262                DMA12_DriverIRQHandler
                0x00000262                CMP1_DriverIRQHandler
                0x00000262                FTM0_DriverIRQHandler
                0x00000262                IntDefaultHandler
                0x00000262                USB0_DriverIRQHandler
                0x00000262                UART5_ERR_DriverIRQHandler
                0x00000262                PORTC_DriverIRQHandler
                0x00000262                DMA11_DriverIRQHandler
                0x00000262                DAC0_DriverIRQHandler
                0x00000262                DMA10_DriverIRQHandler
                0x00000262                CMP2_DriverIRQHandler
                0x00000262                UART2_ERR_DriverIRQHandler
                0x00000262                SPI2_DriverIRQHandler
                0x00000262                LVD_LVW_DriverIRQHandler
                0x00000262                PIT0_DriverIRQHandler
                0x00000262                PORTB_DriverIRQHandler
                0x00000262                DMA5_DriverIRQHandler
                0x00000262                DMA4_DriverIRQHandler
                0x00000262                USBDCD_DriverIRQHandler
                0x00000262                UART3_ERR_DriverIRQHandler
                0x00000262                DMA3_DriverIRQHandler
                0x00000262                DMA8_DriverIRQHandler
                0x00000262                DMA9_DriverIRQHandler
                0x00000262                UART0_ERR_DriverIRQHandler
                0x00000262                CMT_DriverIRQHandler
                0x00000262                Reserved71_DriverIRQHandler
                0x00000262                ADC1_DriverIRQHandler
                0x00000262                PORTA_DriverIRQHandler
                0x00000262                DMA14_DriverIRQHandler
                0x00000262                PIT3_DriverIRQHandler
                0x00000262                PIT1_DriverIRQHandler
                0x00000262                WDOG_EWM_DriverIRQHandler
                0x00000262                PDB0_DriverIRQHandler
                0x00000262                RTC_DriverIRQHandler
                0x00000262                I2S0_Rx_DriverIRQHandler
                0x00000262                Read_Collision_DriverIRQHandler
                0x00000262                SWI_DriverIRQHandler
                0x00000262                UART4_ERR_DriverIRQHandler
                0x00000262                DMA0_DriverIRQHandler
                0x00000262                UART0_LON_DriverIRQHandler
                0x00000262                DMA1_DriverIRQHandler
                0x00000262                I2C1_DriverIRQHandler
                0x00000262                ENET_Receive_DriverIRQHandler
                0x00000262                DMA13_DriverIRQHandler
                0x00000262                ENET_Error_DriverIRQHandler
                0x00000262                DMA15_DriverIRQHandler
                0x00000262                SPI0_DriverIRQHandler
                0x00000262                ADC0_DriverIRQHandler
                0x00000262                CMP0_DriverIRQHandler
                0x00000262                CAN0_DriverIRQHandler
                0x00000262                FTM3_DriverIRQHandler
                0x00000262                RNG_DriverIRQHandler
                0x00000262                UART1_ERR_DriverIRQHandler
                0x00000262                DMA2_DriverIRQHandler
                0x00000262                ENET_Transmit_DriverIRQHandler
                0x00000262                PORTD_DriverIRQHandler
                0x00000262                PORTE_DriverIRQHandler
                0x00000262                FTFE_DriverIRQHandler
                0x00000262                I2C0_DriverIRQHandler
                0x00000262                DMA7_DriverIRQHandler
                0x00000400                . = 0x400
 *fill*         0x00000264      0x19c ff
                0x00000400                PROVIDE (__FLASH_CONFIG_START__, .)
 *(SORT_BY_ALIGNMENT(.FlashConfig))
 .FlashConfig   0x00000400       0x10 ./startup/startup_mk64f12.o
                0x00000400                Flash_Config
                0x00000410                PROVIDE (__FLASH_CONFIG_END__, .)
                0x00000001                ASSERT (! ((__FLASH_CONFIG_START__ == __FLASH_CONFIG_END__)), Linker Flash Config Support Enabled, but no .FlashConfig section provided within application)
 *(SORT_BY_ALIGNMENT(.text*))
 .text.SVC_Handler
                0x00000410       0x28 ./amazon-freertos/FreeRTOS/portable/port.o
                0x00000410                SVC_Handler
 *fill*         0x00000438        0x8 ff
 .text.PendSV_Handler
                0x00000440       0x68 ./amazon-freertos/FreeRTOS/portable/port.o
                0x00000440                PendSV_Handler
 .text.DbgConsole_Init
                0x000004a8       0x38 ./utilities/fsl_debug_console.o
                0x000004a8                DbgConsole_Init
 .text.IO_Init  0x000004e0       0x80 ./utilities/fsl_io.o
                0x000004e0                IO_Init
 .text.__NVIC_EnableIRQ
                0x00000560       0x3c ./source/SOUND_PLAYER.o
 .text.__NVIC_SetPriority
                0x0000059c       0x54 ./source/SOUND_PLAYER.o
 .text.PIT_GetDefaultConfig
                0x000005f0       0x28 ./source/SOUND_PLAYER.o
 .text.PITconfig
                0x00000618       0xc4 ./source/SOUND_PLAYER.o
                0x00000618                PITconfig
 .text.DAC_config
                0x000006dc       0x2c ./source/SOUND_PLAYER.o
                0x000006dc                DAC_config
 .text.audio_player
                0x00000708       0xe4 ./source/SOUND_PLAYER.o
 .text.audio_player_init
                0x000007ec       0x40 ./source/SOUND_PLAYER.o
                0x000007ec                audio_player_init
 .text.PIT0_IRQHandler
                0x0000082c       0x4c ./source/SOUND_PLAYER.o
                0x0000082c                PIT0_IRQHandler
 .text.stack_init
                0x00000878      0x13c ./source/lwip_udpecho_freertos.o
 .text.main     0x000009b4       0x64 ./source/lwip_udpecho_freertos.o
                0x000009b4                main
 .text.ethernet_input
                0x00000a18      0x12c ./lwip/src/netif/ethernet.o
                0x00000a18                ethernet_input
 .text.ethernet_output
                0x00000b44       0x80 ./lwip/src/netif/ethernet.o
                0x00000b44                ethernet_output
 .text.dhcp_check
                0x00000bc4       0x68 ./lwip/src/core/ipv4/dhcp.o
 .text.dhcp_select
                0x00000c2c      0x14c ./lwip/src/core/ipv4/dhcp.o
 .text.dhcp_coarse_tmr
                0x00000d78       0xa8 ./lwip/src/core/ipv4/dhcp.o
                0x00000d78                dhcp_coarse_tmr
 .text.dhcp_fine_tmr
                0x00000e20       0x64 ./lwip/src/core/ipv4/dhcp.o
                0x00000e20                dhcp_fine_tmr
 .text.dhcp_arp_reply
                0x00000e84       0x48 ./lwip/src/core/ipv4/dhcp.o
                0x00000e84                dhcp_arp_reply
 .text.dhcp_decline
                0x00000ecc       0xd4 ./lwip/src/core/ipv4/dhcp.o
 .text.dhcp_discover
                0x00000fa0      0x118 ./lwip/src/core/ipv4/dhcp.o
 .text.dhcp_bind
                0x000010b8      0x19c ./lwip/src/core/ipv4/dhcp.o
 .text.dhcp_renew
                0x00001254      0x10c ./lwip/src/core/ipv4/dhcp.o
                0x00001254                dhcp_renew
 .text.dhcp_rebind
                0x00001360      0x10c ./lwip/src/core/ipv4/dhcp.o
 .text.dhcp_reboot
                0x0000146c      0x128 ./lwip/src/core/ipv4/dhcp.o
 .text.dhcp_release
                0x00001594      0x110 ./lwip/src/core/ipv4/dhcp.o
                0x00001594                dhcp_release
 .text.dhcp_option
                0x000016a4       0x64 ./lwip/src/core/ipv4/dhcp.o
 .text.dhcp_option_byte
                0x00001708       0x40 ./lwip/src/core/ipv4/dhcp.o
 .text.dhcp_option_short
                0x00001748       0x64 ./lwip/src/core/ipv4/dhcp.o
 .text.dhcp_option_long
                0x000017ac       0x9c ./lwip/src/core/ipv4/dhcp.o
 .text.dhcp_create_msg
                0x00001848      0x290 ./lwip/src/core/ipv4/dhcp.o
 .text.dhcp_delete_msg
                0x00001ad8       0x64 ./lwip/src/core/ipv4/dhcp.o
 .text.dhcp_option_trailer
                0x00001b3c       0x94 ./lwip/src/core/ipv4/dhcp.o
 .text.etharp_free_entry
                0x00001bd0       0xc0 ./lwip/src/core/ipv4/etharp.o
 .text.etharp_tmr
                0x00001c90      0x150 ./lwip/src/core/ipv4/etharp.o
                0x00001c90                etharp_tmr
 .text.etharp_find_entry
                0x00001de0      0x264 ./lwip/src/core/ipv4/etharp.o
 .text.etharp_update_arp_entry
                0x00002044      0x13c ./lwip/src/core/ipv4/etharp.o
 .text.etharp_input
                0x00002180      0x120 ./lwip/src/core/ipv4/etharp.o
                0x00002180                etharp_input
 .text.etharp_output_to_arp_index
                0x000022a0      0x124 ./lwip/src/core/ipv4/etharp.o
 .text.etharp_output
                0x000023c4      0x1bc ./lwip/src/core/ipv4/etharp.o
                0x000023c4                etharp_output
 .text.etharp_query
                0x00002580      0x274 ./lwip/src/core/ipv4/etharp.o
                0x00002580                etharp_query
 .text.etharp_raw
                0x000027f4      0x100 ./lwip/src/core/ipv4/etharp.o
 .text.etharp_request_dst
                0x000028f4       0x44 ./lwip/src/core/ipv4/etharp.o
 .text.etharp_request
                0x00002938       0x24 ./lwip/src/core/ipv4/etharp.o
                0x00002938                etharp_request
 .text.icmp_input
                0x0000295c      0x24c ./lwip/src/core/ipv4/icmp.o
                0x0000295c                icmp_input
 .text.icmp_send_response
                0x00002ba8       0xd4 ./lwip/src/core/ipv4/icmp.o
 .text.ip4_route
                0x00002c7c       0xd4 ./lwip/src/core/ipv4/ip4.o
                0x00002c7c                ip4_route
 .text.ip4_input
                0x00002d50      0x2d8 ./lwip/src/core/ipv4/ip4.o
                0x00002d50                ip4_input
 .text.ip4_output_if_src
                0x00003028      0x1f0 ./lwip/src/core/ipv4/ip4.o
                0x00003028                ip4_output_if_src
 .text.ip_reass_tmr
                0x00003218       0x58 ./lwip/src/core/ipv4/ip4_frag.o
                0x00003218                ip_reass_tmr
 .text.ip_reass_free_complete_datagram
                0x00003270      0x120 ./lwip/src/core/ipv4/ip4_frag.o
 .text.ip_reass_remove_oldest_datagram
                0x00003390       0xc4 ./lwip/src/core/ipv4/ip4_frag.o
 .text.ip_reass_enqueue_new_datagram
                0x00003454       0x74 ./lwip/src/core/ipv4/ip4_frag.o
 .text.ip_reass_dequeue_datagram
                0x000034c8       0x4c ./lwip/src/core/ipv4/ip4_frag.o
 .text.ip_reass_chain_frag_into_datagram_and_validate
                0x00003514      0x2a4 ./lwip/src/core/ipv4/ip4_frag.o
 .text.ip4_reass
                0x000037b8      0x2b8 ./lwip/src/core/ipv4/ip4_frag.o
                0x000037b8                ip4_reass
 .text.ip_frag_free_pbuf_custom_ref
                0x00003a70       0x28 ./lwip/src/core/ipv4/ip4_frag.o
 .text.ipfrag_free_pbuf_custom
                0x00003a98       0x50 ./lwip/src/core/ipv4/ip4_frag.o
 .text.ip4_frag
                0x00003ae8      0x22c ./lwip/src/core/ipv4/ip4_frag.o
                0x00003ae8                ip4_frag
 .text.plug_holes
                0x00003d14      0x108 ./lwip/src/core/mem.o
 .text.mem_init
                0x00003e1c       0x90 ./lwip/src/core/mem.o
                0x00003e1c                mem_init
 .text.mem_free
                0x00003eac       0xbc ./lwip/src/core/mem.o
                0x00003eac                mem_free
 .text.mem_trim
                0x00003f68      0x1bc ./lwip/src/core/mem.o
                0x00003f68                mem_trim
 .text.mem_malloc
                0x00004124      0x1c0 ./lwip/src/core/mem.o
                0x00004124                mem_malloc
 .text.memp_init
                0x000042e4       0x34 ./lwip/src/core/memp.o
                0x000042e4                memp_init
 .text.do_memp_malloc_pool
                0x00004318       0x54 ./lwip/src/core/memp.o
 .text.memp_malloc
                0x0000436c       0x3c ./lwip/src/core/memp.o
                0x0000436c                memp_malloc
 .text.do_memp_free_pool
                0x000043a8       0x48 ./lwip/src/core/memp.o
 .text.memp_free
                0x000043f0       0x44 ./lwip/src/core/memp.o
                0x000043f0                memp_free
 .text.netif_add
                0x00004434       0xa8 ./lwip/src/core/netif.o
                0x00004434                netif_add
 .text.netif_set_ipaddr
                0x000044dc       0x70 ./lwip/src/core/netif.o
                0x000044dc                netif_set_ipaddr
 .text.netif_set_default
                0x0000454c       0x20 ./lwip/src/core/netif.o
                0x0000454c                netif_set_default
 .text.pbuf_alloc
                0x0000456c      0x2d4 ./lwip/src/core/pbuf.o
                0x0000456c                pbuf_alloc
 .text.pbuf_alloced_custom
                0x00004840       0xc4 ./lwip/src/core/pbuf.o
                0x00004840                pbuf_alloced_custom
 .text.pbuf_realloc
                0x00004904      0x12c ./lwip/src/core/pbuf.o
                0x00004904                pbuf_realloc
 .text.pbuf_header_impl
                0x00004a30      0x124 ./lwip/src/core/pbuf.o
 .text.pbuf_free
                0x00004b54      0x10c ./lwip/src/core/pbuf.o
                0x00004b54                pbuf_free
 .text.pbuf_ref
                0x00004c60       0x40 ./lwip/src/core/pbuf.o
                0x00004c60                pbuf_ref
 .text.pbuf_cat
                0x00004ca0       0x8c ./lwip/src/core/pbuf.o
                0x00004ca0                pbuf_cat
 .text.pbuf_copy
                0x00004d2c      0x160 ./lwip/src/core/pbuf.o
                0x00004d2c                pbuf_copy
 .text.pbuf_copy_partial
                0x00004e8c       0xdc ./lwip/src/core/pbuf.o
                0x00004e8c                pbuf_copy_partial
 .text.tcp_tmr  0x00004f68       0x2c ./lwip/src/core/tcp.o
                0x00004f68                tcp_tmr
 .text.tcp_listen_closed
                0x00004f94       0x5c ./lwip/src/core/tcp.o
 .text.tcp_backlog_accepted
                0x00004ff0       0x64 ./lwip/src/core/tcp.o
                0x00004ff0                tcp_backlog_accepted
 .text.tcp_close_shutdown
                0x00005054      0x1c0 ./lwip/src/core/tcp.o
 .text.tcp_close_shutdown_fin
                0x00005214       0xc4 ./lwip/src/core/tcp.o
 .text.tcp_abandon
                0x000052d8      0x148 ./lwip/src/core/tcp.o
                0x000052d8                tcp_abandon
 .text.tcp_bind
                0x00005420      0x114 ./lwip/src/core/tcp.o
                0x00005420                tcp_bind
 .text.tcp_update_rcv_ann_wnd
                0x00005534       0x8c ./lwip/src/core/tcp.o
                0x00005534                tcp_update_rcv_ann_wnd
 .text.tcp_recved
                0x000055c0       0xa0 ./lwip/src/core/tcp.o
                0x000055c0                tcp_recved
 .text.tcp_new_port
                0x00005660       0x88 ./lwip/src/core/tcp.o
 .text.tcp_slowtmr
                0x000056e8      0x4ec ./lwip/src/core/tcp.o
                0x000056e8                tcp_slowtmr
 .text.tcp_fasttmr
                0x00005bd4       0xc8 ./lwip/src/core/tcp.o
                0x00005bd4                tcp_fasttmr
 .text.tcp_kill_prio
                0x00005c9c       0x84 ./lwip/src/core/tcp.o
 .text.tcp_kill_state
                0x00005d20       0x84 ./lwip/src/core/tcp.o
 .text.tcp_kill_timewait
                0x00005da4       0x60 ./lwip/src/core/tcp.o
 .text.tcp_alloc
                0x00005e04      0x100 ./lwip/src/core/tcp.o
                0x00005e04                tcp_alloc
 .text.tcp_recv
                0x00005f04       0x30 ./lwip/src/core/tcp.o
                0x00005f04                tcp_recv
 .text.tcp_sent
                0x00005f34       0x30 ./lwip/src/core/tcp.o
                0x00005f34                tcp_sent
 .text.tcp_err  0x00005f64       0x34 ./lwip/src/core/tcp.o
                0x00005f64                tcp_err
 .text.tcp_poll
                0x00005f98       0x38 ./lwip/src/core/tcp.o
                0x00005f98                tcp_poll
 .text.tcp_pcb_remove
                0x00005fd0       0xc4 ./lwip/src/core/tcp.o
                0x00005fd0                tcp_pcb_remove
 .text.tcp_next_iss
                0x00006094       0x30 ./lwip/src/core/tcp.o
                0x00006094                tcp_next_iss
 .text.tcp_netif_ip_addr_changed
                0x000060c4       0x80 ./lwip/src/core/tcp.o
                0x000060c4                tcp_netif_ip_addr_changed
 .text.tcp_input
                0x00006144      0x758 ./lwip/src/core/tcp_in.o
                0x00006144                tcp_input
 .text.tcp_input_delayed_close
                0x0000689c       0x64 ./lwip/src/core/tcp_in.o
 .text.tcp_listen_input
                0x00006900      0x1f0 ./lwip/src/core/tcp_in.o
 .text.tcp_timewait_input
                0x00006af0       0xd0 ./lwip/src/core/tcp_in.o
 .text.tcp_process
                0x00006bc0      0x74c ./lwip/src/core/tcp_in.o
 .text.tcp_receive
                0x0000730c      0x954 ./lwip/src/core/tcp_in.o
 .text.tcp_getoptbyte
                0x00007c60       0x78 ./lwip/src/core/tcp_in.o
 .text.tcp_parseopt
                0x00007cd8       0xc8 ./lwip/src/core/tcp_in.o
 .text.tcp_trigger_input_pcb_close
                0x00007da0       0x20 ./lwip/src/core/tcp_in.o
                0x00007da0                tcp_trigger_input_pcb_close
 .text.tcp_output_alloc_header
                0x00007dc0       0xe8 ./lwip/src/core/tcp_out.o
 .text.tcp_create_segment
                0x00007ea8      0x108 ./lwip/src/core/tcp_out.o
 .text.tcp_pbuf_prealloc
                0x00007fb0       0xb4 ./lwip/src/core/tcp_out.o
 .text.tcp_write_checks
                0x00008064       0xd4 ./lwip/src/core/tcp_out.o
 .text.tcp_write
                0x00008138      0x6c4 ./lwip/src/core/tcp_out.o
                0x00008138                tcp_write
 .text.tcp_enqueue_flags
                0x000087fc      0x1c8 ./lwip/src/core/tcp_out.o
                0x000087fc                tcp_enqueue_flags
 .text.tcp_output
                0x000089c4      0x3c4 ./lwip/src/core/tcp_out.o
                0x000089c4                tcp_output
 .text.tcp_output_segment
                0x00008d88      0x164 ./lwip/src/core/tcp_out.o
 .text.tcp_rst  0x00008eec       0xf8 ./lwip/src/core/tcp_out.o
                0x00008eec                tcp_rst
 .text.tcpip_tcp_timer
                0x00008fe4       0x48 ./lwip/src/core/timeouts.o
 .text.tcp_timer_needed
                0x0000902c       0x40 ./lwip/src/core/timeouts.o
                0x0000902c                tcp_timer_needed
 .text.cyclic_timer
                0x0000906c       0x2c ./lwip/src/core/timeouts.o
 .text.sys_timeouts_init
                0x00009098       0x50 ./lwip/src/core/timeouts.o
                0x00009098                sys_timeouts_init
 .text.sys_timeout
                0x000090e8      0x138 ./lwip/src/core/timeouts.o
                0x000090e8                sys_timeout
 .text.sys_check_timeouts
                0x00009220       0xa4 ./lwip/src/core/timeouts.o
 .text.sys_timeouts_sleeptime
                0x000092c4       0x4c ./lwip/src/core/timeouts.o
 .text.sys_timeouts_mbox_fetch
                0x00009310       0x4c ./lwip/src/core/timeouts.o
                0x00009310                sys_timeouts_mbox_fetch
 .text.udp_new_port
                0x0000935c       0x70 ./lwip/src/core/udp.o
 .text.udp_input_local_match
                0x000093cc       0x78 ./lwip/src/core/udp.o
 .text.udp_input
                0x00009444      0x1ec ./lwip/src/core/udp.o
                0x00009444                udp_input
 .text.udp_sendto_if_src
                0x00009630      0x158 ./lwip/src/core/udp.o
                0x00009630                udp_sendto_if_src
 .text.udp_bind
                0x00009788       0xe0 ./lwip/src/core/udp.o
                0x00009788                udp_bind
 .text.udp_netif_ip_addr_changed
                0x00009868       0x60 ./lwip/src/core/udp.o
                0x00009868                udp_netif_ip_addr_changed
 .text.netconn_new_with_proto_and_callback
                0x000098c8       0xbc ./lwip/src/api/api_lib.o
                0x000098c8                netconn_new_with_proto_and_callback
 .text.netconn_bind
                0x00009984       0x60 ./lwip/src/api/api_lib.o
                0x00009984                netconn_bind
 .text.netconn_recv_data
                0x000099e4      0x178 ./lwip/src/api/api_lib.o
 .text.netconn_recv
                0x00009b5c       0xd0 ./lwip/src/api/api_lib.o
                0x00009b5c                netconn_recv
 .text.netconn_close_shutdown
                0x00009c2c       0x50 ./lwip/src/api/api_lib.o
 .text.recv_udp
                0x00009c7c       0xd8 ./lwip/src/api/api_msg.o
 .text.recv_tcp
                0x00009d54       0xec ./lwip/src/api/api_msg.o
 .text.poll_tcp
                0x00009e40       0xc0 ./lwip/src/api/api_msg.o
 .text.sent_tcp
                0x00009f00       0xa0 ./lwip/src/api/api_msg.o
 .text.err_tcp  0x00009fa0      0x1a8 ./lwip/src/api/api_msg.o
 .text.setup_tcp
                0x0000a148       0x50 ./lwip/src/api/api_msg.o
 .text.pcb_new  0x0000a198       0xc4 ./lwip/src/api/api_msg.o
 .text.netconn_alloc
                0x0000a25c       0xd4 ./lwip/src/api/api_msg.o
                0x0000a25c                netconn_alloc
 .text.netconn_free
                0x0000a330       0x60 ./lwip/src/api/api_msg.o
                0x0000a330                netconn_free
 .text.netconn_drain
                0x0000a390       0xe8 ./lwip/src/api/api_msg.o
 .text.lwip_netconn_do_close_internal
                0x0000a478      0x2b0 ./lwip/src/api/api_msg.o
 .text.lwip_netconn_do_writemore
                0x0000a728      0x318 ./lwip/src/api/api_msg.o
 .text.lwip_netconn_do_close
                0x0000aa40      0x130 ./lwip/src/api/api_msg.o
                0x0000aa40                lwip_netconn_do_close
 .text.netbuf_data
                0x0000ab70       0x7c ./lwip/src/api/netbuf.o
                0x0000ab70                netbuf_data
 .text.tcpip_thread
                0x0000abec       0xb8 ./lwip/src/api/tcpip.o
 .text.tcpip_inpkt
                0x0000aca4       0x74 ./lwip/src/api/tcpip.o
                0x0000aca4                tcpip_inpkt
 .text.tcpip_input
                0x0000ad18       0x44 ./lwip/src/api/tcpip.o
                0x0000ad18                tcpip_input
 .text.tcpip_send_msg_wait_sem
                0x0000ad5c       0x2c ./lwip/src/api/tcpip.o
                0x0000ad5c                tcpip_send_msg_wait_sem
 .text.tcpip_init
                0x0000ad88       0x7c ./lwip/src/api/tcpip.o
                0x0000ad88                tcpip_init
 .text.__NVIC_SetPriority
                0x0000ae04       0x54 ./lwip/port/ethernetif.o
 .text.ethernet_callback
                0x0000ae58       0x94 ./lwip/port/ethernetif.o
 .text.enet_init
                0x0000aeec      0x1a0 ./lwip/port/ethernetif.o
 .text.enet_get_tx_buffer
                0x0000b08c       0x1c ./lwip/port/ethernetif.o
 .text.low_level_output
                0x0000b0a8       0xac ./lwip/port/ethernetif.o
 .text.ethernetif_input
                0x0000b154       0x4c ./lwip/port/ethernetif.o
                0x0000b154                ethernetif_input
 .text.get_enet_base
                0x0000b1a0       0x68 ./lwip/port/ethernetif.o
 .text.ethernetif_init
                0x0000b208       0x90 ./lwip/port/ethernetif.o
 .text.ethernetif0_init
                0x0000b298       0x4c ./lwip/port/ethernetif.o
                0x0000b298                ethernetif0_init
 .text.sys_assert
                0x0000b2e4       0x20 ./lwip/port/sys_arch.o
                0x0000b2e4                sys_assert
 .text.sys_mbox_trypost
                0x0000b304       0x94 ./lwip/port/sys_arch.o
                0x0000b304                sys_mbox_trypost
 .text.AudioPlayer_getBuffer
                0x0000b398       0x14 ./lwip/contrib/apps/udpecho/udpecho.o
                0x0000b398                AudioPlayer_getBuffer
 .text.server_thread
                0x0000b3ac       0x60 ./lwip/contrib/apps/udpecho/udpecho.o
 .text.udpecho_init
                0x0000b40c       0x28 ./lwip/contrib/apps/udpecho/udpecho.o
                0x0000b40c                udpecho_init
 .text.CLOCK_SetEr32kClock
                0x0000b434       0x30 ./drivers/fsl_clock.o
 .text.CLOCK_SetPllFllSelClock
                0x0000b464       0x3c ./drivers/fsl_clock.o
 .text.CLOCK_GetMcgExtClkFreq
                0x0000b4a0       0x78 ./drivers/fsl_clock.o
 .text.CLOCK_GetFllExtRefClkFreq
                0x0000b518       0xd0 ./drivers/fsl_clock.o
 .text.CLOCK_GetInternalRefClkSelectFreq
                0x0000b5e8       0x44 ./drivers/fsl_clock.o
 .text.CLOCK_GetFllRefClkFreq
                0x0000b62c       0x2c ./drivers/fsl_clock.o
 .text.CLOCK_GetOscRangeFromFreq
                0x0000b658       0x3c ./drivers/fsl_clock.o
 .text.CLOCK_GetOsc0ErClkFreq
                0x0000b694       0x38 ./drivers/fsl_clock.o
                0x0000b694                CLOCK_GetOsc0ErClkFreq
 .text.CLOCK_GetEr32kClkFreq
                0x0000b6cc       0x70 ./drivers/fsl_clock.o
                0x0000b6cc                CLOCK_GetEr32kClkFreq
 .text.CLOCK_GetPllFllSelClkFreq
                0x0000b73c       0x54 ./drivers/fsl_clock.o
                0x0000b73c                CLOCK_GetPllFllSelClkFreq
 .text.CLOCK_GetCoreSysClkFreq
                0x0000b790       0x28 ./drivers/fsl_clock.o
                0x0000b790                CLOCK_GetCoreSysClkFreq
 .text.CLOCK_GetFreq
                0x0000b7b8      0x148 ./drivers/fsl_clock.o
                0x0000b7b8                CLOCK_GetFreq
 .text.CLOCK_SetSimConfig
                0x0000b900       0x38 ./drivers/fsl_clock.o
                0x0000b900                CLOCK_SetSimConfig
 .text.CLOCK_GetOutClkFreq
                0x0000b938       0x64 ./drivers/fsl_clock.o
                0x0000b938                CLOCK_GetOutClkFreq
 .text.CLOCK_GetFllFreq
                0x0000b99c       0x7c ./drivers/fsl_clock.o
                0x0000b99c                CLOCK_GetFllFreq
 .text.CLOCK_GetInternalRefClkFreq
                0x0000ba18       0x24 ./drivers/fsl_clock.o
                0x0000ba18                CLOCK_GetInternalRefClkFreq
 .text.CLOCK_GetPll0Freq
                0x0000ba3c       0x68 ./drivers/fsl_clock.o
                0x0000ba3c                CLOCK_GetPll0Freq
 .text.CLOCK_SetExternalRefClkConfig
                0x0000baa4       0x6c ./drivers/fsl_clock.o
                0x0000baa4                CLOCK_SetExternalRefClkConfig
 .text.CLOCK_SetInternalRefClkConfig
                0x0000bb10      0x104 ./drivers/fsl_clock.o
                0x0000bb10                CLOCK_SetInternalRefClkConfig
 .text.CLOCK_EnablePll0
                0x0000bc14       0x84 ./drivers/fsl_clock.o
                0x0000bc14                CLOCK_EnablePll0
 .text.CLOCK_InitOsc0
                0x0000bc98       0x8c ./drivers/fsl_clock.o
                0x0000bc98                CLOCK_InitOsc0
 .text.CLOCK_SetPbeMode
                0x0000bd24       0xa8 ./drivers/fsl_clock.o
                0x0000bd24                CLOCK_SetPbeMode
 .text.CLOCK_BootToPeeMode
                0x0000bdcc       0x64 ./drivers/fsl_clock.o
                0x0000bdcc                CLOCK_BootToPeeMode
 .text.DAC_GetInstance
                0x0000be30       0x4c ./drivers/fsl_dac.o
 .text.DAC_Init
                0x0000be7c       0x70 ./drivers/fsl_dac.o
                0x0000be7c                DAC_Init
 .text.DAC_GetDefaultConfig
                0x0000beec       0x2c ./drivers/fsl_dac.o
                0x0000beec                DAC_GetDefaultConfig
 .text.DAC_SetBufferValue
                0x0000bf18       0x50 ./drivers/fsl_dac.o
                0x0000bf18                DAC_SetBufferValue
 .text.__NVIC_EnableIRQ
                0x0000bf68       0x3c ./drivers/fsl_enet.o
 .text.ENET_GetInstance
                0x0000bfa4       0x44 ./drivers/fsl_enet.o
                0x0000bfa4                ENET_GetInstance
 .text.ENET_GetDefaultConfig
                0x0000bfe8       0x4c ./drivers/fsl_enet.o
                0x0000bfe8                ENET_GetDefaultConfig
 .text.ENET_Init
                0x0000c034       0xb8 ./drivers/fsl_enet.o
                0x0000c034                ENET_Init
 .text.ENET_SetCallback
                0x0000c0ec       0x30 ./drivers/fsl_enet.o
                0x0000c0ec                ENET_SetCallback
 .text.ENET_SetHandler
                0x0000c11c      0x144 ./drivers/fsl_enet.o
 .text.ENET_SetMacController
                0x0000c260      0x24c ./drivers/fsl_enet.o
 .text.ENET_SetTxBufferDescriptors
                0x0000c4ac       0xd8 ./drivers/fsl_enet.o
 .text.ENET_SetRxBufferDescriptors
                0x0000c584       0xec ./drivers/fsl_enet.o
 .text.ENET_ActiveSend
                0x0000c670       0x3c ./drivers/fsl_enet.o
 .text.ENET_SetSMI
                0x0000c6ac       0x8c ./drivers/fsl_enet.o
                0x0000c6ac                ENET_SetSMI
 .text.ENET_GetRxFrameSize
                0x0000c738       0xe4 ./drivers/fsl_enet.o
                0x0000c738                ENET_GetRxFrameSize
 .text.ENET_ReadFrame
                0x0000c81c      0x13c ./drivers/fsl_enet.o
                0x0000c81c                ENET_ReadFrame
 .text.ENET_UpdateReadBuffers
                0x0000c958       0xd4 ./drivers/fsl_enet.o
 .text.ENET_SendFrame
                0x0000ca2c      0x1a8 ./drivers/fsl_enet.o
                0x0000ca2c                ENET_SendFrame
 .text.ENET_TransmitIRQHandler
                0x0000cbd4       0x54 ./drivers/fsl_enet.o
                0x0000cbd4                ENET_TransmitIRQHandler
 .text.ENET_ReceiveIRQHandler
                0x0000cc28       0x54 ./drivers/fsl_enet.o
                0x0000cc28                ENET_ReceiveIRQHandler
 .text.ENET_ErrorIRQHandler
                0x0000cc7c       0x8c ./drivers/fsl_enet.o
                0x0000cc7c                ENET_ErrorIRQHandler
 .text.ENET_Transmit_IRQHandler
                0x0000cd08       0x28 ./drivers/fsl_enet.o
                0x0000cd08                ENET_Transmit_IRQHandler
 .text.ENET_Receive_IRQHandler
                0x0000cd30       0x28 ./drivers/fsl_enet.o
                0x0000cd30                ENET_Receive_IRQHandler
 .text.ENET_Error_IRQHandler
                0x0000cd58       0x28 ./drivers/fsl_enet.o
                0x0000cd58                ENET_Error_IRQHandler
 .text.ENET_1588_Timer_IRQHandler
                0x0000cd80       0x28 ./drivers/fsl_enet.o
                0x0000cd80                ENET_1588_Timer_IRQHandler
 .text.PIT_GetInstance
                0x0000cda8       0x44 ./drivers/fsl_pit.o
 .text.PIT_Init
                0x0000cdec       0x64 ./drivers/fsl_pit.o
                0x0000cdec                PIT_Init
 .text.UART_GetInstance
                0x0000ce50       0x54 ./drivers/fsl_uart.o
                0x0000ce50                UART_GetInstance
 .text.UART_Init
                0x0000cea4      0x2d8 ./drivers/fsl_uart.o
                0x0000cea4                UART_Init
 .text.UART_GetDefaultConfig
                0x0000d17c       0x60 ./drivers/fsl_uart.o
                0x0000d17c                UART_GetDefaultConfig
 .text.UART0_DriverIRQHandler
                0x0000d1dc       0x28 ./drivers/fsl_uart.o
                0x0000d1dc                UART0_DriverIRQHandler
 .text.UART1_DriverIRQHandler
                0x0000d204       0x28 ./drivers/fsl_uart.o
                0x0000d204                UART1_DriverIRQHandler
 .text.UART2_DriverIRQHandler
                0x0000d22c       0x28 ./drivers/fsl_uart.o
                0x0000d22c                UART2_DriverIRQHandler
 .text.UART3_DriverIRQHandler
                0x0000d254       0x28 ./drivers/fsl_uart.o
                0x0000d254                UART3_DriverIRQHandler
 .text.UART4_DriverIRQHandler
                0x0000d27c       0x28 ./drivers/fsl_uart.o
                0x0000d27c                UART4_DriverIRQHandler
 .text.UART5_DriverIRQHandler
                0x0000d2a4       0x28 ./drivers/fsl_uart.o
                0x0000d2a4                UART5_DriverIRQHandler
 .text.BOARD_InitDebugConsole
                0x0000d2cc       0x28 ./board/src/board.o
                0x0000d2cc                BOARD_InitDebugConsole
 .text.CLOCK_SetSimSafeDivs
                0x0000d2f4       0x20 ./board/src/clock_config.o
 .text.CLOCK_SetXtal0Freq
                0x0000d314       0x20 ./board/src/clock_config.o
 .text.CLOCK_CONFIG_SetFllExtRefDiv
                0x0000d334       0x3c ./board/src/clock_config.o
 .text.BOARD_BootClockRUN
                0x0000d370       0x60 ./board/src/clock_config.o
                0x0000d370                BOARD_BootClockRUN
 .text.PHY_Init
                0x0000d3d0      0x12c ./board/fsl_phy.o
                0x0000d3d0                PHY_Init
 .text.PHY_Read
                0x0000d4fc       0x88 ./board/fsl_phy.o
                0x0000d4fc                PHY_Read
 .text.PHY_GetLinkStatus
                0x0000d584       0x58 ./board/fsl_phy.o
                0x0000d584                PHY_GetLinkStatus
 .text.PHY_GetLinkSpeedDuplex
                0x0000d5dc       0x88 ./board/fsl_phy.o
                0x0000d5dc                PHY_GetLinkSpeedDuplex
 .text.PORT_SetPinConfig
                0x0000d664       0x38 ./board/pin_mux.o
 .text.BOARD_InitPins
                0x0000d69c      0x100 ./board/pin_mux.o
                0x0000d69c                BOARD_InitPins
 .text.vPortSetupTimerInterrupt
                0x0000d79c       0x48 ./amazon-freertos/portable/fsl_tickless_systick.o
                0x0000d79c                vPortSetupTimerInterrupt
 .text.pxPortInitialiseStack
                0x0000d7e4       0x68 ./amazon-freertos/FreeRTOS/portable/port.o
                0x0000d7e4                pxPortInitialiseStack
 .text.prvTaskExitError
                0x0000d84c       0x54 ./amazon-freertos/FreeRTOS/portable/port.o
 .text.prvPortStartFirstTask
                0x0000d8a0       0x28 ./amazon-freertos/FreeRTOS/portable/port.o
 .text.xPortStartScheduler
                0x0000d8c8      0x13c ./amazon-freertos/FreeRTOS/portable/port.o
                0x0000d8c8                xPortStartScheduler
 .text.vPortEnterCritical
                0x0000da04       0x5c ./amazon-freertos/FreeRTOS/portable/port.o
                0x0000da04                vPortEnterCritical
 .text.vPortExitCritical
                0x0000da60       0x50 ./amazon-freertos/FreeRTOS/portable/port.o
                0x0000da60                vPortExitCritical
 .text.SysTick_Handler
                0x0000dab0       0x40 ./amazon-freertos/FreeRTOS/portable/port.o
                0x0000dab0                SysTick_Handler
 .text.vPortEnableVFP
                0x0000daf0       0x14 ./amazon-freertos/FreeRTOS/portable/port.o
 .text.vPortValidateInterruptPriority
                0x0000db04       0x7c ./amazon-freertos/FreeRTOS/portable/port.o
                0x0000db04                vPortValidateInterruptPriority
 .text.xEventGroupWaitBits
                0x0000db80      0x194 ./amazon-freertos/FreeRTOS/event_groups.o
                0x0000db80                xEventGroupWaitBits
 .text.xEventGroupSetBitsFromISR
                0x0000dd14       0x28 ./amazon-freertos/FreeRTOS/event_groups.o
                0x0000dd14                xEventGroupSetBitsFromISR
 .text.xQueueGenericReset
                0x0000dd3c       0xd0 ./amazon-freertos/FreeRTOS/queue.o
                0x0000dd3c                xQueueGenericReset
 .text.xQueueGenericSend
                0x0000de0c      0x1f4 ./amazon-freertos/FreeRTOS/queue.o
                0x0000de0c                xQueueGenericSend
 .text.xQueueReceive
                0x0000e000      0x1b8 ./amazon-freertos/FreeRTOS/queue.o
                0x0000e000                xQueueReceive
 .text.xQueueSemaphoreTake
                0x0000e1b8      0x214 ./amazon-freertos/FreeRTOS/queue.o
                0x0000e1b8                xQueueSemaphoreTake
 .text.vQueueAddToRegistry
                0x0000e3cc       0x50 ./amazon-freertos/FreeRTOS/queue.o
                0x0000e3cc                vQueueAddToRegistry
 .text.vQueueUnregisterQueue
                0x0000e41c       0x54 ./amazon-freertos/FreeRTOS/queue.o
                0x0000e41c                vQueueUnregisterQueue
 .text.prvAddNewTaskToReadyList
                0x0000e470       0xdc ./amazon-freertos/FreeRTOS/tasks.o
 .text.vTaskDelete
                0x0000e54c      0x11c ./amazon-freertos/FreeRTOS/tasks.o
                0x0000e54c                vTaskDelete
 .text.vTaskStartScheduler
                0x0000e668       0x98 ./amazon-freertos/FreeRTOS/tasks.o
                0x0000e668                vTaskStartScheduler
 .text.vTaskSuspendAll
                0x0000e700       0x1c ./amazon-freertos/FreeRTOS/tasks.o
                0x0000e700                vTaskSuspendAll
 .text.xTaskResumeAll
                0x0000e71c      0x138 ./amazon-freertos/FreeRTOS/tasks.o
                0x0000e71c                xTaskResumeAll
 .text.xTaskGetTickCount
                0x0000e854       0x20 ./amazon-freertos/FreeRTOS/tasks.o
                0x0000e854                xTaskGetTickCount
 .text.xTaskIncrementTick
                0x0000e874      0x158 ./amazon-freertos/FreeRTOS/tasks.o
                0x0000e874                xTaskIncrementTick
 .text.vTaskSwitchContext
                0x0000e9cc       0xb4 ./amazon-freertos/FreeRTOS/tasks.o
                0x0000e9cc                vTaskSwitchContext
 .text.vTaskPlaceOnEventList
                0x0000ea80       0x48 ./amazon-freertos/FreeRTOS/tasks.o
                0x0000ea80                vTaskPlaceOnEventList
 .text.vTaskPlaceOnUnorderedEventList
                0x0000eac8       0x74 ./amazon-freertos/FreeRTOS/tasks.o
                0x0000eac8                vTaskPlaceOnUnorderedEventList
 .text.vTaskPlaceOnEventListRestricted
                0x0000eb3c       0x54 ./amazon-freertos/FreeRTOS/tasks.o
                0x0000eb3c                vTaskPlaceOnEventListRestricted
 .text.xTaskRemoveFromEventList
                0x0000eb90       0xc4 ./amazon-freertos/FreeRTOS/tasks.o
                0x0000eb90                xTaskRemoveFromEventList
 .text.vTaskRemoveFromUnorderedEventList
                0x0000ec54       0xc0 ./amazon-freertos/FreeRTOS/tasks.o
                0x0000ec54                vTaskRemoveFromUnorderedEventList
 .text.vTaskInternalSetTimeOutState
                0x0000ed14       0x2c ./amazon-freertos/FreeRTOS/tasks.o
                0x0000ed14                vTaskInternalSetTimeOutState
 .text.xTaskCheckForTimeOut
                0x0000ed40       0xc0 ./amazon-freertos/FreeRTOS/tasks.o
                0x0000ed40                xTaskCheckForTimeOut
 .text.vTaskMissedYield
                0x0000ee00       0x18 ./amazon-freertos/FreeRTOS/tasks.o
                0x0000ee00                vTaskMissedYield
 .text.prvIdleTask
                0x0000ee18       0x30 ./amazon-freertos/FreeRTOS/tasks.o
 .text.prvInitialiseTaskLists
                0x0000ee48       0x80 ./amazon-freertos/FreeRTOS/tasks.o
 .text.prvCheckTasksWaitingTermination
                0x0000eec8       0x58 ./amazon-freertos/FreeRTOS/tasks.o
 .text.prvResetNextTaskUnblockTime
                0x0000ef20       0x4c ./amazon-freertos/FreeRTOS/tasks.o
 .text.xTaskGetSchedulerState
                0x0000ef6c       0x3c ./amazon-freertos/FreeRTOS/tasks.o
                0x0000ef6c                xTaskGetSchedulerState
 .text.xTaskPriorityInherit
                0x0000efa8      0x10c ./amazon-freertos/FreeRTOS/tasks.o
                0x0000efa8                xTaskPriorityInherit
 .text.xTaskPriorityDisinherit
                0x0000f0b4      0x108 ./amazon-freertos/FreeRTOS/tasks.o
                0x0000f0b4                xTaskPriorityDisinherit
 .text.vTaskPriorityDisinheritAfterTimeout
                0x0000f1bc      0x13c ./amazon-freertos/FreeRTOS/tasks.o
                0x0000f1bc                vTaskPriorityDisinheritAfterTimeout
 .text.uxTaskResetEventItemValue
                0x0000f2f8       0x30 ./amazon-freertos/FreeRTOS/tasks.o
                0x0000f2f8                uxTaskResetEventItemValue
 .text.pvTaskIncrementMutexHeldCount
                0x0000f328       0x28 ./amazon-freertos/FreeRTOS/tasks.o
                0x0000f328                pvTaskIncrementMutexHeldCount
 .text.prvAddCurrentTaskToDelayedList
                0x0000f350       0xcc ./amazon-freertos/FreeRTOS/tasks.o
 .text.xTimerCreateTimerTask
                0x0000f41c       0x64 ./amazon-freertos/FreeRTOS/timers.o
                0x0000f41c                xTimerCreateTimerTask
 .text.xTimerGenericCommand
                0x0000f480       0x98 ./amazon-freertos/FreeRTOS/timers.o
                0x0000f480                xTimerGenericCommand
 .text.prvProcessExpiredTimer
                0x0000f518       0x80 ./amazon-freertos/FreeRTOS/timers.o
 .text.prvProcessTimerOrBlockTask
                0x0000f598       0x9c ./amazon-freertos/FreeRTOS/timers.o
 .text.prvGetNextExpireTime
                0x0000f634       0x48 ./amazon-freertos/FreeRTOS/timers.o
 .text.prvSampleTimeNow
                0x0000f67c       0x40 ./amazon-freertos/FreeRTOS/timers.o
 .text.prvInsertTimerInActiveList
                0x0000f6bc       0x84 ./amazon-freertos/FreeRTOS/timers.o
 .text.prvProcessReceivedCommands
                0x0000f740      0x154 ./amazon-freertos/FreeRTOS/timers.o
 .text.prvSwitchTimerLists
                0x0000f894       0xc0 ./amazon-freertos/FreeRTOS/timers.o
 .text.prvCheckForValidListAndQueue
                0x0000f954       0x6c ./amazon-freertos/FreeRTOS/timers.o
 .text.xTimerPendFunctionCallFromISR
                0x0000f9c0       0x40 ./amazon-freertos/FreeRTOS/timers.o
                0x0000f9c0                xTimerPendFunctionCallFromISR
 .text.SystemInit
                0x0000fa00       0x3c ./CMSIS/system_MK64F12.o
                0x0000fa00                SystemInit
 .text.__assertion_failed
                0x0000fa3c       0x4c c:/nxp/mcuxpressoide_10.2.0_759/ide/tools/bin/../lib/gcc/arm-none-eabi/7.2.1/../../../../arm-none-eabi/lib/thumb/v7e-m/fpv4-sp/hard\libcr_semihost_nf.a(_cr_assert.o)
                0x0000fa3c                __assertion_failed
 .text.__sys_appexit
                0x0000fa88        0xc c:/nxp/mcuxpressoide_10.2.0_759/ide/tools/bin/../lib/gcc/arm-none-eabi/7.2.1/../../../../arm-none-eabi/lib/thumb/v7e-m/fpv4-sp/hard\libcr_semihost_nf.a(__sys_appexit.o)
                0x0000fa88                __sys_appexit
                0x0000fa88                __exit
 .text._Cwritebuf
                0x0000fa94       0x6c c:/nxp/mcuxpressoide_10.2.0_759/ide/tools/bin/../lib/gcc/arm-none-eabi/7.2.1/../../../../arm-none-eabi/lib/thumb/v7e-m/fpv4-sp/hard\libcr_c.a(_writebuf.o)
                0x0000fa94                _Cwritebuf
 .text.malloc   0x0000fb00       0xc8 c:/nxp/mcuxpressoide_10.2.0_759/ide/tools/bin/../lib/gcc/arm-none-eabi/7.2.1/../../../../arm-none-eabi/lib/thumb/v7e-m/fpv4-sp/hard\libcr_c.a(alloc.o)
                0x0000fb00                malloc
 .text._Csys_alloc
                0x0000fbc8       0x20 c:/nxp/mcuxpressoide_10.2.0_759/ide/tools/bin/../lib/gcc/arm-none-eabi/7.2.1/../../../../arm-none-eabi/lib/thumb/v7e-m/fpv4-sp/hard\libcr_c.a(alloc.o)
                0x0000fbc8                _Csys_alloc
 .text.fseek    0x0000fbe8      0x100 c:/nxp/mcuxpressoide_10.2.0_759/ide/tools/bin/../lib/gcc/arm-none-eabi/7.2.1/../../../../arm-none-eabi/lib/thumb/v7e-m/fpv4-sp/hard\libcr_c.a(fseek.o)
                0x0000fbe8                fseek
 .text.ftell    0x0000fce8       0x44 c:/nxp/mcuxpressoide_10.2.0_759/ide/tools/bin/../lib/gcc/arm-none-eabi/7.2.1/../../../../arm-none-eabi/lib/thumb/v7e-m/fpv4-sp/hard\libcr_c.a(ftell.o)
                0x0000fce8                ftell
 .text._initio  0x0000fd2c       0x78 c:/nxp/mcuxpressoide_10.2.0_759/ide/tools/bin/../lib/gcc/arm-none-eabi/7.2.1/../../../../arm-none-eabi/lib/thumb/v7e-m/fpv4-sp/hard\libcr_c.a(initio.o)
                0x0000fd2c                _initio
 .text.__vfprintf
                0x0000fda4      0xb98 c:/nxp/mcuxpressoide_10.2.0_759/ide/tools/bin/../lib/gcc/arm-none-eabi/7.2.1/../../../../arm-none-eabi/lib/thumb/v7e-m/fpv4-sp/hard\libcr_c.a(printf.o)
                0x0000fda4                __vfprintf
 .text._vsnprintf
                0x0001093c       0x5c c:/nxp/mcuxpressoide_10.2.0_759/ide/tools/bin/../lib/gcc/arm-none-eabi/7.2.1/../../../../arm-none-eabi/lib/thumb/v7e-m/fpv4-sp/hard\libcr_c.a(printf.o)
                0x0001093c                _vsnprintf
 .text._printf  0x00010998       0x54 c:/nxp/mcuxpressoide_10.2.0_759/ide/tools/bin/../lib/gcc/arm-none-eabi/7.2.1/../../../../arm-none-eabi/lib/thumb/v7e-m/fpv4-sp/hard\libcr_c.a(printf.o)
                0x00010998                _printf
 .text.setvbuf  0x000109ec       0x40 c:/nxp/mcuxpressoide_10.2.0_759/ide/tools/bin/../lib/gcc/arm-none-eabi/7.2.1/../../../../arm-none-eabi/lib/thumb/v7e-m/fpv4-sp/hard\libcr_c.a(setvbuf.o)
                0x000109ec                setvbuf
 .text._sbrk    0x00010a2c       0x3c c:/nxp/mcuxpressoide_10.2.0_759/ide/tools/bin/../lib/gcc/arm-none-eabi/7.2.1/../../../../arm-none-eabi/lib/thumb/v7e-m/fpv4-sp/hard\libcr_c.a(_cr_sbrk.o)
                0x00010a2c                _sbrk
 .text.fflush   0x00010a68       0x44 c:/nxp/mcuxpressoide_10.2.0_759/ide/tools/bin/../lib/gcc/arm-none-eabi/7.2.1/../../../../arm-none-eabi/lib/thumb/v7e-m/fpv4-sp/hard\libcr_c.a(fflush.o)
                0x00010a68                fflush
 .text.__check_heap_overflow
                0x00010aac       0x18 c:/nxp/mcuxpressoide_10.2.0_759/ide/tools/bin/../lib/gcc/arm-none-eabi/7.2.1/../../../../arm-none-eabi/lib/thumb/v7e-m/fpv4-sp/hard\libcr_c.a(_cr_check_heap.o)
                0x00010aac                __check_heap_overflow
 .text.UART_EnableTx
                0x00010ac4       0x40 ./utilities/fsl_io.o
 .text.UART_EnableRx
                0x00010b04       0x40 ./utilities/fsl_io.o
 .text.LOG_Init
                0x00010b44       0x30 ./utilities/fsl_log.o
                0x00010b44                LOG_Init
 .text.DMA0_IRQHandler
                0x00010b74        0x8 ./startup/startup_mk64f12.o
                0x00010b74                DMA0_IRQHandler
 .text.DMA1_IRQHandler
                0x00010b7c        0x8 ./startup/startup_mk64f12.o
                0x00010b7c                DMA1_IRQHandler
 .text.DMA2_IRQHandler
                0x00010b84        0x8 ./startup/startup_mk64f12.o
                0x00010b84                DMA2_IRQHandler
 .text.DMA3_IRQHandler
                0x00010b8c        0x8 ./startup/startup_mk64f12.o
                0x00010b8c                DMA3_IRQHandler
 .text.DMA4_IRQHandler
                0x00010b94        0x8 ./startup/startup_mk64f12.o
                0x00010b94                DMA4_IRQHandler
 .text.DMA5_IRQHandler
                0x00010b9c        0x8 ./startup/startup_mk64f12.o
                0x00010b9c                DMA5_IRQHandler
 .text.DMA6_IRQHandler
                0x00010ba4        0x8 ./startup/startup_mk64f12.o
                0x00010ba4                DMA6_IRQHandler
 .text.DMA7_IRQHandler
                0x00010bac        0x8 ./startup/startup_mk64f12.o
                0x00010bac                DMA7_IRQHandler
 .text.DMA8_IRQHandler
                0x00010bb4        0x8 ./startup/startup_mk64f12.o
                0x00010bb4                DMA8_IRQHandler
 .text.DMA9_IRQHandler
                0x00010bbc        0x8 ./startup/startup_mk64f12.o
                0x00010bbc                DMA9_IRQHandler
 .text.DMA10_IRQHandler
                0x00010bc4        0x8 ./startup/startup_mk64f12.o
                0x00010bc4                DMA10_IRQHandler
 .text.DMA11_IRQHandler
                0x00010bcc        0x8 ./startup/startup_mk64f12.o
                0x00010bcc                DMA11_IRQHandler
 .text.DMA12_IRQHandler
                0x00010bd4        0x8 ./startup/startup_mk64f12.o
                0x00010bd4                DMA12_IRQHandler
 .text.DMA13_IRQHandler
                0x00010bdc        0x8 ./startup/startup_mk64f12.o
                0x00010bdc                DMA13_IRQHandler
 .text.DMA14_IRQHandler
                0x00010be4        0x8 ./startup/startup_mk64f12.o
                0x00010be4                DMA14_IRQHandler
 .text.DMA15_IRQHandler
                0x00010bec        0x8 ./startup/startup_mk64f12.o
                0x00010bec                DMA15_IRQHandler
 .text.DMA_Error_IRQHandler
                0x00010bf4        0x8 ./startup/startup_mk64f12.o
                0x00010bf4                DMA_Error_IRQHandler
 .text.MCM_IRQHandler
                0x00010bfc        0x8 ./startup/startup_mk64f12.o
                0x00010bfc                MCM_IRQHandler
 .text.FTFE_IRQHandler
                0x00010c04        0x8 ./startup/startup_mk64f12.o
                0x00010c04                FTFE_IRQHandler
 .text.Read_Collision_IRQHandler
                0x00010c0c        0x8 ./startup/startup_mk64f12.o
                0x00010c0c                Read_Collision_IRQHandler
 .text.LVD_LVW_IRQHandler
                0x00010c14        0x8 ./startup/startup_mk64f12.o
                0x00010c14                LVD_LVW_IRQHandler
 .text.LLWU_IRQHandler
                0x00010c1c        0x8 ./startup/startup_mk64f12.o
                0x00010c1c                LLWU_IRQHandler
 .text.WDOG_EWM_IRQHandler
                0x00010c24        0x8 ./startup/startup_mk64f12.o
                0x00010c24                WDOG_EWM_IRQHandler
 .text.RNG_IRQHandler
                0x00010c2c        0x8 ./startup/startup_mk64f12.o
                0x00010c2c                RNG_IRQHandler
 .text.I2C0_IRQHandler
                0x00010c34        0x8 ./startup/startup_mk64f12.o
                0x00010c34                I2C0_IRQHandler
 .text.I2C1_IRQHandler
                0x00010c3c        0x8 ./startup/startup_mk64f12.o
                0x00010c3c                I2C1_IRQHandler
 .text.SPI0_IRQHandler
                0x00010c44        0x8 ./startup/startup_mk64f12.o
                0x00010c44                SPI0_IRQHandler
 .text.SPI1_IRQHandler
                0x00010c4c        0x8 ./startup/startup_mk64f12.o
                0x00010c4c                SPI1_IRQHandler
 .text.I2S0_Tx_IRQHandler
                0x00010c54        0x8 ./startup/startup_mk64f12.o
                0x00010c54                I2S0_Tx_IRQHandler
 .text.I2S0_Rx_IRQHandler
                0x00010c5c        0x8 ./startup/startup_mk64f12.o
                0x00010c5c                I2S0_Rx_IRQHandler
 .text.UART0_LON_IRQHandler
                0x00010c64        0x8 ./startup/startup_mk64f12.o
                0x00010c64                UART0_LON_IRQHandler
 .text.UART0_RX_TX_IRQHandler
                0x00010c6c        0x8 ./startup/startup_mk64f12.o
                0x00010c6c                UART0_RX_TX_IRQHandler
 .text.UART0_ERR_IRQHandler
                0x00010c74        0x8 ./startup/startup_mk64f12.o
                0x00010c74                UART0_ERR_IRQHandler
 .text.UART1_RX_TX_IRQHandler
                0x00010c7c        0x8 ./startup/startup_mk64f12.o
                0x00010c7c                UART1_RX_TX_IRQHandler
 .text.UART1_ERR_IRQHandler
                0x00010c84        0x8 ./startup/startup_mk64f12.o
                0x00010c84                UART1_ERR_IRQHandler
 .text.UART2_RX_TX_IRQHandler
                0x00010c8c        0x8 ./startup/startup_mk64f12.o
                0x00010c8c                UART2_RX_TX_IRQHandler
 .text.UART2_ERR_IRQHandler
                0x00010c94        0x8 ./startup/startup_mk64f12.o
                0x00010c94                UART2_ERR_IRQHandler
 .text.UART3_RX_TX_IRQHandler
                0x00010c9c        0x8 ./startup/startup_mk64f12.o
                0x00010c9c                UART3_RX_TX_IRQHandler
 .text.UART3_ERR_IRQHandler
                0x00010ca4        0x8 ./startup/startup_mk64f12.o
                0x00010ca4                UART3_ERR_IRQHandler
 .text.ADC0_IRQHandler
                0x00010cac        0x8 ./startup/startup_mk64f12.o
                0x00010cac                ADC0_IRQHandler
 .text.CMP0_IRQHandler
                0x00010cb4        0x8 ./startup/startup_mk64f12.o
                0x00010cb4                CMP0_IRQHandler
 .text.CMP1_IRQHandler
                0x00010cbc        0x8 ./startup/startup_mk64f12.o
                0x00010cbc                CMP1_IRQHandler
 .text.FTM0_IRQHandler
                0x00010cc4        0x8 ./startup/startup_mk64f12.o
                0x00010cc4                FTM0_IRQHandler
 .text.FTM1_IRQHandler
                0x00010ccc        0x8 ./startup/startup_mk64f12.o
                0x00010ccc                FTM1_IRQHandler
 .text.FTM2_IRQHandler
                0x00010cd4        0x8 ./startup/startup_mk64f12.o
                0x00010cd4                FTM2_IRQHandler
 .text.CMT_IRQHandler
                0x00010cdc        0x8 ./startup/startup_mk64f12.o
                0x00010cdc                CMT_IRQHandler
 .text.RTC_IRQHandler
                0x00010ce4        0x8 ./startup/startup_mk64f12.o
                0x00010ce4                RTC_IRQHandler
 .text.RTC_Seconds_IRQHandler
                0x00010cec        0x8 ./startup/startup_mk64f12.o
                0x00010cec                RTC_Seconds_IRQHandler
 .text.PIT1_IRQHandler
                0x00010cf4        0x8 ./startup/startup_mk64f12.o
                0x00010cf4                PIT1_IRQHandler
 .text.PIT2_IRQHandler
                0x00010cfc        0x8 ./startup/startup_mk64f12.o
                0x00010cfc                PIT2_IRQHandler
 .text.PIT3_IRQHandler
                0x00010d04        0x8 ./startup/startup_mk64f12.o
                0x00010d04                PIT3_IRQHandler
 .text.PDB0_IRQHandler
                0x00010d0c        0x8 ./startup/startup_mk64f12.o
                0x00010d0c                PDB0_IRQHandler
 .text.USB0_IRQHandler
                0x00010d14        0x8 ./startup/startup_mk64f12.o
                0x00010d14                USB0_IRQHandler
 .text.USBDCD_IRQHandler
                0x00010d1c        0x8 ./startup/startup_mk64f12.o
                0x00010d1c                USBDCD_IRQHandler
 .text.Reserved71_IRQHandler
                0x00010d24        0x8 ./startup/startup_mk64f12.o
                0x00010d24                Reserved71_IRQHandler
 .text.DAC0_IRQHandler
                0x00010d2c        0x8 ./startup/startup_mk64f12.o
                0x00010d2c                DAC0_IRQHandler
 .text.MCG_IRQHandler
                0x00010d34        0x8 ./startup/startup_mk64f12.o
                0x00010d34                MCG_IRQHandler
 .text.LPTMR0_IRQHandler
                0x00010d3c        0x8 ./startup/startup_mk64f12.o
                0x00010d3c                LPTMR0_IRQHandler
 .text.PORTA_IRQHandler
                0x00010d44        0x8 ./startup/startup_mk64f12.o
                0x00010d44                PORTA_IRQHandler
 .text.PORTB_IRQHandler
                0x00010d4c        0x8 ./startup/startup_mk64f12.o
                0x00010d4c                PORTB_IRQHandler
 .text.PORTC_IRQHandler
                0x00010d54        0x8 ./startup/startup_mk64f12.o
                0x00010d54                PORTC_IRQHandler
 .text.PORTD_IRQHandler
                0x00010d5c        0x8 ./startup/startup_mk64f12.o
                0x00010d5c                PORTD_IRQHandler
 .text.PORTE_IRQHandler
                0x00010d64        0x8 ./startup/startup_mk64f12.o
                0x00010d64                PORTE_IRQHandler
 .text.SWI_IRQHandler
                0x00010d6c        0x8 ./startup/startup_mk64f12.o
                0x00010d6c                SWI_IRQHandler
 .text.SPI2_IRQHandler
                0x00010d74        0x8 ./startup/startup_mk64f12.o
                0x00010d74                SPI2_IRQHandler
 .text.UART4_RX_TX_IRQHandler
                0x00010d7c        0x8 ./startup/startup_mk64f12.o
                0x00010d7c                UART4_RX_TX_IRQHandler
 .text.UART4_ERR_IRQHandler
                0x00010d84        0x8 ./startup/startup_mk64f12.o
                0x00010d84                UART4_ERR_IRQHandler
 .text.UART5_RX_TX_IRQHandler
                0x00010d8c        0x8 ./startup/startup_mk64f12.o
                0x00010d8c                UART5_RX_TX_IRQHandler
 .text.UART5_ERR_IRQHandler
                0x00010d94        0x8 ./startup/startup_mk64f12.o
                0x00010d94                UART5_ERR_IRQHandler
 .text.CMP2_IRQHandler
                0x00010d9c        0x8 ./startup/startup_mk64f12.o
                0x00010d9c                CMP2_IRQHandler
 .text.FTM3_IRQHandler
                0x00010da4        0x8 ./startup/startup_mk64f12.o
                0x00010da4                FTM3_IRQHandler
 .text.DAC1_IRQHandler
                0x00010dac        0x8 ./startup/startup_mk64f12.o
                0x00010dac                DAC1_IRQHandler
 .text.ADC1_IRQHandler
                0x00010db4        0x8 ./startup/startup_mk64f12.o
                0x00010db4                ADC1_IRQHandler
 .text.I2C2_IRQHandler
                0x00010dbc        0x8 ./startup/startup_mk64f12.o
                0x00010dbc                I2C2_IRQHandler
 .text.CAN0_ORed_Message_buffer_IRQHandler
                0x00010dc4        0x8 ./startup/startup_mk64f12.o
                0x00010dc4                CAN0_ORed_Message_buffer_IRQHandler
 .text.CAN0_Bus_Off_IRQHandler
                0x00010dcc        0x8 ./startup/startup_mk64f12.o
                0x00010dcc                CAN0_Bus_Off_IRQHandler
 .text.CAN0_Error_IRQHandler
                0x00010dd4        0x8 ./startup/startup_mk64f12.o
                0x00010dd4                CAN0_Error_IRQHandler
 .text.CAN0_Tx_Warning_IRQHandler
                0x00010ddc        0x8 ./startup/startup_mk64f12.o
                0x00010ddc                CAN0_Tx_Warning_IRQHandler
 .text.CAN0_Rx_Warning_IRQHandler
                0x00010de4        0x8 ./startup/startup_mk64f12.o
                0x00010de4                CAN0_Rx_Warning_IRQHandler
 .text.CAN0_Wake_Up_IRQHandler
                0x00010dec        0x8 ./startup/startup_mk64f12.o
                0x00010dec                CAN0_Wake_Up_IRQHandler
 .text.SDHC_IRQHandler
                0x00010df4        0x8 ./startup/startup_mk64f12.o
                0x00010df4                SDHC_IRQHandler
 .text.DAC_Enable
                0x00010dfc       0x48 ./source/SOUND_PLAYER.o
 .text.PIT_EnableInterrupts
                0x00010e44       0x3a ./source/SOUND_PLAYER.o
 .text.PIT_GetStatusFlags
                0x00010e7e       0x2a ./source/SOUND_PLAYER.o
 .text.PIT_ClearStatusFlags
                0x00010ea8       0x2a ./source/SOUND_PLAYER.o
 .text.PIT_SetTimerPeriod
                0x00010ed2       0x28 ./source/SOUND_PLAYER.o
 .text.PIT_StartTimer
                0x00010efa       0x38 ./source/SOUND_PLAYER.o
 .text.HardFault_Handler
                0x00010f32       0x2c ./source/semihost_hardfault.o
                0x00010f32                HardFault_Handler
 .text.dhcp_timeout
                0x00010f5e       0x92 ./lwip/src/core/ipv4/dhcp.o
 .text.dhcp_t1_timeout
                0x00010ff0       0x5c ./lwip/src/core/ipv4/dhcp.o
 .text.dhcp_t2_timeout
                0x0001104c       0x64 ./lwip/src/core/ipv4/dhcp.o
 .text.dhcp_set_state
                0x000110b0       0x34 ./lwip/src/core/ipv4/dhcp.o
 .text.dhcp_supplied_address
                0x000110e4       0x4c ./lwip/src/core/ipv4/dhcp.o
                0x000110e4                dhcp_supplied_address
 .text.icmp_dest_unreach
                0x00011130       0x20 ./lwip/src/core/ipv4/icmp.o
                0x00011130                icmp_dest_unreach
 .text.icmp_time_exceeded
                0x00011150       0x20 ./lwip/src/core/ipv4/icmp.o
                0x00011150                icmp_time_exceeded
 .text.ip4_output_if
                0x00011170       0x54 ./lwip/src/core/ipv4/ip4.o
                0x00011170                ip4_output_if
 .text.ip4_addr_isbroadcast_u32
                0x000111c4       0x82 ./lwip/src/core/ipv4/ip4_addr.o
                0x000111c4                ip4_addr_isbroadcast_u32
 .text.ip_frag_alloc_pbuf_custom_ref
                0x00011246       0x10 ./lwip/src/core/ipv4/ip4_frag.o
 .text.lwip_htons
                0x00011256       0x1c ./lwip/src/core/def.o
                0x00011256                lwip_htons
 .text.lwip_htonl
                0x00011272       0x32 ./lwip/src/core/def.o
                0x00011272                lwip_htonl
 .text.lwip_standard_chksum
                0x000112a4       0xba ./lwip/src/core/inet_chksum.o
                0x000112a4                lwip_standard_chksum
 .text.inet_cksum_pseudo_base
                0x0001135e       0xd8 ./lwip/src/core/inet_chksum.o
 .text.inet_chksum_pseudo
                0x00011436       0x70 ./lwip/src/core/inet_chksum.o
                0x00011436                inet_chksum_pseudo
 .text.ip_chksum_pseudo
                0x000114a6       0x2c ./lwip/src/core/inet_chksum.o
                0x000114a6                ip_chksum_pseudo
 .text.inet_chksum
                0x000114d2       0x24 ./lwip/src/core/inet_chksum.o
                0x000114d2                inet_chksum
 .text.inet_chksum_pbuf
                0x000114f6       0x94 ./lwip/src/core/inet_chksum.o
                0x000114f6                inet_chksum_pbuf
 .text.lwip_init
                0x0001158a       0x2e ./lwip/src/core/init.o
                0x0001158a                lwip_init
 .text.memp_init_pool
                0x000115b8       0x5e ./lwip/src/core/memp.o
                0x000115b8                memp_init_pool
 .text.netif_init
                0x00011616        0xe ./lwip/src/core/netif.o
                0x00011616                netif_init
 .text.netif_set_addr
                0x00011624       0x56 ./lwip/src/core/netif.o
                0x00011624                netif_set_addr
 .text.netif_set_gw
                0x0001167a       0x28 ./lwip/src/core/netif.o
                0x0001167a                netif_set_gw
 .text.netif_set_netmask
                0x000116a2       0x28 ./lwip/src/core/netif.o
                0x000116a2                netif_set_netmask
 .text.netif_set_up
                0x000116ca       0x46 ./lwip/src/core/netif.o
                0x000116ca                netif_set_up
 .text.netif_issue_reports
                0x00011710       0x42 ./lwip/src/core/netif.o
 .text.pbuf_header
                0x00011752       0x24 ./lwip/src/core/pbuf.o
                0x00011752                pbuf_header
 .text.pbuf_header_force
                0x00011776       0x24 ./lwip/src/core/pbuf.o
                0x00011776                pbuf_header_force
 .text.pbuf_clen
                0x0001179a       0x2e ./lwip/src/core/pbuf.o
                0x0001179a                pbuf_clen
 .text.pbuf_chain
                0x000117c8       0x20 ./lwip/src/core/pbuf.o
                0x000117c8                pbuf_chain
 .text.tcp_init
                0x000117e8        0xe ./lwip/src/core/tcp.o
                0x000117e8                tcp_init
 .text.tcp_remove_listener
                0x000117f6       0x38 ./lwip/src/core/tcp.o
 .text.tcp_close
                0x0001182e       0x30 ./lwip/src/core/tcp.o
                0x0001182e                tcp_close
 .text.tcp_shutdown
                0x0001185e       0x8e ./lwip/src/core/tcp.o
                0x0001185e                tcp_shutdown
 .text.tcp_abort
                0x000118ec       0x18 ./lwip/src/core/tcp.o
                0x000118ec                tcp_abort
 .text.tcp_process_refused_data
                0x00011904       0xcc ./lwip/src/core/tcp.o
                0x00011904                tcp_process_refused_data
 .text.tcp_segs_free
                0x000119d0       0x28 ./lwip/src/core/tcp.o
                0x000119d0                tcp_segs_free
 .text.tcp_seg_free
                0x000119f8       0x30 ./lwip/src/core/tcp.o
                0x000119f8                tcp_seg_free
 .text.tcp_recv_null
                0x00011a28       0x44 ./lwip/src/core/tcp.o
                0x00011a28                tcp_recv_null
 .text.tcp_new_ip_type
                0x00011a6c       0x1c ./lwip/src/core/tcp.o
                0x00011a6c                tcp_new_ip_type
 .text.tcp_arg  0x00011a88       0x22 ./lwip/src/core/tcp.o
                0x00011a88                tcp_arg
 .text.tcp_accept
                0x00011aaa       0x2e ./lwip/src/core/tcp.o
                0x00011aaa                tcp_accept
 .text.tcp_pcb_purge
                0x00011ad8       0x78 ./lwip/src/core/tcp.o
                0x00011ad8                tcp_pcb_purge
 .text.tcp_eff_send_mss_impl
                0x00011b50       0x48 ./lwip/src/core/tcp.o
                0x00011b50                tcp_eff_send_mss_impl
 .text.tcp_netif_ip_addr_changed_pcblist
                0x00011b98       0x42 ./lwip/src/core/tcp.o
 .text.tcp_send_fin
                0x00011bda       0x7e ./lwip/src/core/tcp_out.o
                0x00011bda                tcp_send_fin
 .text.tcp_send_empty_ack
                0x00011c58       0xdc ./lwip/src/core/tcp_out.o
                0x00011c58                tcp_send_empty_ack
 .text.tcp_rexmit_rto
                0x00011d34       0x7e ./lwip/src/core/tcp_out.o
                0x00011d34                tcp_rexmit_rto
 .text.tcp_rexmit
                0x00011db2       0xa0 ./lwip/src/core/tcp_out.o
                0x00011db2                tcp_rexmit
 .text.tcp_rexmit_fast
                0x00011e52       0xae ./lwip/src/core/tcp_out.o
                0x00011e52                tcp_rexmit_fast
 .text.tcp_keepalive
                0x00011f00       0x9e ./lwip/src/core/tcp_out.o
                0x00011f00                tcp_keepalive
 .text.tcp_zero_window_probe
                0x00011f9e      0x158 ./lwip/src/core/tcp_out.o
                0x00011f9e                tcp_zero_window_probe
 .text.udp_init
                0x000120f6        0xe ./lwip/src/core/udp.o
                0x000120f6                udp_init
 .text.udp_sendto_if
                0x00012104       0x7a ./lwip/src/core/udp.o
                0x00012104                udp_sendto_if
 .text.udp_recv
                0x0001217e       0x24 ./lwip/src/core/udp.o
                0x0001217e                udp_recv
 .text.udp_new  0x000121a2       0x2e ./lwip/src/core/udp.o
                0x000121a2                udp_new
 .text.udp_new_ip_type
                0x000121d0       0x1a ./lwip/src/core/udp.o
                0x000121d0                udp_new_ip_type
 .text.netconn_apimsg
                0x000121ea       0x40 ./lwip/src/api/api_lib.o
 .text.lwip_netconn_do_newconn
                0x0001222a       0x58 ./lwip/src/api/api_msg.o
                0x0001222a                lwip_netconn_do_newconn
 .text.lwip_netconn_do_bind
                0x00012282       0xc0 ./lwip/src/api/api_msg.o
                0x00012282                lwip_netconn_do_bind
 .text.lwip_netconn_do_recv
                0x00012342       0x98 ./lwip/src/api/api_msg.o
                0x00012342                lwip_netconn_do_recv
 .text.netbuf_delete
                0x000123da       0x3e ./lwip/src/api/netbuf.o
                0x000123da                netbuf_delete
 .text.ENET_ActiveRead
                0x00012418       0x1c ./lwip/port/ethernetif.o
 .text.low_level_init
                0x00012434       0x5a ./lwip/port/ethernetif.o
 .text.enet_send_frame
                0x0001248e       0x52 ./lwip/port/ethernetif.o
 .text.enet_get_rx_frame_size
                0x000124e0       0x20 ./lwip/port/ethernetif.o
 .text.enet_read_frame
                0x00012500       0x24 ./lwip/port/ethernetif.o
 .text.low_level_input
                0x00012524      0x130 ./lwip/port/ethernetif.o
 .text.sys_mbox_new
                0x00012654       0x38 ./lwip/port/sys_arch.o
                0x00012654                sys_mbox_new
 .text.sys_mbox_free
                0x0001268c       0x40 ./lwip/port/sys_arch.o
                0x0001268c                sys_mbox_free
 .text.sys_arch_mbox_fetch
                0x000126cc       0x98 ./lwip/port/sys_arch.o
                0x000126cc                sys_arch_mbox_fetch
 .text.sys_arch_mbox_tryfetch
                0x00012764       0x40 ./lwip/port/sys_arch.o
                0x00012764                sys_arch_mbox_tryfetch
 .text.sys_sem_new
                0x000127a4       0x7a ./lwip/port/sys_arch.o
                0x000127a4                sys_sem_new
 .text.sys_arch_sem_wait
                0x0001281e       0x80 ./lwip/port/sys_arch.o
                0x0001281e                sys_arch_sem_wait
 .text.sys_mutex_new
                0x0001289e       0x30 ./lwip/port/sys_arch.o
                0x0001289e                sys_mutex_new
 .text.sys_mutex_lock
                0x000128ce       0x26 ./lwip/port/sys_arch.o
                0x000128ce                sys_mutex_lock
 .text.sys_mutex_unlock
                0x000128f4       0x1e ./lwip/port/sys_arch.o
                0x000128f4                sys_mutex_unlock
 .text.sys_sem_signal
                0x00012912       0x1e ./lwip/port/sys_arch.o
                0x00012912                sys_sem_signal
 .text.sys_sem_free
                0x00012930       0x1a ./lwip/port/sys_arch.o
                0x00012930                sys_sem_free
 .text.sys_init
                0x0001294a        0xe ./lwip/port/sys_arch.o
                0x0001294a                sys_init
 .text.sys_now  0x00012958        0xe ./lwip/port/sys_arch.o
                0x00012958                sys_now
 .text.sys_thread_new
                0x00012966       0x44 ./lwip/port/sys_arch.o
                0x00012966                sys_thread_new
 .text.sys_arch_protect
                0x000129aa       0x42 ./lwip/port/sys_arch.o
                0x000129aa                sys_arch_protect
 .text.sys_arch_unprotect
                0x000129ec       0x2c ./lwip/port/sys_arch.o
                0x000129ec                sys_arch_unprotect
 .text.OSC_SetExtRefClkConfig
                0x00012a18       0x34 ./drivers/fsl_clock.o
 .text.OSC_SetCapLoad
                0x00012a4c       0x34 ./drivers/fsl_clock.o
 .text.CLOCK_GetPll0RefFreq
                0x00012a80        0xe ./drivers/fsl_clock.o
 .text.CLOCK_GetFixedFreqClkFreq
                0x00012a8e       0x2e ./drivers/fsl_clock.o
                0x00012a8e                CLOCK_GetFixedFreqClkFreq
 .text.CLOCK_EnableClock
                0x00012abc       0x34 ./drivers/fsl_dac.o
 .text.CLOCK_EnableClock
                0x00012af0       0x34 ./drivers/fsl_enet.o
 .text.EnableIRQ
                0x00012b24       0x2c ./drivers/fsl_enet.o
 .text.ENET_Reset
                0x00012b50       0x20 ./drivers/fsl_enet.o
 .text.ENET_GetSMI
                0x00012b70       0x26 ./drivers/fsl_enet.o
 .text.ENET_EnableSleepMode
                0x00012b96       0x38 ./drivers/fsl_enet.o
 .text.ENET_EnableInterrupts
                0x00012bce       0x22 ./drivers/fsl_enet.o
 .text.ENET_SetMacAddr
                0x00012bf0       0x5e ./drivers/fsl_enet.o
                0x00012bf0                ENET_SetMacAddr
 .text.ENET_StartSMIWrite
                0x00012c4e       0x50 ./drivers/fsl_enet.o
                0x00012c4e                ENET_StartSMIWrite
 .text.ENET_StartSMIRead
                0x00012c9e       0x4a ./drivers/fsl_enet.o
                0x00012c9e                ENET_StartSMIRead
 .text.CLOCK_EnableClock
                0x00012ce8       0x34 ./drivers/fsl_pit.o
 .text.CLOCK_EnableClock
                0x00012d1c       0x34 ./drivers/fsl_uart.o
 .text.UART0_RX_TX_DriverIRQHandler
                0x00012d50       0x10 ./drivers/fsl_uart.o
                0x00012d50                UART0_RX_TX_DriverIRQHandler
 .text.UART1_RX_TX_DriverIRQHandler
                0x00012d60       0x10 ./drivers/fsl_uart.o
                0x00012d60                UART1_RX_TX_DriverIRQHandler
 .text.UART2_RX_TX_DriverIRQHandler
                0x00012d70       0x10 ./drivers/fsl_uart.o
                0x00012d70                UART2_RX_TX_DriverIRQHandler
 .text.UART3_RX_TX_DriverIRQHandler
                0x00012d80       0x10 ./drivers/fsl_uart.o
                0x00012d80                UART3_RX_TX_DriverIRQHandler
 .text.UART4_RX_TX_DriverIRQHandler
                0x00012d90       0x10 ./drivers/fsl_uart.o
                0x00012d90                UART4_RX_TX_DriverIRQHandler
 .text.UART5_RX_TX_DriverIRQHandler
                0x00012da0       0x10 ./drivers/fsl_uart.o
                0x00012da0                UART5_RX_TX_DriverIRQHandler
 .text.CLOCK_EnableClock
                0x00012db0       0x34 ./board/fsl_phy.o
 .text.ENET_ReadSMIData
                0x00012de4       0x1a ./board/fsl_phy.o
 .text.ENET_GetInterruptStatus
                0x00012dfe       0x18 ./board/fsl_phy.o
 .text.ENET_ClearInterruptStatus
                0x00012e16       0x1c ./board/fsl_phy.o
 .text.PHY_Write
                0x00012e32       0x70 ./board/fsl_phy.o
                0x00012e32                PHY_Write
 .text.CLOCK_EnableClock
                0x00012ea2       0x34 ./board/pin_mux.o
 .text.PORT_SetPinMux
                0x00012ed6       0x3a ./board/pin_mux.o
 .text.pvPortMalloc
                0x00012f10       0x22 ./amazon-freertos/FreeRTOS/portable/heap_3.o
                0x00012f10                pvPortMalloc
 .text.vPortFree
                0x00012f32       0x24 ./amazon-freertos/FreeRTOS/portable/heap_3.o
                0x00012f32                vPortFree
 .text.xEventGroupCreate
                0x00012f56       0x2e ./amazon-freertos/FreeRTOS/event_groups.o
                0x00012f56                xEventGroupCreate
 .text.xEventGroupSetBits
                0x00012f84      0x112 ./amazon-freertos/FreeRTOS/event_groups.o
                0x00012f84                xEventGroupSetBits
 .text.vEventGroupSetBitsCallback
                0x00013096       0x1a ./amazon-freertos/FreeRTOS/event_groups.o
                0x00013096                vEventGroupSetBitsCallback
 .text.prvTestWaitCondition
                0x000130b0       0x44 ./amazon-freertos/FreeRTOS/event_groups.o
 .text.vListInitialise
                0x000130f4       0x40 ./amazon-freertos/FreeRTOS/list.o
                0x000130f4                vListInitialise
 .text.vListInitialiseItem
                0x00013134       0x1a ./amazon-freertos/FreeRTOS/list.o
                0x00013134                vListInitialiseItem
 .text.vListInsertEnd
                0x0001314e       0x48 ./amazon-freertos/FreeRTOS/list.o
                0x0001314e                vListInsertEnd
 .text.vListInsert
                0x00013196       0x72 ./amazon-freertos/FreeRTOS/list.o
                0x00013196                vListInsert
 .text.uxListRemove
                0x00013208       0x54 ./amazon-freertos/FreeRTOS/list.o
                0x00013208                uxListRemove
 .text.xQueueGenericCreate
                0x0001325c       0x72 ./amazon-freertos/FreeRTOS/queue.o
                0x0001325c                xQueueGenericCreate
 .text.prvInitialiseNewQueue
                0x000132ce       0x46 ./amazon-freertos/FreeRTOS/queue.o
 .text.prvInitialiseMutex
                0x00013314       0x34 ./amazon-freertos/FreeRTOS/queue.o
 .text.xQueueCreateMutex
                0x00013348       0x30 ./amazon-freertos/FreeRTOS/queue.o
                0x00013348                xQueueCreateMutex
 .text.xQueueCreateCountingSemaphore
                0x00013378       0x62 ./amazon-freertos/FreeRTOS/queue.o
                0x00013378                xQueueCreateCountingSemaphore
 .text.xQueueGenericSendFromISR
                0x000133da      0x128 ./amazon-freertos/FreeRTOS/queue.o
                0x000133da                xQueueGenericSendFromISR
 .text.xQueueGiveFromISR
                0x00013502      0x112 ./amazon-freertos/FreeRTOS/queue.o
                0x00013502                xQueueGiveFromISR
 .text.uxQueueMessagesWaiting
                0x00013614       0x3a ./amazon-freertos/FreeRTOS/queue.o
                0x00013614                uxQueueMessagesWaiting
 .text.vQueueDelete
                0x0001364e       0x3a ./amazon-freertos/FreeRTOS/queue.o
                0x0001364e                vQueueDelete
 .text.prvGetDisinheritPriorityAfterTimeout
                0x00013688       0x30 ./amazon-freertos/FreeRTOS/queue.o
 .text.prvCopyDataToQueue
                0x000136b8       0xd4 ./amazon-freertos/FreeRTOS/queue.o
 .text.prvCopyDataFromQueue
                0x0001378c       0x4c ./amazon-freertos/FreeRTOS/queue.o
 .text.prvUnlockQueue
                0x000137d8       0xa4 ./amazon-freertos/FreeRTOS/queue.o
 .text.prvIsQueueEmpty
                0x0001387c       0x2c ./amazon-freertos/FreeRTOS/queue.o
 .text.prvIsQueueFull
                0x000138a8       0x30 ./amazon-freertos/FreeRTOS/queue.o
 .text.xQueueIsQueueFullFromISR
                0x000138d8       0x46 ./amazon-freertos/FreeRTOS/queue.o
                0x000138d8                xQueueIsQueueFullFromISR
 .text.vQueueWaitForMessageRestricted
                0x0001391e       0x68 ./amazon-freertos/FreeRTOS/queue.o
                0x0001391e                vQueueWaitForMessageRestricted
 .text.xTaskCreate
                0x00013986       0x82 ./amazon-freertos/FreeRTOS/tasks.o
                0x00013986                xTaskCreate
 .text.prvInitialiseNewTask
                0x00013a08      0x12a ./amazon-freertos/FreeRTOS/tasks.o
 .text.prvDeleteTCB
                0x00013b32       0x20 ./amazon-freertos/FreeRTOS/tasks.o
 .text.prvTimerTask
                0x00013b52       0x24 ./amazon-freertos/FreeRTOS/timers.o
 .text.SystemInitHook
                0x00013b76        0xe ./CMSIS/system_MK64F12.o
                0x00013b76                SystemInitHook
 .text.__main   0x00013b84        0xe c:/nxp/mcuxpressoide_10.2.0_759/ide/tools/bin/../lib/gcc/arm-none-eabi/7.2.1/../../../../arm-none-eabi/lib/thumb/v7e-m/fpv4-sp/hard\libcr_semihost_nf.a(_cr__main.o)
                0x00013b84                __CR_SEMIHOST
                0x00013b84                __main
 .text.memcpy   0x00013b92        0x4 c:/nxp/mcuxpressoide_10.2.0_759/ide/tools/bin/../lib/gcc/arm-none-eabi/7.2.1/../../../../arm-none-eabi/lib/thumb/v7e-m/fpv4-sp/hard\libcr_c.a(memcpy.o)
                0x00013b92                memcpy
 .text.memset   0x00013b96        0x4 c:/nxp/mcuxpressoide_10.2.0_759/ide/tools/bin/../lib/gcc/arm-none-eabi/7.2.1/../../../../arm-none-eabi/lib/thumb/v7e-m/fpv4-sp/hard\libcr_c.a(memset.o)
                0x00013b96                memset
 .text._deferredlazyseek
                0x00013b9a       0x40 c:/nxp/mcuxpressoide_10.2.0_759/ide/tools/bin/../lib/gcc/arm-none-eabi/7.2.1/../../../../arm-none-eabi/lib/thumb/v7e-m/fpv4-sp/hard\libcr_c.a(_deferredlazyseek.o)
                0x00013b9a                _deferredlazyseek
 .text.__flsbuf
                0x00013bda      0x140 c:/nxp/mcuxpressoide_10.2.0_759/ide/tools/bin/../lib/gcc/arm-none-eabi/7.2.1/../../../../arm-none-eabi/lib/thumb/v7e-m/fpv4-sp/hard\libcr_c.a(_deferredlazyseek.o)
                0x00013bda                __flsbuf
 .text._fflush  0x00013d1a       0x52 c:/nxp/mcuxpressoide_10.2.0_759/ide/tools/bin/../lib/gcc/arm-none-eabi/7.2.1/../../../../arm-none-eabi/lib/thumb/v7e-m/fpv4-sp/hard\libcr_c.a(_fflush.o)
                0x00013d1a                _fflush
 .text.free     0x00013d6c       0x30 c:/nxp/mcuxpressoide_10.2.0_759/ide/tools/bin/../lib/gcc/arm-none-eabi/7.2.1/../../../../arm-none-eabi/lib/thumb/v7e-m/fpv4-sp/hard\libcr_c.a(alloc.o)
                0x00013d6c                free
 .text.fputs    0x00013d9c       0x2c c:/nxp/mcuxpressoide_10.2.0_759/ide/tools/bin/../lib/gcc/arm-none-eabi/7.2.1/../../../../arm-none-eabi/lib/thumb/v7e-m/fpv4-sp/hard\libcr_c.a(fputs.o)
                0x00013d9c                fputs
 .text.memcmp   0x00013dc8       0x44 c:/nxp/mcuxpressoide_10.2.0_759/ide/tools/bin/../lib/gcc/arm-none-eabi/7.2.1/../../../../arm-none-eabi/lib/thumb/v7e-m/fpv4-sp/hard\libcr_c.a(memcmp.o)
                0x00013dc8                memcmp
 .text.no_fp_display
                0x00013e0c        0x4 c:/nxp/mcuxpressoide_10.2.0_759/ide/tools/bin/../lib/gcc/arm-none-eabi/7.2.1/../../../../arm-none-eabi/lib/thumb/v7e-m/fpv4-sp/hard\libcr_c.a(printf.o)
 .text.strlen   0x00013e10       0x4a c:/nxp/mcuxpressoide_10.2.0_759/ide/tools/bin/../lib/gcc/arm-none-eabi/7.2.1/../../../../arm-none-eabi/lib/thumb/v7e-m/fpv4-sp/hard\libcr_c.a(strlen.o)
                0x00013e10                strlen
 .text._fdopen  0x00013e5a       0x68 c:/nxp/mcuxpressoide_10.2.0_759/ide/tools/bin/../lib/gcc/arm-none-eabi/7.2.1/../../../../arm-none-eabi/lib/thumb/v7e-m/fpv4-sp/hard\libcr_c.a(_fdopen.o)
                0x00013e5a                _fdopen
 .text.fclose   0x00013ec2       0x58 c:/nxp/mcuxpressoide_10.2.0_759/ide/tools/bin/../lib/gcc/arm-none-eabi/7.2.1/../../../../arm-none-eabi/lib/thumb/v7e-m/fpv4-sp/hard\libcr_c.a(fclose.o)
                0x00013ec2                fclose
 .text.remove   0x00013f1a       0x14 c:/nxp/mcuxpressoide_10.2.0_759/ide/tools/bin/../lib/gcc/arm-none-eabi/7.2.1/../../../../arm-none-eabi/lib/thumb/v7e-m/fpv4-sp/hard\libcr_c.a(remove.o)
                0x00013f1a                remove
 .text._do_fflush
                0x00013f2e       0x40 c:/nxp/mcuxpressoide_10.2.0_759/ide/tools/bin/../lib/gcc/arm-none-eabi/7.2.1/../../../../arm-none-eabi/lib/thumb/v7e-m/fpv4-sp/hard\libcr_c.a(_do_fflush.o)
                0x00013f2e                _do_fflush
 .text.__aeabi_division_uldivmod
                0x00013f6e      0x174 c:/nxp/mcuxpressoide_10.2.0_759/ide/tools/bin/../lib/gcc/arm-none-eabi/7.2.1/thumb/v7e-m/fpv4-sp/hard\libcr_eabihelpers.a(division_64.o)
                0x00013f6e                __aeabi_uldivmod
                0x00013f72                __bhs_ldivmod1
 .text.__aeabi_division_idiv0
                0x000140e2        0x2 c:/nxp/mcuxpressoide_10.2.0_759/ide/tools/bin/../lib/gcc/arm-none-eabi/7.2.1/thumb/v7e-m/fpv4-sp/hard\libcr_eabihelpers.a(division_idiv0.o)
                0x000140e2                __aeabi_idiv0
 .text.__aeabi_memcpy
                0x000140e4       0x34 c:/nxp/mcuxpressoide_10.2.0_759/ide/tools/bin/../lib/gcc/arm-none-eabi/7.2.1/thumb/v7e-m/fpv4-sp/hard\libcr_eabihelpers.a(memcpy.o)
                0x000140e4                __aeabi_memcpy
                0x000140ee                __aeabi_memcpy8
                0x000140ee                __aeabi_memcpy4
 .text.__aeabi_memset_lowlevel
                0x00014118       0x32 c:/nxp/mcuxpressoide_10.2.0_759/ide/tools/bin/../lib/gcc/arm-none-eabi/7.2.1/thumb/v7e-m/fpv4-sp/hard\libcr_eabihelpers.a(memcpy.o)
                0x00014118                __aeabi_lowlevel_memset
 .text.__sys_close
                0x0001414a        0xc c:/nxp/mcuxpressoide_10.2.0_759/ide/tools/bin/../lib/gcc/arm-none-eabi/7.2.1/../../../../arm-none-eabi/lib/thumb/v7e-m/fpv4-sp/hard\libcr_semihost_nf.a(__sys_close.o)
                0x0001414a                __sys_close
 .text.__sys_flen
                0x00014156        0xc c:/nxp/mcuxpressoide_10.2.0_759/ide/tools/bin/../lib/gcc/arm-none-eabi/7.2.1/../../../../arm-none-eabi/lib/thumb/v7e-m/fpv4-sp/hard\libcr_semihost_nf.a(__sys_flen.o)
                0x00014156                __sys_flen
 .text.__sys_istty
                0x00014162        0xc c:/nxp/mcuxpressoide_10.2.0_759/ide/tools/bin/../lib/gcc/arm-none-eabi/7.2.1/../../../../arm-none-eabi/lib/thumb/v7e-m/fpv4-sp/hard\libcr_semihost_nf.a(__sys_istty.o)
                0x00014162                __sys_istty
 .text.__sys_remove
                0x0001416e        0xc c:/nxp/mcuxpressoide_10.2.0_759/ide/tools/bin/../lib/gcc/arm-none-eabi/7.2.1/../../../../arm-none-eabi/lib/thumb/v7e-m/fpv4-sp/hard\libcr_semihost_nf.a(__sys_remove.o)
                0x0001416e                __sys_remove
 .text.__sys_seek
                0x0001417a        0xc c:/nxp/mcuxpressoide_10.2.0_759/ide/tools/bin/../lib/gcc/arm-none-eabi/7.2.1/../../../../arm-none-eabi/lib/thumb/v7e-m/fpv4-sp/hard\libcr_semihost_nf.a(__sys_seek.o)
                0x0001417a                __sys_seek
 .text.__sys_tmpnam
                0x00014186        0xc c:/nxp/mcuxpressoide_10.2.0_759/ide/tools/bin/../lib/gcc/arm-none-eabi/7.2.1/../../../../arm-none-eabi/lib/thumb/v7e-m/fpv4-sp/hard\libcr_semihost_nf.a(__sys_tmpnam.o)
                0x00014186                __sys_tmpnam
 .text.__sys_write
                0x00014192        0xc c:/nxp/mcuxpressoide_10.2.0_759/ide/tools/bin/../lib/gcc/arm-none-eabi/7.2.1/../../../../arm-none-eabi/lib/thumb/v7e-m/fpv4-sp/hard\libcr_semihost_nf.a(__sys_write.o)
                0x00014192                __sys_write
 *(SORT_BY_ALIGNMENT(.rodata) SORT_BY_ALIGNMENT(.rodata.*) SORT_BY_ALIGNMENT(.constdata) SORT_BY_ALIGNMENT(.constdata.*))
 *fill*         0x0001419e        0x2 ff
 .rodata        0x000141a0       0x50 ./utilities/fsl_debug_console.o