Archive member included to satisfy reference by file (symbol)

c:/nxp/mcuxpressoide_10.2.0_759/ide/tools/bin/../lib/gcc/arm-none-eabi/7.2.1/../../../../arm-none-eabi/lib/thumb/v7e-m/fpv4-sp/hard\libcr_semihost_nf.a(_cr__main.o)
                              ./startup/startup_mk64f12.o (__main)
c:/nxp/mcuxpressoide_10.2.0_759/ide/tools/bin/../lib/gcc/arm-none-eabi/7.2.1/../../../../arm-none-eabi/lib/thumb/v7e-m/fpv4-sp/hard\libcr_semihost_nf.a(_cr_assert.o)
                              ./utilities/fsl_debug_console.o (__assertion_failed)
c:/nxp/mcuxpressoide_10.2.0_759/ide/tools/bin/../lib/gcc/arm-none-eabi/7.2.1/../../../../arm-none-eabi/lib/thumb/v7e-m/fpv4-sp/hard\libcr_semihost_nf.a(__ciob.o)
                              c:/nxp/mcuxpressoide_10.2.0_759/ide/tools/bin/../lib/gcc/arm-none-eabi/7.2.1/../../../../arm-none-eabi/lib/thumb/v7e-m/fpv4-sp/hard\libcr_semihost_nf.a(_cr_assert.o) (__Ciob)
c:/nxp/mcuxpressoide_10.2.0_759/ide/tools/bin/../lib/gcc/arm-none-eabi/7.2.1/../../../../arm-none-eabi/lib/thumb/v7e-m/fpv4-sp/hard\libcr_semihost_nf.a(__sys_appexit.o)
                              c:/nxp/mcuxpressoide_10.2.0_759/ide/tools/bin/../lib/gcc/arm-none-eabi/7.2.1/../../../../arm-none-eabi/lib/thumb/v7e-m/fpv4-sp/hard\libcr_semihost_nf.a(_cr_assert.o) (__sys_appexit)
c:/nxp/mcuxpressoide_10.2.0_759/ide/tools/bin/../lib/gcc/arm-none-eabi/7.2.1/../../../../arm-none-eabi/lib/thumb/v7e-m/fpv4-sp/hard\libcr_c.a(memcpy.o)
                              ./lwip/src/netif/ethernet.o (memcpy)
c:/nxp/mcuxpressoide_10.2.0_759/ide/tools/bin/../lib/gcc/arm-none-eabi/7.2.1/../../../../arm-none-eabi/lib/thumb/v7e-m/fpv4-sp/hard\libcr_c.a(memset.o)
                              ./lwip/src/core/ipv4/dhcp.o (memset)
c:/nxp/mcuxpressoide_10.2.0_759/ide/tools/bin/../lib/gcc/arm-none-eabi/7.2.1/../../../../arm-none-eabi/lib/thumb/v7e-m/fpv4-sp/hard\libcr_c.a(_deferredlazyseek.o)
                              c:/nxp/mcuxpressoide_10.2.0_759/ide/tools/bin/../lib/gcc/arm-none-eabi/7.2.1/../../../../arm-none-eabi/lib/thumb/v7e-m/fpv4-sp/hard\libcr_semihost_nf.a(_cr_assert.o) (__flsbuf)
c:/nxp/mcuxpressoide_10.2.0_759/ide/tools/bin/../lib/gcc/arm-none-eabi/7.2.1/../../../../arm-none-eabi/lib/thumb/v7e-m/fpv4-sp/hard\libcr_c.a(_fflush.o)
                              c:/nxp/mcuxpressoide_10.2.0_759/ide/tools/bin/../lib/gcc/arm-none-eabi/7.2.1/../../../../arm-none-eabi/lib/thumb/v7e-m/fpv4-sp/hard\libcr_c.a(_deferredlazyseek.o) (_fflush)
c:/nxp/mcuxpressoide_10.2.0_759/ide/tools/bin/../lib/gcc/arm-none-eabi/7.2.1/../../../../arm-none-eabi/lib/thumb/v7e-m/fpv4-sp/hard\libcr_c.a(_writebuf.o)
                              c:/nxp/mcuxpressoide_10.2.0_759/ide/tools/bin/../lib/gcc/arm-none-eabi/7.2.1/../../../../arm-none-eabi/lib/thumb/v7e-m/fpv4-sp/hard\libcr_c.a(_deferredlazyseek.o) (_Cwritebuf)
c:/nxp/mcuxpressoide_10.2.0_759/ide/tools/bin/../lib/gcc/arm-none-eabi/7.2.1/../../../../arm-none-eabi/lib/thumb/v7e-m/fpv4-sp/hard\libcr_c.a(alloc.o)
                              ./drivers/fsl_common.o (malloc)
c:/nxp/mcuxpressoide_10.2.0_759/ide/tools/bin/../lib/gcc/arm-none-eabi/7.2.1/../../../../arm-none-eabi/lib/thumb/v7e-m/fpv4-sp/hard\libcr_c.a(fputs.o)
                              c:/nxp/mcuxpressoide_10.2.0_759/ide/tools/bin/../lib/gcc/arm-none-eabi/7.2.1/../../../../arm-none-eabi/lib/thumb/v7e-m/fpv4-sp/hard\libcr_semihost_nf.a(_cr_assert.o) (fputs)
c:/nxp/mcuxpressoide_10.2.0_759/ide/tools/bin/../lib/gcc/arm-none-eabi/7.2.1/../../../../arm-none-eabi/lib/thumb/v7e-m/fpv4-sp/hard\libcr_c.a(fseek.o)
                              c:/nxp/mcuxpressoide_10.2.0_759/ide/tools/bin/../lib/gcc/arm-none-eabi/7.2.1/../../../../arm-none-eabi/lib/thumb/v7e-m/fpv4-sp/hard\libcr_c.a(_deferredlazyseek.o) (fseek)
c:/nxp/mcuxpressoide_10.2.0_759/ide/tools/bin/../lib/gcc/arm-none-eabi/7.2.1/../../../../arm-none-eabi/lib/thumb/v7e-m/fpv4-sp/hard\libcr_c.a(ftell.o)
                              c:/nxp/mcuxpressoide_10.2.0_759/ide/tools/bin/../lib/gcc/arm-none-eabi/7.2.1/../../../../arm-none-eabi/lib/thumb/v7e-m/fpv4-sp/hard\libcr_c.a(fseek.o) (ftell)
c:/nxp/mcuxpressoide_10.2.0_759/ide/tools/bin/../lib/gcc/arm-none-eabi/7.2.1/../../../../arm-none-eabi/lib/thumb/v7e-m/fpv4-sp/hard\libcr_c.a(initio.o)
                              c:/nxp/mcuxpressoide_10.2.0_759/ide/tools/bin/../lib/gcc/arm-none-eabi/7.2.1/../../../../arm-none-eabi/lib/thumb/v7e-m/fpv4-sp/hard\libcr_semihost_nf.a(_cr__main.o) (_initio)
c:/nxp/mcuxpressoide_10.2.0_759/ide/tools/bin/../lib/gcc/arm-none-eabi/7.2.1/../../../../arm-none-eabi/lib/thumb/v7e-m/fpv4-sp/hard\libcr_c.a(memcmp.o)
                              ./lwip/src/netif/ethernet.o (memcmp)
c:/nxp/mcuxpressoide_10.2.0_759/ide/tools/bin/../lib/gcc/arm-none-eabi/7.2.1/../../../../arm-none-eabi/lib/thumb/v7e-m/fpv4-sp/hard\libcr_c.a(printf.o)
                              ./amazon-freertos/FreeRTOS/tasks.o (_sprintf)
[...]
Memory Configuration

Name             Origin             Length             Attributes
PROGRAM_FLASH    0x00000000         0x00100000         xr
SRAM_UPPER       0x20000000         0x00030000         xrw
SRAM_LOWER       0x1fff0000         0x00010000         xrw
FLEX_RAM         0x14000000         0x00001000         xrw
*default*        0x00000000         0xffffffff

Linker script and memory map

LOAD ./utilities/fsl_assert.o
LOAD ./utilities/fsl_debug_console.o
LOAD ./utilities/fsl_io.o
LOAD ./utilities/fsl_log.o
LOAD ./utilities/fsl_str.o
LOAD ./startup/startup_mk64f12.o
LOAD ./source/SOUND_PLAYER.o
LOAD ./source/lwip_udpecho_freertos.o
LOAD ./source/semihost_hardfault.o
LOAD ./lwip/src/netif/ppp/auth.o
LOAD ./lwip/src/netif/ppp/ccp.o
LOAD ./lwip/src/netif/ppp/chap-md5.o
LOAD ./lwip/src/netif/ppp/chap-new.o
LOAD ./lwip/src/netif/ppp/chap_ms.o
LOAD ./lwip/src/netif/ppp/demand.o
LOAD ./lwip/src/netif/ppp/eap.o
LOAD ./lwip/src/netif/ppp/eui64.o
LOAD ./lwip/src/netif/ppp/fsm.o
LOAD ./lwip/src/netif/ppp/ipcp.o
LOAD ./lwip/src/netif/ppp/ipv6cp.o
LOAD ./lwip/src/netif/ppp/lcp.o
LOAD ./lwip/src/netif/ppp/lwip_ecp.o
LOAD ./lwip/src/netif/ppp/magic.o
LOAD ./lwip/src/netif/ppp/mppe.o
LOAD ./lwip/src/netif/ppp/multilink.o
LOAD ./lwip/src/netif/ppp/ppp.o
LOAD ./lwip/src/netif/ppp/pppapi.o
LOAD ./lwip/src/netif/ppp/pppcrypt.o
LOAD ./lwip/src/netif/ppp/pppoe.o
LOAD ./lwip/src/netif/ppp/pppol2tp.o
LOAD ./lwip/src/netif/ppp/pppos.o
LOAD ./lwip/src/netif/ppp/upap.o
LOAD ./lwip/src/netif/ppp/utils.o
LOAD ./lwip/src/netif/ppp/vj.o
LOAD ./lwip/src/netif/ethernet.o
LOAD ./lwip/src/netif/lowpan6.o
LOAD ./lwip/src/netif/slipif.o
LOAD ./lwip/src/core/ipv6/dhcp6.o
LOAD ./lwip/src/core/ipv6/ethip6.o
LOAD ./lwip/src/core/ipv6/icmp6.o
LOAD ./lwip/src/core/ipv6/inet6.o
LOAD ./lwip/src/core/ipv6/ip6.o
LOAD ./lwip/src/core/ipv6/ip6_addr.o
LOAD ./lwip/src/core/ipv6/ip6_frag.o
LOAD ./lwip/src/core/ipv6/mld6.o
LOAD ./lwip/src/core/ipv6/nd6.o
LOAD ./lwip/src/core/ipv4/autoip.o
LOAD ./lwip/src/core/ipv4/dhcp.o
LOAD ./lwip/src/core/ipv4/etharp.o
LOAD ./lwip/src/core/ipv4/icmp.o
LOAD ./lwip/src/core/ipv4/igmp.o
LOAD ./lwip/src/core/ipv4/ip4.o
LOAD ./lwip/src/core/ipv4/ip4_addr.o
LOAD ./lwip/src/core/ipv4/ip4_frag.o
LOAD ./lwip/src/core/def.o
LOAD ./lwip/src/core/dns.o
LOAD ./lwip/src/core/inet_chksum.o
LOAD ./lwip/src/core/init.o
LOAD ./lwip/src/core/ip.o
LOAD ./lwip/src/core/mem.o
LOAD ./lwip/src/core/memp.o
LOAD ./lwip/src/core/netif.o
LOAD ./lwip/src/core/pbuf.o
LOAD ./lwip/src/core/raw.o
LOAD ./lwip/src/core/stats.o
LOAD ./lwip/src/core/sys.o
LOAD ./lwip/src/core/tcp.o
LOAD ./lwip/src/core/tcp_in.o
LOAD ./lwip/src/core/tcp_out.o
LOAD ./lwip/src/core/timeouts.o
LOAD ./lwip/src/core/udp.o
LOAD ./lwip/src/api/api_lib.o
LOAD ./lwip/src/api/api_msg.o
LOAD ./lwip/src/api/err.o
LOAD ./lwip/src/api/netbuf.o
LOAD ./lwip/src/api/netdb.o
LOAD ./lwip/src/api/netifapi.o
LOAD ./lwip/src/api/sockets.o
LOAD ./lwip/src/api/tcpip.o
LOAD ./lwip/port/ethernetif.o
LOAD ./lwip/port/sys_arch.o
LOAD ./lwip/contrib/apps/udpecho/udpecho.o
LOAD ./drivers/fsl_clock.o
LOAD ./drivers/fsl_common.o
LOAD ./drivers/fsl_dac.o
LOAD ./drivers/fsl_enet.o
LOAD ./drivers/fsl_ftfx_cache.o
LOAD ./drivers/fsl_ftfx_controller.o
LOAD ./drivers/fsl_ftfx_flash.o
LOAD ./drivers/fsl_ftfx_flexnvm.o
LOAD ./drivers/fsl_gpio.o
LOAD ./drivers/fsl_pit.o
LOAD ./drivers/fsl_sim.o
LOAD ./drivers/fsl_smc.o
LOAD ./drivers/fsl_uart.o
LOAD ./board/src/board.o
LOAD ./board/src/clock_config.o
LOAD ./board/fsl_phy.o
LOAD ./board/peripherals.o
LOAD ./board/pin_mux.o
LOAD ./amazon-freertos/portable/fsl_tickless_systick.o
LOAD ./amazon-freertos/FreeRTOS/portable/heap_3.o
LOAD ./amazon-freertos/FreeRTOS/portable/port.o
LOAD ./amazon-freertos/FreeRTOS/event_groups.o
LOAD ./amazon-freertos/FreeRTOS/list.o
LOAD ./amazon-freertos/FreeRTOS/queue.o
LOAD ./amazon-freertos/FreeRTOS/stream_buffer.o
LOAD ./amazon-freertos/FreeRTOS/tasks.o
LOAD ./amazon-freertos/FreeRTOS/timers.o
LOAD ./CMSIS/system_MK64F12.o
START GROUP
LOAD c:/nxp/mcuxpressoide_10.2.0_759/ide/tools/bin/../lib/gcc/arm-none-eabi/7.2.1/../../../../arm-none-eabi/lib/thumb/v7e-m/fpv4-sp/hard\libcr_semihost_nf.a
LOAD c:/nxp/mcuxpressoide_10.2.0_759/ide/tools/bin/../lib/gcc/arm-none-eabi/7.2.1/../../../../arm-none-eabi/lib/thumb/v7e-m/fpv4-sp/hard\libcr_c.a
LOAD c:/nxp/mcuxpressoide_10.2.0_759/ide/tools/bin/../lib/gcc/arm-none-eabi/7.2.1/thumb/v7e-m/fpv4-sp/hard\libcr_eabihelpers.a
END GROUP
                0x00000000                __base_PROGRAM_FLASH = 0x0
                0x00000000                __base_Flash = 0x0
                0x00100000                __top_PROGRAM_FLASH = 0x100000
                0x00100000                __top_Flash = 0x100000
                0x20000000                __base_SRAM_UPPER = 0x20000000
                0x20000000                __base_RAM = 0x20000000
                0x20030000                __top_SRAM_UPPER = 0x20030000
                0x20030000                __top_RAM = 0x20030000
                0x1fff0000                __base_SRAM_LOWER = 0x1fff0000
                0x1fff0000                __base_RAM2 = 0x1fff0000
                0x20000000                __top_SRAM_LOWER = 0x20000000
                0x20000000                __top_RAM2 = 0x20000000
                0x14000000                __base_FLEX_RAM = 0x14000000
                0x14000000                __base_RAM3 = 0x14000000
                0x14001000                __top_FLEX_RAM = 0x14001000
                0x14001000                __top_RAM3 = 0x14001000

.text           0x00000000    0x17b90
 FILL mask 0xff
                0x00000000                __vectors_start__ = ABSOLUTE (.)
 *(SORT_BY_ALIGNMENT(.isr_vector))
 .isr_vector    0x00000000      0x198 ./startup/startup_mk64f12.o
                0x00000000                g_pfnVectors
                0x00000000                __Vectors
                0x00000198                . = ALIGN (0x4)
                0x00000198                __section_table_start = .
                0x00000198                __data_section_table = .
                0x00000198        0x4 LONG 0x17b90 LOADADDR (.data)
                0x0000019c        0x4 LONG 0x20000000 ADDR (.data)
                0x000001a0        0x4 LONG 0x20 SIZEOF (.data)
                0x000001a4        0x4 LONG 0x17b90 LOADADDR (.data_RAM2)
                0x000001a8        0x4 LONG 0x1fff0000 ADDR (.data_RAM2)
                0x000001ac        0x4 LONG 0x0 SIZEOF (.data_RAM2)
                0x000001b0        0x4 LONG 0x17b90 LOADADDR (.data_RAM3)
                0x000001b4        0x4 LONG 0x14000000 ADDR (.data_RAM3)
                0x000001b8        0x4 LONG 0x0 SIZEOF (.data_RAM3)
                0x000001bc                __data_section_table_end = .
                0x000001bc                __bss_section_table = .
                0x000001bc        0x4 LONG 0x20000020 ADDR (.bss)
                0x000001c0        0x4 LONG 0xdd68 SIZEOF (.bss)
                0x000001c4        0x4 LONG 0x1fff0000 ADDR (.bss_RAM2)
                0x000001c8        0x4 LONG 0x0 SIZEOF (.bss_RAM2)
                0x000001cc        0x4 LONG 0x14000000 ADDR (.bss_RAM3)
                0x000001d0        0x4 LONG 0x0 SIZEOF (.bss_RAM3)
                0x000001d4                __bss_section_table_end = .
                0x000001d4                __section_table_end = .
 *(SORT_BY_ALIGNMENT(.after_vectors*))
 .after_vectors.reset
                0x000001d4       0x4c ./startup/startup_mk64f12.o
                0x000001d4                ResetISR
 .after_vectors.init_data
                0x00000220       0x1e ./startup/startup_mk64f12.o
                0x00000220                data_init
 .after_vectors.init_bss
                0x0000023e       0x12 ./startup/startup_mk64f12.o
                0x0000023e                bss_init
 .after_vectors
                0x00000250       0x14 ./startup/startup_mk64f12.o
                0x00000250                NMI_Handler
                0x00000254                MemManage_Handler
                0x00000256                BusFault_Handler
                0x00000258                UsageFault_Handler
                0x0000025c                DebugMon_Handler
                0x00000262                LPTMR0_DriverIRQHandler
                0x00000262                DMA_Error_DriverIRQHandler
                0x00000262                SPI1_DriverIRQHandler
                0x00000262                FTM1_DriverIRQHandler
                0x00000262                FTM2_DriverIRQHandler
                0x00000262                PIT2_DriverIRQHandler
                0x00000262                SDHC_DriverIRQHandler
                0x00000262                I2S0_Tx_DriverIRQHandler
                0x00000262                RTC_Seconds_DriverIRQHandler
                0x00000262                DMA6_DriverIRQHandler
                0x00000262                LLWU_DriverIRQHandler
                0x00000262                MCM_DriverIRQHandler
                0x00000262                MCG_DriverIRQHandler
                0x00000262                ENET_1588_Timer_DriverIRQHandler
                0x00000262                I2C2_DriverIRQHandler
                0x00000262                DAC1_DriverIRQHandler
                0x00000262                DMA12_DriverIRQHandler
                0x00000262                CMP1_DriverIRQHandler
                0x00000262                FTM0_DriverIRQHandler
                0x00000262                IntDefaultHandler
                0x00000262                USB0_DriverIRQHandler
                0x00000262                UART5_ERR_DriverIRQHandler
                0x00000262                PORTC_DriverIRQHandler
                0x00000262                DMA11_DriverIRQHandler
                0x00000262                DAC0_DriverIRQHandler
                0x00000262                DMA10_DriverIRQHandler
                0x00000262                CMP2_DriverIRQHandler
                0x00000262                UART2_ERR_DriverIRQHandler
                0x00000262                SPI2_DriverIRQHandler
                0x00000262                LVD_LVW_DriverIRQHandler
                0x00000262                PIT0_DriverIRQHandler
                0x00000262                PORTB_DriverIRQHandler
                0x00000262                DMA5_DriverIRQHandler
                0x00000262                DMA4_DriverIRQHandler
                0x00000262                USBDCD_DriverIRQHandler
                0x00000262                UART3_ERR_DriverIRQHandler
                0x00000262                DMA3_DriverIRQHandler
                0x00000262                DMA8_DriverIRQHandler
                0x00000262                DMA9_DriverIRQHandler
                0x00000262                UART0_ERR_DriverIRQHandler
                0x00000262                CMT_DriverIRQHandler
                0x00000262                Reserved71_DriverIRQHandler
                0x00000262                ADC1_DriverIRQHandler
                0x00000262                PORTA_DriverIRQHandler
                0x00000262                DMA14_DriverIRQHandler
                0x00000262                PIT3_DriverIRQHandler
                0x00000262                PIT1_DriverIRQHandler
                0x00000262                WDOG_EWM_DriverIRQHandler
                0x00000262                PDB0_DriverIRQHandler
                0x00000262                RTC_DriverIRQHandler
                0x00000262                I2S0_Rx_DriverIRQHandler
                0x00000262                Read_Collision_DriverIRQHandler
                0x00000262                SWI_DriverIRQHandler
                0x00000262                UART4_ERR_DriverIRQHandler
                0x00000262                DMA0_DriverIRQHandler
                0x00000262                UART0_LON_DriverIRQHandler
                0x00000262                DMA1_DriverIRQHandler
                0x00000262                I2C1_DriverIRQHandler
                0x00000262                ENET_Receive_DriverIRQHandler
                0x00000262                DMA13_DriverIRQHandler
                0x00000262                ENET_Error_DriverIRQHandler
                0x00000262                DMA15_DriverIRQHandler
                0x00000262                SPI0_DriverIRQHandler
                0x00000262                ADC0_DriverIRQHandler
                0x00000262                CMP0_DriverIRQHandler
                0x00000262                CAN0_DriverIRQHandler
                0x00000262                FTM3_DriverIRQHandler
                0x00000262                RNG_DriverIRQHandler
                0x00000262                UART1_ERR_DriverIRQHandler
                0x00000262                DMA2_DriverIRQHandler
                0x00000262                ENET_Transmit_DriverIRQHandler
                0x00000262                PORTD_DriverIRQHandler
                0x00000262                PORTE_DriverIRQHandler
                0x00000262                FTFE_DriverIRQHandler
                0x00000262                I2C0_DriverIRQHandler
                0x00000262                DMA7_DriverIRQHandler
                0x00000400                . = 0x400
 *fill*         0x00000264      0x19c ff
                0x00000400                PROVIDE (__FLASH_CONFIG_START__, .)
 *(SORT_BY_ALIGNMENT(.FlashConfig))
 .FlashConfig   0x00000400       0x10 ./startup/startup_mk64f12.o
                0x00000400                Flash_Config
                0x00000410                PROVIDE (__FLASH_CONFIG_END__, .)
                0x00000001                ASSERT (! ((__FLASH_CONFIG_START__ == __FLASH_CONFIG_END__)), Linker Flash Config Support Enabled, but no .FlashConfig section provided within application)
 *(SORT_BY_ALIGNMENT(.text*))
 .text.SVC_Handler
                0x00000410       0x28 ./amazon-freertos/FreeRTOS/portable/port.o
                0x00000410                SVC_Handler
 *fill*         0x00000438        0x8 ff
 .text.PendSV_Handler
                0x00000440       0x68 ./amazon-freertos/FreeRTOS/portable/port.o
                0x00000440                PendSV_Handler
 .text.DbgConsole_Init
                0x000004a8       0x38 ./utilities/fsl_debug_console.o
                0x000004a8                DbgConsole_Init
 .text.IO_Init  0x000004e0       0x80 ./utilities/fsl_io.o
                0x000004e0                IO_Init
 .text.__NVIC_EnableIRQ
                0x00000560       0x3c ./source/SOUND_PLAYER.o
 .text.__NVIC_SetPriority
                0x0000059c       0x54 ./source/SOUND_PLAYER.o
 .text.PIT_GetDefaultConfig
                0x000005f0       0x28 ./source/SOUND_PLAYER.o
 .text.PITconfig
                0x00000618       0xc4 ./source/SOUND_PLAYER.o
                0x00000618                PITconfig
 .text.DAC_config
                0x000006dc       0x2c ./source/SOUND_PLAYER.o
                0x000006dc                DAC_config
 .text.audio_player
                0x00000708      0x128 ./source/SOUND_PLAYER.o
 .text.audio_player_init
                0x00000830       0x40 ./source/SOUND_PLAYER.o
                0x00000830                audio_player_init
 .text.PIT0_IRQHandler
                0x00000870       0x4c ./source/SOUND_PLAYER.o
                0x00000870                PIT0_IRQHandler
 .text.stack_init
                0x000008bc      0x138 ./source/lwip_udpecho_freertos.o
 .text.main     0x000009f4       0x68 ./source/lwip_udpecho_freertos.o
                0x000009f4                main
 .text.ethernet_input
                0x00000a5c      0x12c ./lwip/src/netif/ethernet.o
                0x00000a5c                ethernet_input
 .text.ethernet_output
                0x00000b88       0x80 ./lwip/src/netif/ethernet.o
                0x00000b88                ethernet_output
 .text.dhcp_check
                0x00000c08       0x68 ./lwip/src/core/ipv4/dhcp.o
 .text.dhcp_select
                0x00000c70      0x14c ./lwip/src/core/ipv4/dhcp.o
 .text.dhcp_coarse_tmr
                0x00000dbc       0xa8 ./lwip/src/core/ipv4/dhcp.o
                0x00000dbc                dhcp_coarse_tmr
 .text.dhcp_fine_tmr
                0x00000e64       0x64 ./lwip/src/core/ipv4/dhcp.o
                0x00000e64                dhcp_fine_tmr
 .text.dhcp_arp_reply
                0x00000ec8       0x48 ./lwip/src/core/ipv4/dhcp.o
                0x00000ec8                dhcp_arp_reply
 .text.dhcp_decline
                0x00000f10       0xd4 ./lwip/src/core/ipv4/dhcp.o
 .text.dhcp_discover
                0x00000fe4      0x118 ./lwip/src/core/ipv4/dhcp.o
 .text.dhcp_bind
                0x000010fc      0x19c ./lwip/src/core/ipv4/dhcp.o
 .text.dhcp_renew
                0x00001298      0x10c ./lwip/src/core/ipv4/dhcp.o
                0x00001298                dhcp_renew
 .text.dhcp_rebind
                0x000013a4      0x10c ./lwip/src/core/ipv4/dhcp.o
 .text.dhcp_reboot
                0x000014b0      0x128 ./lwip/src/core/ipv4/dhcp.o
 .text.dhcp_release
                0x000015d8      0x110 ./lwip/src/core/ipv4/dhcp.o
                0x000015d8                dhcp_release
 .text.dhcp_option
                0x000016e8       0x64 ./lwip/src/core/ipv4/dhcp.o
 .text.dhcp_option_byte
                0x0000174c       0x40 ./lwip/src/core/ipv4/dhcp.o
 .text.dhcp_option_short
                0x0000178c       0x64 ./lwip/src/core/ipv4/dhcp.o
 .text.dhcp_option_long
                0x000017f0       0x9c ./lwip/src/core/ipv4/dhcp.o
 .text.dhcp_create_msg
                0x0000188c      0x290 ./lwip/src/core/ipv4/dhcp.o
 .text.dhcp_delete_msg
                0x00001b1c       0x64 ./lwip/src/core/ipv4/dhcp.o
 .text.dhcp_option_trailer
                0x00001b80       0x94 ./lwip/src/core/ipv4/dhcp.o
 .text.etharp_free_entry
                0x00001c14       0xc0 ./lwip/src/core/ipv4/etharp.o
 .text.etharp_tmr
                0x00001cd4      0x150 ./lwip/src/core/ipv4/etharp.o
                0x00001cd4                etharp_tmr
 .text.etharp_find_entry
                0x00001e24      0x264 ./lwip/src/core/ipv4/etharp.o
 .text.etharp_update_arp_entry
                0x00002088      0x13c ./lwip/src/core/ipv4/etharp.o
 .text.etharp_input
                0x000021c4      0x120 ./lwip/src/core/ipv4/etharp.o
                0x000021c4                etharp_input
 .text.etharp_output_to_arp_index
                0x000022e4      0x124 ./lwip/src/core/ipv4/etharp.o
 .text.etharp_output
                0x00002408      0x1bc ./lwip/src/core/ipv4/etharp.o
                0x00002408                etharp_output
 .text.etharp_query
                0x000025c4      0x274 ./lwip/src/core/ipv4/etharp.o
                0x000025c4                etharp_query
 .text.etharp_raw
                0x00002838      0x100 ./lwip/src/core/ipv4/etharp.o
 .text.etharp_request_dst
                0x00002938       0x44 ./lwip/src/core/ipv4/etharp.o
 .text.etharp_request
                0x0000297c       0x24 ./lwip/src/core/ipv4/etharp.o
                0x0000297c                etharp_request
 .text.icmp_input
                0x000029a0      0x24c ./lwip/src/core/ipv4/icmp.o
                0x000029a0                icmp_input
 .text.icmp_send_response
                0x00002bec       0xd4 ./lwip/src/core/ipv4/icmp.o
 .text.ip4_route
                0x00002cc0       0xd4 ./lwip/src/core/ipv4/ip4.o
                0x00002cc0                ip4_route
 .text.ip4_input
                0x00002d94      0x2d8 ./lwip/src/core/ipv4/ip4.o
                0x00002d94                ip4_input
 .text.ip4_output_if_src
                0x0000306c      0x1f0 ./lwip/src/core/ipv4/ip4.o
                0x0000306c                ip4_output_if_src
 .text.ip_reass_tmr
                0x0000325c       0x58 ./lwip/src/core/ipv4/ip4_frag.o
                0x0000325c                ip_reass_tmr
 .text.ip_reass_free_complete_datagram
                0x000032b4      0x120 ./lwip/src/core/ipv4/ip4_frag.o
 .text.ip_reass_remove_oldest_datagram
                0x000033d4       0xc4 ./lwip/src/core/ipv4/ip4_frag.o
 .text.ip_reass_enqueue_new_datagram
                0x00003498       0x74 ./lwip/src/core/ipv4/ip4_frag.o
 .text.ip_reass_dequeue_datagram
                0x0000350c       0x4c ./lwip/src/core/ipv4/ip4_frag.o
 .text.ip_reass_chain_frag_into_datagram_and_validate
                0x00003558      0x2a4 ./lwip/src/core/ipv4/ip4_frag.o
 .text.ip4_reass
                0x000037fc      0x2b8 ./lwip/src/core/ipv4/ip4_frag.o
                0x000037fc                ip4_reass
 .text.ip_frag_free_pbuf_custom_ref
                0x00003ab4       0x28 ./lwip/src/core/ipv4/ip4_frag.o
 .text.ipfrag_free_pbuf_custom
                0x00003adc       0x50 ./lwip/src/core/ipv4/ip4_frag.o
 .text.ip4_frag
                0x00003b2c      0x22c ./lwip/src/core/ipv4/ip4_frag.o
                0x00003b2c                ip4_frag
 .text.plug_holes
                0x00003d58      0x108 ./lwip/src/core/mem.o
 .text.mem_init
                0x00003e60       0x90 ./lwip/src/core/mem.o
                0x00003e60                mem_init
 .text.mem_free
                0x00003ef0       0xbc ./lwip/src/core/mem.o
                0x00003ef0                mem_free
 .text.mem_trim
                0x00003fac      0x1bc ./lwip/src/core/mem.o
                0x00003fac                mem_trim
 .text.mem_malloc
                0x00004168      0x1c0 ./lwip/src/core/mem.o
                0x00004168                mem_malloc
 .text.memp_init
                0x00004328       0x34 ./lwip/src/core/memp.o
                0x00004328                memp_init
 .text.do_memp_malloc_pool
                0x0000435c       0x54 ./lwip/src/core/memp.o
 .text.memp_malloc
                0x000043b0       0x3c ./lwip/src/core/memp.o
                0x000043b0                memp_malloc
 .text.do_memp_free_pool
                0x000043ec       0x48 ./lwip/src/core/memp.o
 .text.memp_free
                0x00004434       0x44 ./lwip/src/core/memp.o
                0x00004434                memp_free
 .text.netif_add
                0x00004478       0xa8 ./lwip/src/core/netif.o
                0x00004478                netif_add
 .text.netif_set_ipaddr
                0x00004520       0x70 ./lwip/src/core/netif.o
                0x00004520                netif_set_ipaddr
 .text.netif_set_default
                0x00004590       0x20 ./lwip/src/core/netif.o
                0x00004590                netif_set_default
 .text.pbuf_alloc
                0x000045b0      0x2d4 ./lwip/src/core/pbuf.o
                0x000045b0                pbuf_alloc
 .text.pbuf_alloced_custom
                0x00004884       0xc4 ./lwip/src/core/pbuf.o
                0x00004884                pbuf_alloced_custom
 .text.pbuf_realloc
                0x00004948      0x12c ./lwip/src/core/pbuf.o
                0x00004948                pbuf_realloc
 .text.pbuf_header_impl
                0x00004a74      0x124 ./lwip/src/core/pbuf.o
 .text.pbuf_free
                0x00004b98      0x10c ./lwip/src/core/pbuf.o
                0x00004b98                pbuf_free
 .text.pbuf_ref
                0x00004ca4       0x40 ./lwip/src/core/pbuf.o
                0x00004ca4                pbuf_ref
 .text.pbuf_cat
                0x00004ce4       0x8c ./lwip/src/core/pbuf.o
                0x00004ce4                pbuf_cat
 .text.pbuf_copy
                0x00004d70      0x160 ./lwip/src/core/pbuf.o
                0x00004d70                pbuf_copy
 .text.pbuf_copy_partial
                0x00004ed0       0xdc ./lwip/src/core/pbuf.o
                0x00004ed0                pbuf_copy_partial
 .text.tcp_tmr  0x00004fac       0x2c ./lwip/src/core/tcp.o
                0x00004fac                tcp_tmr
 .text.tcp_listen_closed
                0x00004fd8       0x5c ./lwip/src/core/tcp.o
 .text.tcp_backlog_accepted
                0x00005034       0x64 ./lwip/src/core/tcp.o
                0x00005034                tcp_backlog_accepted
 .text.tcp_close_shutdown
                0x00005098      0x1c0 ./lwip/src/core/tcp.o
 .text.tcp_close_shutdown_fin
                0x00005258       0xc4 ./lwip/src/core/tcp.o
 .text.tcp_abandon
                0x0000531c      0x148 ./lwip/src/core/tcp.o
                0x0000531c                tcp_abandon
 .text.tcp_bind
                0x00005464      0x114 ./lwip/src/core/tcp.o
                0x00005464                tcp_bind
 .text.tcp_update_rcv_ann_wnd
                0x00005578       0x8c ./lwip/src/core/tcp.o
                0x00005578                tcp_update_rcv_ann_wnd
 .text.tcp_recved
                0x00005604       0xa0 ./lwip/src/core/tcp.o
                0x00005604                tcp_recved
 .text.tcp_new_port
                0x000056a4       0x88 ./lwip/src/core/tcp.o
 .text.tcp_slowtmr
                0x0000572c      0x4ec ./lwip/src/core/tcp.o
                0x0000572c                tcp_slowtmr
 .text.tcp_fasttmr
                0x00005c18       0xc8 ./lwip/src/core/tcp.o
                0x00005c18                tcp_fasttmr
 .text.tcp_kill_prio
                0x00005ce0       0x84 ./lwip/src/core/tcp.o
 .text.tcp_kill_state
                0x00005d64       0x84 ./lwip/src/core/tcp.o
 .text.tcp_kill_timewait
                0x00005de8       0x60 ./lwip/src/core/tcp.o
 .text.tcp_alloc
                0x00005e48      0x100 ./lwip/src/core/tcp.o
                0x00005e48                tcp_alloc
 .text.tcp_recv
                0x00005f48       0x30 ./lwip/src/core/tcp.o
                0x00005f48                tcp_recv
 .text.tcp_sent
                0x00005f78       0x30 ./lwip/src/core/tcp.o
                0x00005f78                tcp_sent
 .text.tcp_err  0x00005fa8       0x34 ./lwip/src/core/tcp.o
                0x00005fa8                tcp_err
 .text.tcp_poll
                0x00005fdc       0x38 ./lwip/src/core/tcp.o
                0x00005fdc                tcp_poll
 .text.tcp_pcb_remove
                0x00006014       0xc4 ./lwip/src/core/tcp.o
                0x00006014                tcp_pcb_remove
 .text.tcp_next_iss
                0x000060d8       0x30 ./lwip/src/core/tcp.o
                0x000060d8                tcp_next_iss
 .text.tcp_netif_ip_addr_changed
                0x00006108       0x80 ./lwip/src/core/tcp.o
                0x00006108                tcp_netif_ip_addr_changed
 .text.tcp_input
                0x00006188      0x758 ./lwip/src/core/tcp_in.o
                0x00006188                tcp_input
 .text.tcp_input_delayed_close
                0x000068e0       0x64 ./lwip/src/core/tcp_in.o
 .text.tcp_listen_input
                0x00006944      0x1f0 ./lwip/src/core/tcp_in.o
 .text.tcp_timewait_input
                0x00006b34       0xd0 ./lwip/src/core/tcp_in.o
 .text.tcp_process
                0x00006c04      0x74c ./lwip/src/core/tcp_in.o
 .text.tcp_receive
                0x00007350      0x954 ./lwip/src/core/tcp_in.o
 .text.tcp_getoptbyte
                0x00007ca4       0x78 ./lwip/src/core/tcp_in.o
 .text.tcp_parseopt
                0x00007d1c       0xc8 ./lwip/src/core/tcp_in.o
 .text.tcp_trigger_input_pcb_close
                0x00007de4       0x20 ./lwip/src/core/tcp_in.o
                0x00007de4                tcp_trigger_input_pcb_close
 .text.tcp_output_alloc_header
                0x00007e04       0xe8 ./lwip/src/core/tcp_out.o
 .text.tcp_create_segment
                0x00007eec      0x108 ./lwip/src/core/tcp_out.o
 .text.tcp_pbuf_prealloc
                0x00007ff4       0xb4 ./lwip/src/core/tcp_out.o
 .text.tcp_write_checks
                0x000080a8       0xd4 ./lwip/src/core/tcp_out.o
 .text.tcp_write
                0x0000817c      0x6c4 ./lwip/src/core/tcp_out.o
                0x0000817c                tcp_write
 .text.tcp_enqueue_flags
                0x00008840      0x1c8 ./lwip/src/core/tcp_out.o
                0x00008840                tcp_enqueue_flags
 .text.tcp_output
                0x00008a08      0x3c4 ./lwip/src/core/tcp_out.o
                0x00008a08                tcp_output
 .text.tcp_output_segment
                0x00008dcc      0x164 ./lwip/src/core/tcp_out.o
 .text.tcp_rst  0x00008f30       0xf8 ./lwip/src/core/tcp_out.o
                0x00008f30                tcp_rst
 .text.tcpip_tcp_timer
                0x00009028       0x48 ./lwip/src/core/timeouts.o
 .text.tcp_timer_needed
                0x00009070       0x40 ./lwip/src/core/timeouts.o
                0x00009070                tcp_timer_needed
 .text.cyclic_timer
                0x000090b0       0x2c ./lwip/src/core/timeouts.o
 .text.sys_timeouts_init
                0x000090dc       0x50 ./lwip/src/core/timeouts.o
                0x000090dc                sys_timeouts_init
 .text.sys_timeout
                0x0000912c      0x138 ./lwip/src/core/timeouts.o
                0x0000912c                sys_timeout
 .text.sys_check_timeouts
                0x00009264       0xa4 ./lwip/src/core/timeouts.o
 .text.sys_timeouts_sleeptime
                0x00009308       0x4c ./lwip/src/core/timeouts.o
 .text.sys_timeouts_mbox_fetch
                0x00009354       0x4c ./lwip/src/core/timeouts.o
                0x00009354                sys_timeouts_mbox_fetch
 .text.udp_new_port
                0x000093a0       0x70 ./lwip/src/core/udp.o
 .text.udp_input_local_match
                0x00009410       0x78 ./lwip/src/core/udp.o
 .text.udp_input
                0x00009488      0x1ec ./lwip/src/core/udp.o
                0x00009488                udp_input
 .text.udp_sendto_if_src
                0x00009674      0x158 ./lwip/src/core/udp.o
                0x00009674                udp_sendto_if_src
 .text.udp_bind
                0x000097cc       0xe0 ./lwip/src/core/udp.o
                0x000097cc                udp_bind
 .text.udp_netif_ip_addr_changed
                0x000098ac       0x60 ./lwip/src/core/udp.o
                0x000098ac                udp_netif_ip_addr_changed
 .text.netconn_new_with_proto_and_callback
                0x0000990c       0xbc ./lwip/src/api/api_lib.o
                0x0000990c                netconn_new_with_proto_and_callback
 .text.netconn_bind
                0x000099c8       0x60 ./lwip/src/api/api_lib.o
                0x000099c8                netconn_bind
 .text.netconn_recv_data
                0x00009a28      0x178 ./lwip/src/api/api_lib.o
 .text.netconn_recv
                0x00009ba0       0xd0 ./lwip/src/api/api_lib.o
                0x00009ba0                netconn_recv
 .text.netconn_close_shutdown
                0x00009c70       0x50 ./lwip/src/api/api_lib.o
 .text.recv_udp
                0x00009cc0       0xd8 ./lwip/src/api/api_msg.o
 .text.recv_tcp
                0x00009d98       0xec ./lwip/src/api/api_msg.o
 .text.poll_tcp
                0x00009e84       0xc0 ./lwip/src/api/api_msg.o
 .text.sent_tcp
                0x00009f44       0xa0 ./lwip/src/api/api_msg.o
 .text.err_tcp  0x00009fe4      0x1a8 ./lwip/src/api/api_msg.o
 .text.setup_tcp
                0x0000a18c       0x50 ./lwip/src/api/api_msg.o
 .text.pcb_new  0x0000a1dc       0xc4 ./lwip/src/api/api_msg.o
 .text.netconn_alloc
                0x0000a2a0       0xd4 ./lwip/src/api/api_msg.o
                0x0000a2a0                netconn_alloc
 .text.netconn_free
                0x0000a374       0x60 ./lwip/src/api/api_msg.o
                0x0000a374                netconn_free
 .text.netconn_drain
                0x0000a3d4       0xe8 ./lwip/src/api/api_msg.o
 .text.lwip_netconn_do_close_internal
                0x0000a4bc      0x2b0 ./lwip/src/api/api_msg.o
 .text.lwip_netconn_do_writemore
                0x0000a76c      0x318 ./lwip/src/api/api_msg.o
 .text.lwip_netconn_do_close
                0x0000aa84      0x130 ./lwip/src/api/api_msg.o
                0x0000aa84                lwip_netconn_do_close
 .text.netbuf_data
                0x0000abb4       0x7c ./lwip/src/api/netbuf.o
                0x0000abb4                netbuf_data
 .text.tcpip_thread
                0x0000ac30       0xb8 ./lwip/src/api/tcpip.o
 .text.tcpip_inpkt
                0x0000ace8       0x74 ./lwip/src/api/tcpip.o
                0x0000ace8                tcpip_inpkt
 .text.tcpip_input
                0x0000ad5c       0x44 ./lwip/src/api/tcpip.o
                0x0000ad5c                tcpip_input
 .text.tcpip_send_msg_wait_sem
                0x0000ada0       0x2c ./lwip/src/api/tcpip.o
                0x0000ada0                tcpip_send_msg_wait_sem
 .text.tcpip_init
                0x0000adcc       0x7c ./lwip/src/api/tcpip.o
                0x0000adcc                tcpip_init
 .text.__NVIC_SetPriority
                0x0000ae48       0x54 ./lwip/port/ethernetif.o
 .text.ethernet_callback
                0x0000ae9c       0x94 ./lwip/port/ethernetif.o
 .text.enet_init
                0x0000af30      0x1a0 ./lwip/port/ethernetif.o
 .text.enet_get_tx_buffer
                0x0000b0d0       0x1c ./lwip/port/ethernetif.o
 .text.low_level_output
                0x0000b0ec       0xac ./lwip/port/ethernetif.o
 .text.ethernetif_input
                0x0000b198       0x4c ./lwip/port/ethernetif.o
                0x0000b198                ethernetif_input
 .text.get_enet_base
                0x0000b1e4       0x68 ./lwip/port/ethernetif.o
 .text.ethernetif_init
                0x0000b24c       0x90 ./lwip/port/ethernetif.o
 .text.ethernetif0_init
                0x0000b2dc       0x4c ./lwip/port/ethernetif.o
                0x0000b2dc                ethernetif0_init
 .text.sys_assert
                0x0000b328       0x20 ./lwip/port/sys_arch.o
                0x0000b328                sys_assert
 .text.sys_mbox_trypost
                0x0000b348       0x94 ./lwip/port/sys_arch.o
                0x0000b348                sys_mbox_trypost
 .text.AudioPlayer_getBuffer
                0x0000b3dc       0x14 ./lwip/contrib/apps/udpecho/udpecho.o
                0x0000b3dc                AudioPlayer_getBuffer
 .text.server_thread
                0x0000b3f0       0x70 ./lwip/contrib/apps/udpecho/udpecho.o
 .text.udpecho_init
                0x0000b460       0x3c ./lwip/contrib/apps/udpecho/udpecho.o
                0x0000b460                udpecho_init
 .text.CLOCK_SetEr32kClock
                0x0000b49c       0x30 ./drivers/fsl_clock.o
 .text.CLOCK_SetPllFllSelClock
                0x0000b4cc       0x3c ./drivers/fsl_clock.o
 .text.CLOCK_GetMcgExtClkFreq
                0x0000b508       0x78 ./drivers/fsl_clock.o
 .text.CLOCK_GetFllExtRefClkFreq
                0x0000b580       0xd0 ./drivers/fsl_clock.o
 .text.CLOCK_GetInternalRefClkSelectFreq
                0x0000b650       0x44 ./drivers/fsl_clock.o
 .text.CLOCK_GetFllRefClkFreq
                0x0000b694       0x2c ./drivers/fsl_clock.o
 .text.CLOCK_GetOscRangeFromFreq
                0x0000b6c0       0x3c ./drivers/fsl_clock.o
 .text.CLOCK_GetOsc0ErClkFreq
                0x0000b6fc       0x38 ./drivers/fsl_clock.o
                0x0000b6fc                CLOCK_GetOsc0ErClkFreq
 .text.CLOCK_GetEr32kClkFreq
                0x0000b734       0x70 ./drivers/fsl_clock.o
                0x0000b734                CLOCK_GetEr32kClkFreq
 .text.CLOCK_GetPllFllSelClkFreq
                0x0000b7a4       0x54 ./drivers/fsl_clock.o
                0x0000b7a4                CLOCK_GetPllFllSelClkFreq
 .text.CLOCK_GetCoreSysClkFreq
                0x0000b7f8       0x28 ./drivers/fsl_clock.o
                0x0000b7f8                CLOCK_GetCoreSysClkFreq
 .text.CLOCK_GetFreq
                0x0000b820      0x148 ./drivers/fsl_clock.o
                0x0000b820                CLOCK_GetFreq
 .text.CLOCK_SetSimConfig
                0x0000b968       0x38 ./drivers/fsl_clock.o
                0x0000b968                CLOCK_SetSimConfig
 .text.CLOCK_GetOutClkFreq
                0x0000b9a0       0x64 ./drivers/fsl_clock.o
                0x0000b9a0                CLOCK_GetOutClkFreq
 .text.CLOCK_GetFllFreq
                0x0000ba04       0x7c ./drivers/fsl_clock.o
                0x0000ba04                CLOCK_GetFllFreq
 .text.CLOCK_GetInternalRefClkFreq
                0x0000ba80       0x24 ./drivers/fsl_clock.o
                0x0000ba80                CLOCK_GetInternalRefClkFreq
 .text.CLOCK_GetPll0Freq
                0x0000baa4       0x68 ./drivers/fsl_clock.o
                0x0000baa4                CLOCK_GetPll0Freq
 .text.CLOCK_SetExternalRefClkConfig
                0x0000bb0c       0x6c ./drivers/fsl_clock.o
                0x0000bb0c                CLOCK_SetExternalRefClkConfig
 .text.CLOCK_SetInternalRefClkConfig
                0x0000bb78      0x104 ./drivers/fsl_clock.o
                0x0000bb78                CLOCK_SetInternalRefClkConfig
 .text.CLOCK_EnablePll0
                0x0000bc7c       0x84 ./drivers/fsl_clock.o
                0x0000bc7c                CLOCK_EnablePll0
 .text.CLOCK_InitOsc0
                0x0000bd00       0x8c ./drivers/fsl_clock.o
                0x0000bd00                CLOCK_InitOsc0
 .text.CLOCK_SetPbeMode
                0x0000bd8c       0xa8 ./drivers/fsl_clock.o
                0x0000bd8c                CLOCK_SetPbeMode
 .text.CLOCK_BootToPeeMode
                0x0000be34       0x64 ./drivers/fsl_clock.o
                0x0000be34                CLOCK_BootToPeeMode
 .text.DAC_GetInstance
                0x0000be98       0x4c ./drivers/fsl_dac.o
 .text.DAC_Init
                0x0000bee4       0x70 ./drivers/fsl_dac.o
                0x0000bee4                DAC_Init
 .text.DAC_GetDefaultConfig
                0x0000bf54       0x2c ./drivers/fsl_dac.o
                0x0000bf54                DAC_GetDefaultConfig
 .text.DAC_SetBufferValue
                0x0000bf80       0x50 ./drivers/fsl_dac.o
                0x0000bf80                DAC_SetBufferValue
 .text.__NVIC_EnableIRQ
                0x0000bfd0       0x3c ./drivers/fsl_enet.o
 .text.ENET_GetInstance
                0x0000c00c       0x44 ./drivers/fsl_enet.o
                0x0000c00c                ENET_GetInstance
 .text.ENET_GetDefaultConfig
                0x0000c050       0x4c ./drivers/fsl_enet.o
                0x0000c050                ENET_GetDefaultConfig
 .text.ENET_Init
                0x0000c09c       0xb8 ./drivers/fsl_enet.o
                0x0000c09c                ENET_Init
 .text.ENET_SetCallback
                0x0000c154       0x30 ./drivers/fsl_enet.o
                0x0000c154                ENET_SetCallback
 .text.ENET_SetHandler
                0x0000c184      0x144 ./drivers/fsl_enet.o
 .text.ENET_SetMacController
                0x0000c2c8      0x24c ./drivers/fsl_enet.o
 .text.ENET_SetTxBufferDescriptors
                0x0000c514       0xd8 ./drivers/fsl_enet.o
 .text.ENET_SetRxBufferDescriptors
                0x0000c5ec       0xec ./drivers/fsl_enet.o
 .text.ENET_ActiveSend
                0x0000c6d8       0x3c ./drivers/fsl_enet.o
 .text.ENET_SetSMI
                0x0000c714       0x8c ./drivers/fsl_enet.o
                0x0000c714                ENET_SetSMI
 .text.ENET_GetRxFrameSize
                0x0000c7a0       0xe4 ./drivers/fsl_enet.o
                0x0000c7a0                ENET_GetRxFrameSize
 .text.ENET_ReadFrame
                0x0000c884      0x13c ./drivers/fsl_enet.o
                0x0000c884                ENET_ReadFrame
 .text.ENET_UpdateReadBuffers
                0x0000c9c0       0xd4 ./drivers/fsl_enet.o
 .text.ENET_SendFrame
                0x0000ca94      0x1a8 ./drivers/fsl_enet.o
                0x0000ca94                ENET_SendFrame
 .text.ENET_TransmitIRQHandler
                0x0000cc3c       0x54 ./drivers/fsl_enet.o
                0x0000cc3c                ENET_TransmitIRQHandler
 .text.ENET_ReceiveIRQHandler
                0x0000cc90       0x54 ./drivers/fsl_enet.o
                0x0000cc90                ENET_ReceiveIRQHandler
 .text.ENET_ErrorIRQHandler
                0x0000cce4       0x8c ./drivers/fsl_enet.o
                0x0000cce4                ENET_ErrorIRQHandler
 .text.ENET_Transmit_IRQHandler
                0x0000cd70       0x28 ./drivers/fsl_enet.o
                0x0000cd70                ENET_Transmit_IRQHandler
 .text.ENET_Receive_IRQHandler
                0x0000cd98       0x28 ./drivers/fsl_enet.o
                0x0000cd98                ENET_Receive_IRQHandler
 .text.ENET_Error_IRQHandler
                0x0000cdc0       0x28 ./drivers/fsl_enet.o
                0x0000cdc0                ENET_Error_IRQHandler
 .text.ENET_1588_Timer_IRQHandler
                0x0000cde8       0x28 ./drivers/fsl_enet.o
                0x0000cde8                ENET_1588_Timer_IRQHandler
 .text.PIT_GetInstance
                0x0000ce10       0x44 ./drivers/fsl_pit.o
 .text.PIT_Init
                0x0000ce54       0x64 ./drivers/fsl_pit.o
                0x0000ce54                PIT_Init
 .text.UART_GetInstance
                0x0000ceb8       0x54 ./drivers/fsl_uart.o
                0x0000ceb8                UART_GetInstance
 .text.UART_Init
                0x0000cf0c      0x2d8 ./drivers/fsl_uart.o
                0x0000cf0c                UART_Init
 .text.UART_GetDefaultConfig
                0x0000d1e4       0x60 ./drivers/fsl_uart.o
                0x0000d1e4                UART_GetDefaultConfig
 .text.UART0_DriverIRQHandler
                0x0000d244       0x28 ./drivers/fsl_uart.o
                0x0000d244                UART0_DriverIRQHandler
 .text.UART1_DriverIRQHandler
                0x0000d26c       0x28 ./drivers/fsl_uart.o
                0x0000d26c                UART1_DriverIRQHandler
 .text.UART2_DriverIRQHandler
                0x0000d294       0x28 ./drivers/fsl_uart.o
                0x0000d294                UART2_DriverIRQHandler
 .text.UART3_DriverIRQHandler
                0x0000d2bc       0x28 ./drivers/fsl_uart.o
                0x0000d2bc                UART3_DriverIRQHandler
 .text.UART4_DriverIRQHandler
                0x0000d2e4       0x28 ./drivers/fsl_uart.o
                0x0000d2e4                UART4_DriverIRQHandler
 .text.UART5_DriverIRQHandler
                0x0000d30c       0x28 ./drivers/fsl_uart.o
                0x0000d30c                UART5_DriverIRQHandler
 .text.BOARD_InitDebugConsole
                0x0000d334       0x28 ./board/src/board.o
                0x0000d334                BOARD_InitDebugConsole
 .text.CLOCK_SetSimSafeDivs
                0x0000d35c       0x20 ./board/src/clock_config.o
 .text.CLOCK_SetXtal0Freq
                0x0000d37c       0x20 ./board/src/clock_config.o
 .text.CLOCK_CONFIG_SetFllExtRefDiv
                0x0000d39c       0x3c ./board/src/clock_config.o
 .text.BOARD_BootClockRUN
                0x0000d3d8       0x60 ./board/src/clock_config.o
                0x0000d3d8                BOARD_BootClockRUN
 .text.PHY_Init
                0x0000d438      0x12c ./board/fsl_phy.o
                0x0000d438                PHY_Init
 .text.PHY_Read
                0x0000d564       0x88 ./board/fsl_phy.o
                0x0000d564                PHY_Read
 .text.PHY_GetLinkStatus
                0x0000d5ec       0x58 ./board/fsl_phy.o
                0x0000d5ec                PHY_GetLinkStatus
 .text.PHY_GetLinkSpeedDuplex
                0x0000d644       0x88 ./board/fsl_phy.o
                0x0000d644                PHY_GetLinkSpeedDuplex
 .text.PORT_SetPinConfig
                0x0000d6cc       0x38 ./board/pin_mux.o
 .text.BOARD_InitPins
                0x0000d704      0x100 ./board/pin_mux.o
                0x0000d704                BOARD_InitPins
 .text.vPortSetupTimerInterrupt
                0x0000d804       0x48 ./amazon-freertos/portable/fsl_tickless_systick.o
                0x0000d804                vPortSetupTimerInterrupt
 .text.pxPortInitialiseStack
                0x0000d84c       0x68 ./amazon-freertos/FreeRTOS/portable/port.o
                0x0000d84c                pxPortInitialiseStack
 .text.prvTaskExitError
                0x0000d8b4       0x54 ./amazon-freertos/FreeRTOS/portable/port.o
 .text.prvPortStartFirstTask
                0x0000d908       0x28 ./amazon-freertos/FreeRTOS/portable/port.o
 .text.xPortStartScheduler
                0x0000d930      0x13c ./amazon-freertos/FreeRTOS/portable/port.o
                0x0000d930                xPortStartScheduler
 .text.vPortEnterCritical
                0x0000da6c       0x5c ./amazon-freertos/FreeRTOS/portable/port.o
                0x0000da6c                vPortEnterCritical
 .text.vPortExitCritical
                0x0000dac8       0x50 ./amazon-freertos/FreeRTOS/portable/port.o
                0x0000dac8                vPortExitCritical
 .text.SysTick_Handler
                0x0000db18       0x40 ./amazon-freertos/FreeRTOS/portable/port.o
                0x0000db18                SysTick_Handler
 .text.vPortEnableVFP
                0x0000db58       0x14 ./amazon-freertos/FreeRTOS/portable/port.o
 .text.vPortValidateInterruptPriority
                0x0000db6c       0x7c ./amazon-freertos/FreeRTOS/portable/port.o
                0x0000db6c                vPortValidateInterruptPriority
 .text.xEventGroupWaitBits
                0x0000dbe8      0x194 ./amazon-freertos/FreeRTOS/event_groups.o
                0x0000dbe8                xEventGroupWaitBits
 .text.xEventGroupSetBitsFromISR
                0x0000dd7c       0x28 ./amazon-freertos/FreeRTOS/event_groups.o
                0x0000dd7c                xEventGroupSetBitsFromISR
 .text.xQueueGenericReset
                0x0000dda4       0xd0 ./amazon-freertos/FreeRTOS/queue.o
                0x0000dda4                xQueueGenericReset
 .text.xQueueGenericSend
                0x0000de74      0x1f4 ./amazon-freertos/FreeRTOS/queue.o
                0x0000de74                xQueueGenericSend
 .text.xQueueReceive
                0x0000e068      0x1b8 ./amazon-freertos/FreeRTOS/queue.o
                0x0000e068                xQueueReceive
 .text.xQueueSemaphoreTake
                0x0000e220      0x214 ./amazon-freertos/FreeRTOS/queue.o
                0x0000e220                xQueueSemaphoreTake
 .text.vQueueAddToRegistry
                0x0000e434       0x50 ./amazon-freertos/FreeRTOS/queue.o
                0x0000e434                vQueueAddToRegistry
 .text.vQueueUnregisterQueue
                0x0000e484       0x54 ./amazon-freertos/FreeRTOS/queue.o
                0x0000e484                vQueueUnregisterQueue
 .text.prvAddNewTaskToReadyList
                0x0000e4d8       0xdc ./amazon-freertos/FreeRTOS/tasks.o
 .text.vTaskDelete
                0x0000e5b4      0x11c ./amazon-freertos/FreeRTOS/tasks.o
                0x0000e5b4                vTaskDelete
 .text.vTaskStartScheduler
                0x0000e6d0       0x98 ./amazon-freertos/FreeRTOS/tasks.o
                0x0000e6d0                vTaskStartScheduler
 .text.vTaskSuspendAll
                0x0000e768       0x1c ./amazon-freertos/FreeRTOS/tasks.o
                0x0000e768                vTaskSuspendAll
 .text.xTaskResumeAll
                0x0000e784      0x138 ./amazon-freertos/FreeRTOS/tasks.o
                0x0000e784                xTaskResumeAll
 .text.xTaskGetTickCount
                0x0000e8bc       0x20 ./amazon-freertos/FreeRTOS/tasks.o
                0x0000e8bc                xTaskGetTickCount
 .text.xTaskIncrementTick
                0x0000e8dc      0x158 ./amazon-freertos/FreeRTOS/tasks.o
                0x0000e8dc                xTaskIncrementTick
 .text.vTaskSwitchContext
                0x0000ea34       0xb4 ./amazon-freertos/FreeRTOS/tasks.o
                0x0000ea34                vTaskSwitchContext
 .text.vTaskPlaceOnEventList
                0x0000eae8       0x48 ./amazon-freertos/FreeRTOS/tasks.o
                0x0000eae8                vTaskPlaceOnEventList
 .text.vTaskPlaceOnUnorderedEventList
                0x0000eb30       0x74 ./amazon-freertos/FreeRTOS/tasks.o
                0x0000eb30                vTaskPlaceOnUnorderedEventList
 .text.vTaskPlaceOnEventListRestricted
                0x0000eba4       0x54 ./amazon-freertos/FreeRTOS/tasks.o
                0x0000eba4                vTaskPlaceOnEventListRestricted
 .text.xTaskRemoveFromEventList
                0x0000ebf8       0xc4 ./amazon-freertos/FreeRTOS/tasks.o
                0x0000ebf8                xTaskRemoveFromEventList
 .text.vTaskRemoveFromUnorderedEventList
                0x0000ecbc       0xc0 ./amazon-freertos/FreeRTOS/tasks.o
                0x0000ecbc                vTaskRemoveFromUnorderedEventList
 .text.vTaskInternalSetTimeOutState
                0x0000ed7c       0x2c ./amazon-freertos/FreeRTOS/tasks.o
                0x0000ed7c                vTaskInternalSetTimeOutState
 .text.xTaskCheckForTimeOut
                0x0000eda8       0xc0 ./amazon-freertos/FreeRTOS/tasks.o
                0x0000eda8                xTaskCheckForTimeOut
 .text.vTaskMissedYield
                0x0000ee68       0x18 ./amazon-freertos/FreeRTOS/tasks.o
                0x0000ee68                vTaskMissedYield
 .text.prvIdleTask
                0x0000ee80       0x30 ./amazon-freertos/FreeRTOS/tasks.o
 .text.prvInitialiseTaskLists
                0x0000eeb0       0x80 ./amazon-freertos/FreeRTOS/tasks.o
 .text.prvCheckTasksWaitingTermination
                0x0000ef30       0x58 ./amazon-freertos/FreeRTOS/tasks.o
 .text.prvResetNextTaskUnblockTime
                0x0000ef88       0x4c ./amazon-freertos/FreeRTOS/tasks.o
 .text.xTaskGetSchedulerState
                0x0000efd4       0x3c ./amazon-freertos/FreeRTOS/tasks.o
                0x0000efd4                xTaskGetSchedulerState
 .text.xTaskPriorityInherit
                0x0000f010      0x10c ./amazon-freertos/FreeRTOS/tasks.o
                0x0000f010                xTaskPriorityInherit
 .text.xTaskPriorityDisinherit
                0x0000f11c      0x108 ./amazon-freertos/FreeRTOS/tasks.o
                0x0000f11c                xTaskPriorityDisinherit
 .text.vTaskPriorityDisinheritAfterTimeout
                0x0000f224      0x13c ./amazon-freertos/FreeRTOS/tasks.o
                0x0000f224                vTaskPriorityDisinheritAfterTimeout
 .text.uxTaskResetEventItemValue
                0x0000f360       0x30 ./amazon-freertos/FreeRTOS/tasks.o
                0x0000f360                uxTaskResetEventItemValue
 .text.pvTaskIncrementMutexHeldCount
                0x0000f390       0x28 ./amazon-freertos/FreeRTOS/tasks.o
                0x0000f390                pvTaskIncrementMutexHeldCount
 .text.prvAddCurrentTaskToDelayedList
                0x0000f3b8       0xcc ./amazon-freertos/FreeRTOS/tasks.o
 .text.xTimerCreateTimerTask
                0x0000f484       0x64 ./amazon-freertos/FreeRTOS/timers.o
                0x0000f484                xTimerCreateTimerTask
 .text.xTimerGenericCommand
                0x0000f4e8       0x98 ./amazon-freertos/FreeRTOS/timers.o
                0x0000f4e8                xTimerGenericCommand
 .text.prvProcessExpiredTimer
                0x0000f580       0x80 ./amazon-freertos/FreeRTOS/timers.o
 .text.prvProcessTimerOrBlockTask
                0x0000f600       0x9c ./amazon-freertos/FreeRTOS/timers.o
 .text.prvGetNextExpireTime
                0x0000f69c       0x48 ./amazon-freertos/FreeRTOS/timers.o
 .text.prvSampleTimeNow
                0x0000f6e4       0x40 ./amazon-freertos/FreeRTOS/timers.o
 .text.prvInsertTimerInActiveList
                0x0000f724       0x84 ./amazon-freertos/FreeRTOS/timers.o
 .text.prvProcessReceivedCommands
                0x0000f7a8      0x154 ./amazon-freertos/FreeRTOS/timers.o
 .text.prvSwitchTimerLists
                0x0000f8fc       0xc0 ./amazon-freertos/FreeRTOS/timers.o
 .text.prvCheckForValidListAndQueue
                0x0000f9bc       0x6c ./amazon-freertos/FreeRTOS/timers.o
 .text.xTimerPendFunctionCallFromISR
                0x0000fa28       0x40 ./amazon-freertos/FreeRTOS/timers.o
                0x0000fa28                xTimerPendFunctionCallFromISR
 .text.SystemInit
                0x0000fa68       0x3c ./CMSIS/system_MK64F12.o
                0x0000fa68                SystemInit
 .text.__assertion_failed
                0x0000faa4       0x4c c:/nxp/mcuxpressoide_10.2.0_759/ide/tools/bin/../lib/gcc/arm-none-eabi/7.2.1/../../../../arm-none-eabi/lib/thumb/v7e-m/fpv4-sp/hard\libcr_semihost_nf.a(_cr_assert.o)
                0x0000faa4                __assertion_failed
 .text.__sys_appexit
                0x0000faf0        0xc c:/nxp/mcuxpressoide_10.2.0_759/ide/tools/bin/../lib/gcc/arm-none-eabi/7.2.1/../../../../arm-none-eabi/lib/thumb/v7e-m/fpv4-sp/hard\libcr_semihost_nf.a(__sys_appexit.o)
                0x0000faf0                __sys_appexit
                0x0000faf0                __exit
 .text._Cwritebuf
                0x0000fafc       0x6c c:/nxp/mcuxpressoide_10.2.0_759/ide/tools/bin/../lib/gcc/arm-none-eabi/7.2.1/../../../../arm-none-eabi/lib/thumb/v7e-m/fpv4-sp/hard\libcr_c.a(_writebuf.o)
                0x0000fafc                _Cwritebuf
 .text.malloc   0x0000fb68       0xc8 c:/nxp/mcuxpressoide_10.2.0_759/ide/tools/bin/../lib/gcc/arm-none-eabi/7.2.1/../../../../arm-none-eabi/lib/thumb/v7e-m/fpv4-sp/hard\libcr_c.a(alloc.o)
                0x0000fb68                malloc
 .text._Csys_alloc
                0x0000fc30       0x20 c:/nxp/mcuxpressoide_10.2.0_759/ide/tools/bin/../lib/gcc/arm-none-eabi/7.2.1/../../../../arm-none-eabi/lib/thumb/v7e-m/fpv4-sp/hard\libcr_c.a(alloc.o)
                0x0000fc30                _Csys_alloc
 .text.fseek    0x0000fc50      0x100 c:/nxp/mcuxpressoide_10.2.0_759/ide/tools/bin/../lib/gcc/arm-none-eabi/7.2.1/../../../../arm-none-eabi/lib/thumb/v7e-m/fpv4-sp/hard\libcr_c.a(fseek.o)
                0x0000fc50                fseek
 .text.ftell    0x0000fd50       0x44 c:/nxp/mcuxpressoide_10.2.0_759/ide/tools/bin/../lib/gcc/arm-none-eabi/7.2.1/../../../../arm-none-eabi/lib/thumb/v7e-m/fpv4-sp/hard\libcr_c.a(ftell.o)
                0x0000fd50                ftell
 .text._initio  0x0000fd94       0x78 c:/nxp/mcuxpressoide_10.2.0_759/ide/tools/bin/../lib/gcc/arm-none-eabi/7.2.1/../../../../arm-none-eabi/lib/thumb/v7e-m/fpv4-sp/hard\libcr_c.a(initio.o)
                0x0000fd94                _initio
 .text.__vfprintf
                0x0000fe0c      0xb98 c:/nxp/mcuxpressoide_10.2.0_759/ide/tools/bin/../lib/gcc/arm-none-eabi/7.2.1/../../../../arm-none-eabi/lib/thumb/v7e-m/fpv4-sp/hard\libcr_c.a(printf.o)
                0x0000fe0c                __vfprintf
 .text._vsnprintf
                0x000109a4       0x5c c:/nxp/mcuxpressoide_10.2.0_759/ide/tools/bin/../lib/gcc/arm-none-eabi/7.2.1/../../../../arm-none-eabi/lib/thumb/v7e-m/fpv4-sp/hard\libcr_c.a(printf.o)
                0x000109a4                _vsnprintf
 .text._printf  0x00010a00       0x54 c:/nxp/mcuxpressoide_10.2.0_759/ide/tools/bin/../lib/gcc/arm-none-eabi/7.2.1/../../../../arm-none-eabi/lib/thumb/v7e-m/fpv4-sp/hard\libcr_c.a(printf.o)
                0x00010a00                _printf
 .text.setvbuf  0x00010a54       0x40 c:/nxp/mcuxpressoide_10.2.0_759/ide/tools/bin/../lib/gcc/arm-none-eabi/7.2.1/../../../../arm-none-eabi/lib/thumb/v7e-m/fpv4-sp/hard\libcr_c.a(setvbuf.o)
                0x00010a54                setvbuf
 .text._sbrk    0x00010a94       0x3c c:/nxp/mcuxpressoide_10.2.0_759/ide/tools/bin/../lib/gcc/arm-none-eabi/7.2.1/../../../../arm-none-eabi/lib/thumb/v7e-m/fpv4-sp/hard\libcr_c.a(_cr_sbrk.o)
                0x00010a94                _sbrk
 .text.fflush   0x00010ad0       0x44 c:/nxp/mcuxpressoide_10.2.0_759/ide/tools/bin/../lib/gcc/arm-none-eabi/7.2.1/../../../../arm-none-eabi/lib/thumb/v7e-m/fpv4-sp/hard\libcr_c.a(fflush.o)
                0x00010ad0                fflush
 .text.__check_heap_overflow
                0x00010b14       0x18 c:/nxp/mcuxpressoide_10.2.0_759/ide/tools/bin/../lib/gcc/arm-none-eabi/7.2.1/../../../../arm-none-eabi/lib/thumb/v7e-m/fpv4-sp/hard\libcr_c.a(_cr_check_heap.o)
                0x00010b14                __check_heap_overflow
 .text.UART_EnableTx
                0x00010b2c       0x40 ./utilities/fsl_io.o
 .text.UART_EnableRx
                0x00010b6c       0x40 ./utilities/fsl_io.o
 .text.LOG_Init
                0x00010bac       0x30 ./utilities/fsl_log.o
                0x00010bac                LOG_Init
 .text.DMA0_IRQHandler
                0x00010bdc        0x8 ./startup/startup_mk64f12.o
                0x00010bdc                DMA0_IRQHandler
 .text.DMA1_IRQHandler
                0x00010be4        0x8 ./startup/startup_mk64f12.o
                0x00010be4                DMA1_IRQHandler
 .text.DMA2_IRQHandler
                0x00010bec        0x8 ./startup/startup_mk64f12.o
                0x00010bec                DMA2_IRQHandler
 .text.DMA3_IRQHandler
                0x00010bf4        0x8 ./startup/startup_mk64f12.o
                0x00010bf4                DMA3_IRQHandler
 .text.DMA4_IRQHandler
                0x00010bfc        0x8 ./startup/startup_mk64f12.o
                0x00010bfc                DMA4_IRQHandler
 .text.DMA5_IRQHandler
                0x00010c04        0x8 ./startup/startup_mk64f12.o
                0x00010c04                DMA5_IRQHandler
 .text.DMA6_IRQHandler
                0x00010c0c        0x8 ./startup/startup_mk64f12.o
                0x00010c0c                DMA6_IRQHandler
 .text.DMA7_IRQHandler
                0x00010c14        0x8 ./startup/startup_mk64f12.o
                0x00010c14                DMA7_IRQHandler
 .text.DMA8_IRQHandler
                0x00010c1c        0x8 ./startup/startup_mk64f12.o
                0x00010c1c                DMA8_IRQHandler
 .text.DMA9_IRQHandler
                0x00010c24        0x8 ./startup/startup_mk64f12.o
                0x00010c24                DMA9_IRQHandler
 .text.DMA10_IRQHandler
                0x00010c2c        0x8 ./startup/startup_mk64f12.o
                0x00010c2c                DMA10_IRQHandler
 .text.DMA11_IRQHandler
                0x00010c34        0x8 ./startup/startup_mk64f12.o
                0x00010c34                DMA11_IRQHandler
 .text.DMA12_IRQHandler
                0x00010c3c        0x8 ./startup/startup_mk64f12.o
                0x00010c3c                DMA12_IRQHandler
 .text.DMA13_IRQHandler
                0x00010c44        0x8 ./startup/startup_mk64f12.o
                0x00010c44                DMA13_IRQHandler
 .text.DMA14_IRQHandler
                0x00010c4c        0x8 ./startup/startup_mk64f12.o
                0x00010c4c                DMA14_IRQHandler
 .text.DMA15_IRQHandler
                0x00010c54        0x8 ./startup/startup_mk64f12.o
                0x00010c54                DMA15_IRQHandler
 .text.DMA_Error_IRQHandler
                0x00010c5c        0x8 ./startup/startup_mk64f12.o
                0x00010c5c                DMA_Error_IRQHandler
 .text.MCM_IRQHandler
                0x00010c64        0x8 ./startup/startup_mk64f12.o
                0x00010c64                MCM_IRQHandler
 .text.FTFE_IRQHandler
                0x00010c6c        0x8 ./startup/startup_mk64f12.o
                0x00010c6c                FTFE_IRQHandler
 .text.Read_Collision_IRQHandler
                0x00010c74        0x8 ./startup/startup_mk64f12.o
                0x00010c74                Read_Collision_IRQHandler
 .text.LVD_LVW_IRQHandler
                0x00010c7c        0x8 ./startup/startup_mk64f12.o
                0x00010c7c                LVD_LVW_IRQHandler
 .text.LLWU_IRQHandler
                0x00010c84        0x8 ./startup/startup_mk64f12.o
                0x00010c84                LLWU_IRQHandler
 .text.WDOG_EWM_IRQHandler
                0x00010c8c        0x8 ./startup/startup_mk64f12.o
                0x00010c8c                WDOG_EWM_IRQHandler
 .text.RNG_IRQHandler
                0x00010c94        0x8 ./startup/startup_mk64f12.o
                0x00010c94                RNG_IRQHandler
 .text.I2C0_IRQHandler
                0x00010c9c        0x8 ./startup/startup_mk64f12.o
                0x00010c9c                I2C0_IRQHandler
 .text.I2C1_IRQHandler
                0x00010ca4        0x8 ./startup/startup_mk64f12.o
                0x00010ca4                I2C1_IRQHandler
 .text.SPI0_IRQHandler
                0x00010cac        0x8 ./startup/startup_mk64f12.o
                0x00010cac                SPI0_IRQHandler
 .text.SPI1_IRQHandler
                0x00010cb4        0x8 ./startup/startup_mk64f12.o
                0x00010cb4                SPI1_IRQHandler
 .text.I2S0_Tx_IRQHandler
                0x00010cbc        0x8 ./startup/startup_mk64f12.o
                0x00010cbc                I2S0_Tx_IRQHandler
 .text.I2S0_Rx_IRQHandler
                0x00010cc4        0x8 ./startup/startup_mk64f12.o
                0x00010cc4                I2S0_Rx_IRQHandler
 .text.UART0_LON_IRQHandler
                0x00010ccc        0x8 ./startup/startup_mk64f12.o
                0x00010ccc                UART0_LON_IRQHandler
 .text.UART0_RX_TX_IRQHandler
                0x00010cd4        0x8 ./startup/startup_mk64f12.o
                0x00010cd4                UART0_RX_TX_IRQHandler
 .text.UART0_ERR_IRQHandler
                0x00010cdc        0x8 ./startup/startup_mk64f12.o
                0x00010cdc                UART0_ERR_IRQHandler
 .text.UART1_RX_TX_IRQHandler
                0x00010ce4        0x8 ./startup/startup_mk64f12.o
                0x00010ce4                UART1_RX_TX_IRQHandler
 .text.UART1_ERR_IRQHandler
                0x00010cec        0x8 ./startup/startup_mk64f12.o
                0x00010cec                UART1_ERR_IRQHandler
 .text.UART2_RX_TX_IRQHandler
                0x00010cf4        0x8 ./startup/startup_mk64f12.o
                0x00010cf4                UART2_RX_TX_IRQHandler
 .text.UART2_ERR_IRQHandler
                0x00010cfc        0x8 ./startup/startup_mk64f12.o
                0x00010cfc                UART2_ERR_IRQHandler
 .text.UART3_RX_TX_IRQHandler
                0x00010d04        0x8 ./startup/startup_mk64f12.o
                0x00010d04                UART3_RX_TX_IRQHandler
 .text.UART3_ERR_IRQHandler
                0x00010d0c        0x8 ./startup/startup_mk64f12.o
                0x00010d0c                UART3_ERR_IRQHandler
 .text.ADC0_IRQHandler
                0x00010d14        0x8 ./startup/startup_mk64f12.o
                0x00010d14                ADC0_IRQHandler
 .text.CMP0_IRQHandler
                0x00010d1c        0x8 ./startup/startup_mk64f12.o
                0x00010d1c                CMP0_IRQHandler
 .text.CMP1_IRQHandler
                0x00010d24        0x8 ./startup/startup_mk64f12.o
                0x00010d24                CMP1_IRQHandler
 .text.FTM0_IRQHandler
                0x00010d2c        0x8 ./startup/startup_mk64f12.o
                0x00010d2c                FTM0_IRQHandler
 .text.FTM1_IRQHandler
                0x00010d34        0x8 ./startup/startup_mk64f12.o
                0x00010d34                FTM1_IRQHandler
 .text.FTM2_IRQHandler
                0x00010d3c        0x8 ./startup/startup_mk64f12.o
                0x00010d3c                FTM2_IRQHandler
 .text.CMT_IRQHandler
                0x00010d44        0x8 ./startup/startup_mk64f12.o
                0x00010d44                CMT_IRQHandler
 .text.RTC_IRQHandler
                0x00010d4c        0x8 ./startup/startup_mk64f12.o
                0x00010d4c                RTC_IRQHandler
 .text.RTC_Seconds_IRQHandler
                0x00010d54        0x8 ./startup/startup_mk64f12.o
                0x00010d54                RTC_Seconds_IRQHandler
 .text.PIT1_IRQHandler
                0x00010d5c        0x8 ./startup/startup_mk64f12.o
                0x00010d5c                PIT1_IRQHandler
 .text.PIT2_IRQHandler
                0x00010d64        0x8 ./startup/startup_mk64f12.o
                0x00010d64                PIT2_IRQHandler
 .text.PIT3_IRQHandler
                0x00010d6c        0x8 ./startup/startup_mk64f12.o
                0x00010d6c                PIT3_IRQHandler
 .text.PDB0_IRQHandler
                0x00010d74        0x8 ./startup/startup_mk64f12.o
                0x00010d74                PDB0_IRQHandler
 .text.USB0_IRQHandler
                0x00010d7c        0x8 ./startup/startup_mk64f12.o
                0x00010d7c                USB0_IRQHandler
 .text.USBDCD_IRQHandler
                0x00010d84        0x8 ./startup/startup_mk64f12.o
                0x00010d84                USBDCD_IRQHandler
 .text.Reserved71_IRQHandler
                0x00010d8c        0x8 ./startup/startup_mk64f12.o
                0x00010d8c                Reserved71_IRQHandler
 .text.DAC0_IRQHandler
                0x00010d94        0x8 ./startup/startup_mk64f12.o
                0x00010d94                DAC0_IRQHandler
 .text.MCG_IRQHandler
                0x00010d9c        0x8 ./startup/startup_mk64f12.o
                0x00010d9c                MCG_IRQHandler
 .text.LPTMR0_IRQHandler
                0x00010da4        0x8 ./startup/startup_mk64f12.o
                0x00010da4                LPTMR0_IRQHandler
 .text.PORTA_IRQHandler
                0x00010dac        0x8 ./startup/startup_mk64f12.o
                0x00010dac                PORTA_IRQHandler
 .text.PORTB_IRQHandler
                0x00010db4        0x8 ./startup/startup_mk64f12.o
                0x00010db4                PORTB_IRQHandler
 .text.PORTC_IRQHandler
                0x00010dbc        0x8 ./startup/startup_mk64f12.o
                0x00010dbc                PORTC_IRQHandler
 .text.PORTD_IRQHandler
                0x00010dc4        0x8 ./startup/startup_mk64f12.o
                0x00010dc4                PORTD_IRQHandler
 .text.PORTE_IRQHandler
                0x00010dcc        0x8 ./startup/startup_mk64f12.o
                0x00010dcc                PORTE_IRQHandler
 .text.SWI_IRQHandler
                0x00010dd4        0x8 ./startup/startup_mk64f12.o
                0x00010dd4                SWI_IRQHandler
 .text.SPI2_IRQHandler
                0x00010ddc        0x8 ./startup/startup_mk64f12.o
                0x00010ddc                SPI2_IRQHandler
 .text.UART4_RX_TX_IRQHandler
                0x00010de4        0x8 ./startup/startup_mk64f12.o
                0x00010de4                UART4_RX_TX_IRQHandler
 .text.UART4_ERR_IRQHandler
                0x00010dec        0x8 ./startup/startup_mk64f12.o
                0x00010dec                UART4_ERR_IRQHandler
 .text.UART5_RX_TX_IRQHandler
                0x00010df4        0x8 ./startup/startup_mk64f12.o
                0x00010df4                UART5_RX_TX_IRQHandler
 .text.UART5_ERR_IRQHandler
                0x00010dfc        0x8 ./startup/startup_mk64f12.o
                0x00010dfc                UART5_ERR_IRQHandler
 .text.CMP2_IRQHandler
                0x00010e04        0x8 ./startup/startup_mk64f12.o
                0x00010e04                CMP2_IRQHandler
 .text.FTM3_IRQHandler
                0x00010e0c        0x8 ./startup/startup_mk64f12.o
                0x00010e0c                FTM3_IRQHandler
 .text.DAC1_IRQHandler
                0x00010e14        0x8 ./startup/startup_mk64f12.o
                0x00010e14                DAC1_IRQHandler
 .text.ADC1_IRQHandler
                0x00010e1c        0x8 ./startup/startup_mk64f12.o
                0x00010e1c                ADC1_IRQHandler
 .text.I2C2_IRQHandler
                0x00010e24        0x8 ./startup/startup_mk64f12.o
                0x00010e24                I2C2_IRQHandler
 .text.CAN0_ORed_Message_buffer_IRQHandler
                0x00010e2c        0x8 ./startup/startup_mk64f12.o
                0x00010e2c                CAN0_ORed_Message_buffer_IRQHandler
 .text.CAN0_Bus_Off_IRQHandler
                0x00010e34        0x8 ./startup/startup_mk64f12.o
                0x00010e34                CAN0_Bus_Off_IRQHandler
 .text.CAN0_Error_IRQHandler
                0x00010e3c        0x8 ./startup/startup_mk64f12.o
                0x00010e3c                CAN0_Error_IRQHandler
 .text.CAN0_Tx_Warning_IRQHandler
                0x00010e44        0x8 ./startup/startup_mk64f12.o
                0x00010e44                CAN0_Tx_Warning_IRQHandler
 .text.CAN0_Rx_Warning_IRQHandler
                0x00010e4c        0x8 ./startup/startup_mk64f12.o
                0x00010e4c                CAN0_Rx_Warning_IRQHandler
 .text.CAN0_Wake_Up_IRQHandler
                0x00010e54        0x8 ./startup/startup_mk64f12.o
                0x00010e54                CAN0_Wake_Up_IRQHandler
 .text.SDHC_IRQHandler
                0x00010e5c        0x8 ./startup/startup_mk64f12.o
                0x00010e5c                SDHC_IRQHandler
 .text.DAC_Enable
                0x00010e64       0x48 ./source/SOUND_PLAYER.o
 .text.PIT_EnableInterrupts
                0x00010eac       0x3a ./source/SOUND_PLAYER.o
 .text.PIT_GetStatusFlags
                0x00010ee6       0x2a ./source/SOUND_PLAYER.o
 .text.PIT_ClearStatusFlags
                0x00010f10       0x2a ./source/SOUND_PLAYER.o
 .text.PIT_SetTimerPeriod
                0x00010f3a       0x28 ./source/SOUND_PLAYER.o
 .text.PIT_StartTimer
                0x00010f62       0x38 ./source/SOUND_PLAYER.o
 .text.HardFault_Handler
                0x00010f9a       0x2c ./source/semihost_hardfault.o
                0x00010f9a                HardFault_Handler
 .text.dhcp_timeout
                0x00010fc6       0x92 ./lwip/src/core/ipv4/dhcp.o
 .text.dhcp_t1_timeout
                0x00011058       0x5c ./lwip/src/core/ipv4/dhcp.o
 .text.dhcp_t2_timeout
                0x000110b4       0x64 ./lwip/src/core/ipv4/dhcp.o
 .text.dhcp_set_state
                0x00011118       0x34 ./lwip/src/core/ipv4/dhcp.o
 .text.dhcp_supplied_address
                0x0001114c       0x4c ./lwip/src/core/ipv4/dhcp.o
                0x0001114c                dhcp_supplied_address
 .text.icmp_dest_unreach
                0x00011198       0x20 ./lwip/src/core/ipv4/icmp.o
                0x00011198                icmp_dest_unreach
 .text.icmp_time_exceeded
                0x000111b8       0x20 ./lwip/src/core/ipv4/icmp.o
                0x000111b8                icmp_time_exceeded
 .text.ip4_output_if
                0x000111d8       0x54 ./lwip/src/core/ipv4/ip4.o
                0x000111d8                ip4_output_if
 .text.ip4_addr_isbroadcast_u32
                0x0001122c       0x82 ./lwip/src/core/ipv4/ip4_addr.o
                0x0001122c                ip4_addr_isbroadcast_u32
 .text.ip_frag_alloc_pbuf_custom_ref
                0x000112ae       0x10 ./lwip/src/core/ipv4/ip4_frag.o
 .text.lwip_htons
                0x000112be       0x1c ./lwip/src/core/def.o
                0x000112be                lwip_htons
 .text.lwip_htonl
                0x000112da       0x32 ./lwip/src/core/def.o
                0x000112da                lwip_htonl
 .text.lwip_standard_chksum
                0x0001130c       0xba ./lwip/src/core/inet_chksum.o
                0x0001130c                lwip_standard_chksum
 .text.inet_cksum_pseudo_base
                0x000113c6       0xd8 ./lwip/src/core/inet_chksum.o
 .text.inet_chksum_pseudo
                0x0001149e       0x70 ./lwip/src/core/inet_chksum.o
                0x0001149e                inet_chksum_pseudo
 .text.ip_chksum_pseudo
                0x0001150e       0x2c ./lwip/src/core/inet_chksum.o
                0x0001150e                ip_chksum_pseudo
 .text.inet_chksum
                0x0001153a       0x24 ./lwip/src/core/inet_chksum.o
                0x0001153a                inet_chksum
 .text.inet_chksum_pbuf
                0x0001155e       0x94 ./lwip/src/core/inet_chksum.o
                0x0001155e                inet_chksum_pbuf
 .text.lwip_init
                0x000115f2       0x2e ./lwip/src/core/init.o
                0x000115f2                lwip_init
 .text.memp_init_pool
                0x00011620       0x5e ./lwip/src/core/memp.o
                0x00011620                memp_init_pool
 .text.netif_init
                0x0001167e        0xe ./lwip/src/core/netif.o
                0x0001167e                netif_init
 .text.netif_set_addr
                0x0001168c       0x56 ./lwip/src/core/netif.o
                0x0001168c                netif_set_addr
 .text.netif_set_gw
                0x000116e2       0x28 ./lwip/src/core/netif.o
                0x000116e2                netif_set_gw
 .text.netif_set_netmask
                0x0001170a       0x28 ./lwip/src/core/netif.o
                0x0001170a                netif_set_netmask
 .text.netif_set_up
                0x00011732       0x46 ./lwip/src/core/netif.o
                0x00011732                netif_set_up
 .text.netif_issue_reports
                0x00011778       0x42 ./lwip/src/core/netif.o
 .text.pbuf_header
                0x000117ba       0x24 ./lwip/src/core/pbuf.o
                0x000117ba                pbuf_header
 .text.pbuf_header_force
                0x000117de       0x24 ./lwip/src/core/pbuf.o
                0x000117de                pbuf_header_force
 .text.pbuf_clen
                0x00011802       0x2e ./lwip/src/core/pbuf.o
                0x00011802                pbuf_clen
 .text.pbuf_chain
                0x00011830       0x20 ./lwip/src/core/pbuf.o
                0x00011830                pbuf_chain
 .text.tcp_init
                0x00011850        0xe ./lwip/src/core/tcp.o
                0x00011850                tcp_init
 .text.tcp_remove_listener
                0x0001185e       0x38 ./lwip/src/core/tcp.o
 .text.tcp_close
                0x00011896       0x30 ./lwip/src/core/tcp.o
                0x00011896                tcp_close
 .text.tcp_shutdown
                0x000118c6       0x8e ./lwip/src/core/tcp.o
                0x000118c6                tcp_shutdown
 .text.tcp_abort
                0x00011954       0x18 ./lwip/src/core/tcp.o
                0x00011954                tcp_abort
 .text.tcp_process_refused_data
                0x0001196c       0xcc ./lwip/src/core/tcp.o
                0x0001196c                tcp_process_refused_data
 .text.tcp_segs_free
                0x00011a38       0x28 ./lwip/src/core/tcp.o
                0x00011a38                tcp_segs_free
 .text.tcp_seg_free
                0x00011a60       0x30 ./lwip/src/core/tcp.o
                0x00011a60                tcp_seg_free
 .text.tcp_recv_null
                0x00011a90       0x44 ./lwip/src/core/tcp.o
                0x00011a90                tcp_recv_null
 .text.tcp_new_ip_type
                0x00011ad4       0x1c ./lwip/src/core/tcp.o
                0x00011ad4                tcp_new_ip_type
 .text.tcp_arg  0x00011af0       0x22 ./lwip/src/core/tcp.o
                0x00011af0                tcp_arg
 .text.tcp_accept
                0x00011b12       0x2e ./lwip/src/core/tcp.o
                0x00011b12                tcp_accept
 .text.tcp_pcb_purge
                0x00011b40       0x78 ./lwip/src/core/tcp.o
                0x00011b40                tcp_pcb_purge
 .text.tcp_eff_send_mss_impl
                0x00011bb8       0x48 ./lwip/src/core/tcp.o
                0x00011bb8                tcp_eff_send_mss_impl
 .text.tcp_netif_ip_addr_changed_pcblist
                0x00011c00       0x42 ./lwip/src/core/tcp.o
 .text.tcp_send_fin
                0x00011c42       0x7e ./lwip/src/core/tcp_out.o
                0x00011c42                tcp_send_fin
 .text.tcp_send_empty_ack
                0x00011cc0       0xdc ./lwip/src/core/tcp_out.o
                0x00011cc0                tcp_send_empty_ack
 .text.tcp_rexmit_rto
                0x00011d9c       0x7e ./lwip/src/core/tcp_out.o
                0x00011d9c                tcp_rexmit_rto
 .text.tcp_rexmit
                0x00011e1a       0xa0 ./lwip/src/core/tcp_out.o
                0x00011e1a                tcp_rexmit
 .text.tcp_rexmit_fast
                0x00011eba       0xae ./lwip/src/core/tcp_out.o
                0x00011eba                tcp_rexmit_fast
 .text.tcp_keepalive
                0x00011f68       0x9e ./lwip/src/core/tcp_out.o
                0x00011f68                tcp_keepalive
 .text.tcp_zero_window_probe
                0x00012006      0x158 ./lwip/src/core/tcp_out.o
                0x00012006                tcp_zero_window_probe
 .text.udp_init
                0x0001215e        0xe ./lwip/src/core/udp.o
                0x0001215e                udp_init
 .text.udp_sendto_if
                0x0001216c       0x7a ./lwip/src/core/udp.o
                0x0001216c                udp_sendto_if
 .text.udp_recv
                0x000121e6       0x24 ./lwip/src/core/udp.o
                0x000121e6                udp_recv
 .text.udp_new  0x0001220a       0x2e ./lwip/src/core/udp.o
                0x0001220a                udp_new
 .text.udp_new_ip_type
                0x00012238       0x1a ./lwip/src/core/udp.o
                0x00012238                udp_new_ip_type
 .text.netconn_apimsg
                0x00012252       0x40 ./lwip/src/api/api_lib.o
 .text.lwip_netconn_do_newconn
                0x00012292       0x58 ./lwip/src/api/api_msg.o
                0x00012292                lwip_netconn_do_newconn
 .text.lwip_netconn_do_bind
                0x000122ea       0xc0 ./lwip/src/api/api_msg.o
                0x000122ea                lwip_netconn_do_bind
 .text.lwip_netconn_do_recv
                0x000123aa       0x98 ./lwip/src/api/api_msg.o
                0x000123aa                lwip_netconn_do_recv
 .text.netbuf_delete
                0x00012442       0x3e ./lwip/src/api/netbuf.o
                0x00012442                netbuf_delete
 .text.ENET_ActiveRead
                0x00012480       0x1c ./lwip/port/ethernetif.o
 .text.low_level_init
                0x0001249c       0x5a ./lwip/port/ethernetif.o
 .text.enet_send_frame
                0x000124f6       0x52 ./lwip/port/ethernetif.o
 .text.enet_get_rx_frame_size
                0x00012548       0x20 ./lwip/port/ethernetif.o
 .text.enet_read_frame
                0x00012568       0x24 ./lwip/port/ethernetif.o
 .text.low_level_input
                0x0001258c      0x130 ./lwip/port/ethernetif.o
 .text.sys_mbox_new
                0x000126bc       0x38 ./lwip/port/sys_arch.o
                0x000126bc                sys_mbox_new
 .text.sys_mbox_free
                0x000126f4       0x40 ./lwip/port/sys_arch.o
                0x000126f4                sys_mbox_free
 .text.sys_arch_mbox_fetch
                0x00012734       0x98 ./lwip/port/sys_arch.o
                0x00012734                sys_arch_mbox_fetch
 .text.sys_arch_mbox_tryfetch
                0x000127cc       0x40 ./lwip/port/sys_arch.o
                0x000127cc                sys_arch_mbox_tryfetch
 .text.sys_sem_new
                0x0001280c       0x7a ./lwip/port/sys_arch.o
                0x0001280c                sys_sem_new
 .text.sys_arch_sem_wait
                0x00012886       0x80 ./lwip/port/sys_arch.o
                0x00012886                sys_arch_sem_wait
 .text.sys_mutex_new
                0x00012906       0x30 ./lwip/port/sys_arch.o
                0x00012906                sys_mutex_new
 .text.sys_mutex_lock
                0x00012936       0x26 ./lwip/port/sys_arch.o
                0x00012936                sys_mutex_lock
 .text.sys_mutex_unlock
                0x0001295c       0x1e ./lwip/port/sys_arch.o
                0x0001295c                sys_mutex_unlock
 .text.sys_sem_signal
                0x0001297a       0x1e ./lwip/port/sys_arch.o
                0x0001297a                sys_sem_signal
 .text.sys_sem_free
                0x00012998       0x1a ./lwip/port/sys_arch.o
                0x00012998                sys_sem_free
 .text.sys_init
                0x000129b2        0xe ./lwip/port/sys_arch.o
                0x000129b2                sys_init
 .text.sys_now  0x000129c0        0xe ./lwip/port/sys_arch.o
                0x000129c0                sys_now
 .text.sys_thread_new
                0x000129ce       0x44 ./lwip/port/sys_arch.o
                0x000129ce                sys_thread_new
 .text.sys_arch_protect
                0x00012a12       0x42 ./lwip/port/sys_arch.o
                0x00012a12                sys_arch_protect
 .text.sys_arch_unprotect
                0x00012a54       0x2c ./lwip/port/sys_arch.o
                0x00012a54                sys_arch_unprotect
 .text.OSC_SetExtRefClkConfig
                0x00012a80       0x34 ./drivers/fsl_clock.o
 .text.OSC_SetCapLoad
                0x00012ab4       0x34 ./drivers/fsl_clock.o
 .text.CLOCK_GetPll0RefFreq
                0x00012ae8        0xe ./drivers/fsl_clock.o
 .text.CLOCK_GetFixedFreqClkFreq
                0x00012af6       0x2e ./drivers/fsl_clock.o
                0x00012af6                CLOCK_GetFixedFreqClkFreq
 .text.CLOCK_EnableClock
                0x00012b24       0x34 ./drivers/fsl_dac.o
 .text.CLOCK_EnableClock
                0x00012b58       0x34 ./drivers/fsl_enet.o
 .text.EnableIRQ
                0x00012b8c       0x2c ./drivers/fsl_enet.o
 .text.ENET_Reset
                0x00012bb8       0x20 ./drivers/fsl_enet.o
 .text.ENET_GetSMI
                0x00012bd8       0x26 ./drivers/fsl_enet.o
 .text.ENET_EnableSleepMode
                0x00012bfe       0x38 ./drivers/fsl_enet.o
 .text.ENET_EnableInterrupts
                0x00012c36       0x22 ./drivers/fsl_enet.o
 .text.ENET_SetMacAddr
                0x00012c58       0x5e ./drivers/fsl_enet.o
                0x00012c58                ENET_SetMacAddr
 .text.ENET_StartSMIWrite
                0x00012cb6       0x50 ./drivers/fsl_enet.o
                0x00012cb6                ENET_StartSMIWrite
 .text.ENET_StartSMIRead
                0x00012d06       0x4a ./drivers/fsl_enet.o
                0x00012d06                ENET_StartSMIRead
 .text.CLOCK_EnableClock
                0x00012d50       0x34 ./drivers/fsl_pit.o
 .text.CLOCK_EnableClock
                0x00012d84       0x34 ./drivers/fsl_uart.o
 .text.UART0_RX_TX_DriverIRQHandler
                0x00012db8       0x10 ./drivers/fsl_uart.o
                0x00012db8                UART0_RX_TX_DriverIRQHandler
 .text.UART1_RX_TX_DriverIRQHandler
                0x00012dc8       0x10 ./drivers/fsl_uart.o
                0x00012dc8                UART1_RX_TX_DriverIRQHandler
 .text.UART2_RX_TX_DriverIRQHandler
                0x00012dd8       0x10 ./drivers/fsl_uart.o
                0x00012dd8                UART2_RX_TX_DriverIRQHandler
 .text.UART3_RX_TX_DriverIRQHandler
                0x00012de8       0x10 ./drivers/fsl_uart.o
                0x00012de8                UART3_RX_TX_DriverIRQHandler
 .text.UART4_RX_TX_DriverIRQHandler
                0x00012df8       0x10 ./drivers/fsl_uart.o
                0x00012df8                UART4_RX_TX_DriverIRQHandler
 .text.UART5_RX_TX_DriverIRQHandler
                0x00012e08       0x10 ./drivers/fsl_uart.o
                0x00012e08                UART5_RX_TX_DriverIRQHandler
 .text.CLOCK_EnableClock
                0x00012e18       0x34 ./board/fsl_phy.o
 .text.ENET_ReadSMIData
                0x00012e4c       0x1a ./board/fsl_phy.o
 .text.ENET_GetInterruptStatus
                0x00012e66       0x18 ./board/fsl_phy.o
 .text.ENET_ClearInterruptStatus
                0x00012e7e       0x1c ./board/fsl_phy.o
 .text.PHY_Write
                0x00012e9a       0x70 ./board/fsl_phy.o
                0x00012e9a                PHY_Write
 .text.CLOCK_EnableClock
                0x00012f0a       0x34 ./board/pin_mux.o
 .text.PORT_SetPinMux
                0x00012f3e       0x3a ./board/pin_mux.o
 .text.pvPortMalloc
                0x00012f78       0x22 ./amazon-freertos/FreeRTOS/portable/heap_3.o
                0x00012f78                pvPortMalloc
 .text.vPortFree
                0x00012f9a       0x24 ./amazon-freertos/FreeRTOS/portable/heap_3.o
                0x00012f9a                vPortFree
 .text.xEventGroupCreate
                0x00012fbe       0x2e ./amazon-freertos/FreeRTOS/event_groups.o
                0x00012fbe                xEventGroupCreate
 .text.xEventGroupSetBits
                0x00012fec      0x112 ./amazon-freertos/FreeRTOS/event_groups.o
                0x00012fec                xEventGroupSetBits
 .text.vEventGroupSetBitsCallback
                0x000130fe       0x1a ./amazon-freertos/FreeRTOS/event_groups.o
                0x000130fe                vEventGroupSetBitsCallback
 .text.prvTestWaitCondition
                0x00013118       0x44 ./amazon-freertos/FreeRTOS/event_groups.o
 .text.vListInitialise
                0x0001315c       0x40 ./amazon-freertos/FreeRTOS/list.o
                0x0001315c                vListInitialise
 .text.vListInitialiseItem
                0x0001319c       0x1a ./amazon-freertos/FreeRTOS/list.o
                0x0001319c                vListInitialiseItem
 .text.vListInsertEnd
                0x000131b6       0x48 ./amazon-freertos/FreeRTOS/list.o
                0x000131b6                vListInsertEnd
 .text.vListInsert
                0x000131fe       0x72 ./amazon-freertos/FreeRTOS/list.o
                0x000131fe                vListInsert
 .text.uxListRemove
                0x00013270       0x54 ./amazon-freertos/FreeRTOS/list.o
                0x00013270                uxListRemove
 .text.xQueueGenericCreate
                0x000132c4       0x72 ./amazon-freertos/FreeRTOS/queue.o
                0x000132c4                xQueueGenericCreate
 .text.prvInitialiseNewQueue
                0x00013336       0x46 ./amazon-freertos/FreeRTOS/queue.o
 .text.prvInitialiseMutex
                0x0001337c       0x34 ./amazon-freertos/FreeRTOS/queue.o
 .text.xQueueCreateMutex
                0x000133b0       0x30 ./amazon-freertos/FreeRTOS/queue.o
                0x000133b0                xQueueCreateMutex
 .text.xQueueCreateCountingSemaphore
                0x000133e0       0x62 ./amazon-freertos/FreeRTOS/queue.o
                0x000133e0                xQueueCreateCountingSemaphore
 .text.xQueueGenericSendFromISR
                0x00013442      0x128 ./amazon-freertos/FreeRTOS/queue.o
                0x00013442                xQueueGenericSendFromISR
 .text.xQueueGiveFromISR
                0x0001356a      0x112 ./amazon-freertos/FreeRTOS/queue.o
                0x0001356a                xQueueGiveFromISR
 .text.uxQueueMessagesWaiting
                0x0001367c       0x3a ./amazon-freertos/FreeRTOS/queue.o
                0x0001367c                uxQueueMessagesWaiting
 .text.vQueueDelete
                0x000136b6       0x3a ./amazon-freertos/FreeRTOS/queue.o
                0x000136b6                vQueueDelete
 .text.prvGetDisinheritPriorityAfterTimeout
                0x000136f0       0x30 ./amazon-freertos/FreeRTOS/queue.o
 .text.prvCopyDataToQueue
                0x00013720       0xd4 ./amazon-freertos/FreeRTOS/queue.o
 .text.prvCopyDataFromQueue
                0x000137f4       0x4c ./amazon-freertos/FreeRTOS/queue.o
 .text.prvUnlockQueue
                0x00013840       0xa4 ./amazon-freertos/FreeRTOS/queue.o
 .text.prvIsQueueEmpty
                0x000138e4       0x2c ./amazon-freertos/FreeRTOS/queue.o
 .text.prvIsQueueFull
                0x00013910       0x30 ./amazon-freertos/FreeRTOS/queue.o
 .text.xQueueIsQueueFullFromISR
                0x00013940       0x46 ./amazon-freertos/FreeRTOS/queue.o
                0x00013940                xQueueIsQueueFullFromISR
 .text.vQueueWaitForMessageRestricted
                0x00013986       0x68 ./amazon-freertos/FreeRTOS/queue.o
                0x00013986                vQueueWaitForMessageRestricted
 .text.xTaskCreate
                0x000139ee       0x82 ./amazon-freertos/FreeRTOS/tasks.o
                0x000139ee                xTaskCreate
 .text.prvInitialiseNewTask
                0x00013a70      0x12a ./amazon-freertos/FreeRTOS/tasks.o
 .text.prvDeleteTCB
                0x00013b9a       0x20 ./amazon-freertos/FreeRTOS/tasks.o
 .text.prvTimerTask
                0x00013bba       0x24 ./amazon-freertos/FreeRTOS/timers.o
 .text.SystemInitHook
                0x00013bde        0xe ./CMSIS/system_MK64F12.o
                0x00013bde                SystemInitHook
 .text.__main   0x00013bec        0xe c:/nxp/mcuxpressoide_10.2.0_759/ide/tools/bin/../lib/gcc/arm-none-eabi/7.2.1/../../../../arm-none-eabi/lib/thumb/v7e-m/fpv4-sp/hard\libcr_semihost_nf.a(_cr__main.o)
                0x00013bec                __CR_SEMIHOST
                0x00013bec                __main
 .text.memcpy   0x00013bfa        0x4 c:/nxp/mcuxpressoide_10.2.0_759/ide/tools/bin/../lib/gcc/arm-none-eabi/7.2.1/../../../../arm-none-eabi/lib/thumb/v7e-m/fpv4-sp/hard\libcr_c.a(memcpy.o)
                0x00013bfa                memcpy
 .text.memset   0x00013bfe        0x4 c:/nxp/mcuxpressoide_10.2.0_759/ide/tools/bin/../lib/gcc/arm-none-eabi/7.2.1/../../../../arm-none-eabi/lib/thumb/v7e-m/fpv4-sp/hard\libcr_c.a(memset.o)
                0x00013bfe                memset
 .text._deferredlazyseek
                0x00013c02       0x40 c:/nxp/mcuxpressoide_10.2.0_759/ide/tools/bin/../lib/gcc/arm-none-eabi/7.2.1/../../../../arm-none-eabi/lib/thumb/v7e-m/fpv4-sp/hard\libcr_c.a(_deferredlazyseek.o)
                0x00013c02                _deferredlazyseek
 .text.__flsbuf
                0x00013c42      0x140 c:/nxp/mcuxpressoide_10.2.0_759/ide/tools/bin/../lib/gcc/arm-none-eabi/7.2.1/../../../../arm-none-eabi/lib/thumb/v7e-m/fpv4-sp/hard\libcr_c.a(_deferredlazyseek.o)
                0x00013c42                __flsbuf
 .text._fflush  0x00013d82       0x52 c:/nxp/mcuxpressoide_10.2.0_759/ide/tools/bin/../lib/gcc/arm-none-eabi/7.2.1/../../../../arm-none-eabi/lib/thumb/v7e-m/fpv4-sp/hard\libcr_c.a(_fflush.o)
                0x00013d82                _fflush
 .text.free     0x00013dd4       0x30 c:/nxp/mcuxpressoide_10.2.0_759/ide/tools/bin/../lib/gcc/arm-none-eabi/7.2.1/../../../../arm-none-eabi/lib/thumb/v7e-m/fpv4-sp/hard\libcr_c.a(alloc.o)
                0x00013dd4                free
 .text.fputs    0x00013e04       0x2c c:/nxp/mcuxpressoide_10.2.0_759/ide/tools/bin/../lib/gcc/arm-none-eabi/7.2.1/../../../../arm-none-eabi/lib/thumb/v7e-m/fpv4-sp/hard\libcr_c.a(fputs.o)
                0x00013e04                fputs
 .text.memcmp   0x00013e30       0x44 c:/nxp/mcuxpressoide_10.2.0_759/ide/tools/bin/../lib/gcc/arm-none-eabi/7.2.1/../../../../arm-none-eabi/lib/thumb/v7e-m/fpv4-sp/hard\libcr_c.a(memcmp.o)
                0x00013e30                memcmp
 .text.no_fp_display
                0x00013e74        0x4 c:/nxp/mcuxpressoide_10.2.0_759/ide/tools/bin/../lib/gcc/arm-none-eabi/7.2.1/../../../../arm-none-eabi/lib/thumb/v7e-m/fpv4-sp/hard\libcr_c.a(printf.o)
 .text.strlen   0x00013e78       0x4a c:/nxp/mcuxpressoide_10.2.0_759/ide/tools/bin/../lib/gcc/arm-none-eabi/7.2.1/../../../../arm-none-eabi/lib/thumb/v7e-m/fpv4-sp/hard\libcr_c.a(strlen.o)
                0x00013e78                strlen
 .text._fdopen  0x00013ec2       0x68 c:/nxp/mcuxpressoide_10.2.0_759/ide/tools/bin/../lib/gcc/arm-none-eabi/7.2.1/../../../../arm-none-eabi/lib/thumb/v7e-m/fpv4-sp/hard\libcr_c.a(_fdopen.o)
                0x00013ec2                _fdopen
 .text.fclose   0x00013f2a       0x58 c:/nxp/mcuxpressoide_10.2.0_759/ide/tools/bin/../lib/gcc/arm-none-eabi/7.2.1/../../../../arm-none-eabi/lib/thumb/v7e-m/fpv4-sp/hard\libcr_c.a(fclose.o)
                0x00013f2a                fclose
 .text.remove   0x00013f82       0x14 c:/nxp/mcuxpressoide_10.2.0_759/ide/tools/bin/../lib/gcc/arm-none-eabi/7.2.1/../../../../arm-none-eabi/lib/thumb/v7e-m/fpv4-sp/hard\libcr_c.a(remove.o)
                0x00013f82                remove
 .text._do_fflush
                0x00013f96       0x40 c:/nxp/mcuxpressoide_10.2.0_759/ide/tools/bin/../lib/gcc/arm-none-eabi/7.2.1/../../../../arm-none-eabi/lib/thumb/v7e-m/fpv4-sp/hard\libcr_c.a(_do_fflush.o)
                0x00013f96                _do_fflush
 .text.__aeabi_division_uldivmod
                0x00013fd6      0x174 c:/nxp/mcuxpressoide_10.2.0_759/ide/tools/bin/../lib/gcc/arm-none-eabi/7.2.1/thumb/v7e-m/fpv4-sp/hard\libcr_eabihelpers.a(division_64.o)
                0x00013fd6                __aeabi_uldivmod
                0x00013fda                __bhs_ldivmod1
 .text.__aeabi_division_idiv0
                0x0001414a        0x2 c:/nxp/mcuxpressoide_10.2.0_759/ide/tools/bin/../lib/gcc/arm-none-eabi/7.2.1/thumb/v7e-m/fpv4-sp/hard\libcr_eabihelpers.a(division_idiv0.o)
                0x0001414a                __aeabi_idiv0
 .text.__aeabi_memcpy
                0x0001414c       0x34 c:/nxp/mcuxpressoide_10.2.0_759/ide/tools/bin/../lib/gcc/arm-none-eabi/7.2.1/thumb/v7e-m/fpv4-sp/hard\libcr_eabihelpers.a(memcpy.o)
                0x0001414c                __aeabi_memcpy
                0x00014156                __aeabi_memcpy8
                0x00014156                __aeabi_memcpy4
 .text.__aeabi_memset_lowlevel
                0x00014180       0x32 c:/nxp/mcuxpressoide_10.2.0_759/ide/tools/bin/../lib/gcc/arm-none-eabi/7.2.1/thumb/v7e-m/fpv4-sp/hard\libcr_eabihelpers.a(memcpy.o)
                0x00014180                __aeabi_lowlevel_memset
 .text.__sys_close
                0x000141b2        0xc c:/nxp/mcuxpressoide_10.2.0_759/ide/tools/bin/../lib/gcc/arm-none-eabi/7.2.1/../../../../arm-none-eabi/lib/thumb/v7e-m/fpv4-sp/hard\libcr_semihost_nf.a(__sys_close.o)
                0x000141b2                __sys_close
 .text.__sys_flen
                0x000141be        0xc c:/nxp/mcuxpressoide_10.2.0_759/ide/tools/bin/../lib/gcc/arm-none-eabi/7.2.1/../../../../arm-none-eabi/lib/thumb/v7e-m/fpv4-sp/hard\libcr_semihost_nf.a(__sys_flen.o)
                0x000141be                __sys_flen
 .text.__sys_istty
                0x000141ca        0xc c:/nxp/mcuxpressoide_10.2.0_759/ide/tools/bin/../lib/gcc/arm-none-eabi/7.2.1/../../../../arm-none-eabi/lib/thumb/v7e-m/fpv4-sp/hard\libcr_semihost_nf.a(__sys_istty.o)
                0x000141ca                __sys_istty
 .text.__sys_remove
                0x000141d6        0xc c:/nxp/mcuxpressoide_10.2.0_759/ide/tools/bin/../lib/gcc/arm-none-eabi/7.2.1/../../../../arm-none-eabi/lib/thumb/v7e-m/fpv4-sp/hard\libcr_semihost_nf.a(__sys_remove.o)
                0x000141d6                __sys_remove
 .text.__sys_seek
                0x000141e2        0xc c:/nxp/mcuxpressoide_10.2.0_759/ide/tools/bin/../lib/gcc/arm-none-eabi/7.2.1/../../../../arm-none-eabi/lib/thumb/v7e-m/fpv4-sp/hard\libcr_semihost_nf.a(__sys_seek.o)
                0x000141e2                __sys_seek
 .text.__sys_tmpnam
                0x000141ee        0xc c:/nxp/mcuxpressoide_10.2.0_759/ide/tools/bin/../lib/gcc/arm-none-eabi/7.2.1/../../../../arm-none-eabi/lib/thumb/v7e-m/fpv4-sp/hard\libcr_semihost_nf.a(__sys_tmpnam.o)
                0x000141ee                __sys_tmpnam
 .text.__sys_write
                0x000141fa        0xc c:/nxp/mcuxpressoide_10.2.0_759/ide/tools/bin/../lib/gcc/arm-none-eabi/7.2.1/../../../../arm-none-eabi/lib/thumb/v7e-m/fpv4-sp/hard\libcr_semihost_nf.a(__sys_write.o)
                0x000141fa                __sys_write
 *(SORT_BY_ALIGNMENT(.rodata) SORT_BY_ALIGNMENT(.rodata.*) SORT_BY_ALIGNMENT(.constdata) SORT_BY_ALIGNMENT(.constdata.*))
 *fill*         0x00014206        0x2 ff
 .rodata        0x00014208       0x50 ./utilities/fsl_debug_console.o